Archive member included to satisfy reference by file (symbol)

c:/nxp/mcuxpressoide_10.2.0_759/ide/tools/bin/../lib/gcc/arm-none-eabi/7.2.1/../../../../arm-none-eabi/lib/thumb/v7e-m/fpv4-sp/hard\libcr_c.a(alloc.o)
                              ./source/App.o (malloc)
c:/nxp/mcuxpressoide_10.2.0_759/ide/tools/bin/../lib/gcc/arm-none-eabi/7.2.1/../../../../arm-none-eabi/lib/thumb/v7e-m/fpv4-sp/hard\libcr_c.a(fpprintf.o)
                              ./source/App.o (printf)
c:/nxp/mcuxpressoide_10.2.0_759/ide/tools/bin/../lib/gcc/arm-none-eabi/7.2.1/../../../../arm-none-eabi/lib/thumb/v7e-m/fpv4-sp/hard\libcr_c.a(printf.o)
                              c:/nxp/mcuxpressoide_10.2.0_759/ide/tools/bin/../lib/gcc/arm-none-eabi/7.2.1/../../../../arm-none-eabi/lib/thumb/v7e-m/fpv4-sp/hard\libcr_c.a(fpprintf.o) (__vfprintf)
c:/nxp/mcuxpressoide_10.2.0_759/ide/tools/bin/../lib/gcc/arm-none-eabi/7.2.1/../../../../arm-none-eabi/lib/thumb/v7e-m/fpv4-sp/hard\libcr_c.a(strlen.o)
                              c:/nxp/mcuxpressoide_10.2.0_759/ide/tools/bin/../lib/gcc/arm-none-eabi/7.2.1/../../../../arm-none-eabi/lib/thumb/v7e-m/fpv4-sp/hard\libcr_c.a(printf.o) (strlen)
c:/nxp/mcuxpressoide_10.2.0_759/ide/tools/bin/../lib/gcc/arm-none-eabi/7.2.1/../../../../arm-none-eabi/lib/thumb/v7e-m/fpv4-sp/hard\libcr_c.a(memcpy.o)
                              c:/nxp/mcuxpressoide_10.2.0_759/ide/tools/bin/../lib/gcc/arm-none-eabi/7.2.1/../../../../arm-none-eabi/lib/thumb/v7e-m/fpv4-sp/hard\libcr_c.a(alloc.o) (memcpy)
c:/nxp/mcuxpressoide_10.2.0_759/ide/tools/bin/../lib/gcc/arm-none-eabi/7.2.1/../../../../arm-none-eabi/lib/thumb/v7e-m/fpv4-sp/hard\libcr_c.a(memset.o)
                              c:/nxp/mcuxpressoide_10.2.0_759/ide/tools/bin/../lib/gcc/arm-none-eabi/7.2.1/../../../../arm-none-eabi/lib/thumb/v7e-m/fpv4-sp/hard\libcr_c.a(alloc.o) (memset)
c:/nxp/mcuxpressoide_10.2.0_759/ide/tools/bin/../lib/gcc/arm-none-eabi/7.2.1/../../../../arm-none-eabi/lib/thumb/v7e-m/fpv4-sp/hard\libcr_c.a(__init_alloc.o)
                              c:/nxp/mcuxpressoide_10.2.0_759/ide/tools/bin/../lib/gcc/arm-none-eabi/7.2.1/../../../../arm-none-eabi/lib/thumb/v7e-m/fpv4-sp/hard\libcr_c.a(alloc.o) (__heaps)
c:/nxp/mcuxpressoide_10.2.0_759/ide/tools/bin/../lib/gcc/arm-none-eabi/7.2.1/../../../../arm-none-eabi/lib/thumb/v7e-m/fpv4-sp/hard\libcr_c.a(_cr_sbrk.o)
                              c:/nxp/mcuxpressoide_10.2.0_759/ide/tools/bin/../lib/gcc/arm-none-eabi/7.2.1/../../../../arm-none-eabi/lib/thumb/v7e-m/fpv4-sp/hard\libcr_c.a(alloc.o) (_sbrk)
c:/nxp/mcuxpressoide_10.2.0_759/ide/tools/bin/../lib/gcc/arm-none-eabi/7.2.1/../../../../arm-none-eabi/lib/thumb/v7e-m/fpv4-sp/hard\libcr_c.a(_deferredlazyseek.o)
                              c:/nxp/mcuxpressoide_10.2.0_759/ide/tools/bin/../lib/gcc/arm-none-eabi/7.2.1/../../../../arm-none-eabi/lib/thumb/v7e-m/fpv4-sp/hard\libcr_c.a(fpprintf.o) (__flsbuf)
c:/nxp/mcuxpressoide_10.2.0_759/ide/tools/bin/../lib/gcc/arm-none-eabi/7.2.1/../../../../arm-none-eabi/lib/thumb/v7e-m/fpv4-sp/hard\libcr_c.a(_fflush.o)
                              c:/nxp/mcuxpressoide_10.2.0_759/ide/tools/bin/../lib/gcc/arm-none-eabi/7.2.1/../../../../arm-none-eabi/lib/thumb/v7e-m/fpv4-sp/hard\libcr_c.a(_deferredlazyseek.o) (_fflush)
c:/nxp/mcuxpressoide_10.2.0_759/ide/tools/bin/../lib/gcc/arm-none-eabi/7.2.1/../../../../arm-none-eabi/lib/thumb/v7e-m/fpv4-sp/hard\libcr_c.a(_frexpl.o)
                              c:/nxp/mcuxpressoide_10.2.0_759/ide/tools/bin/../lib/gcc/arm-none-eabi/7.2.1/../../../../arm-none-eabi/lib/thumb/v7e-m/fpv4-sp/hard\libcr_c.a(fpprintf.o) (_frexpl)
c:/nxp/mcuxpressoide_10.2.0_759/ide/tools/bin/../lib/gcc/arm-none-eabi/7.2.1/../../../../arm-none-eabi/lib/thumb/v7e-m/fpv4-sp/hard\libcr_c.a(_ldexpl.o)
                              c:/nxp/mcuxpressoide_10.2.0_759/ide/tools/bin/../lib/gcc/arm-none-eabi/7.2.1/../../../../arm-none-eabi/lib/thumb/v7e-m/fpv4-sp/hard\libcr_c.a(fpprintf.o) (_ldexpl)
c:/nxp/mcuxpressoide_10.2.0_759/ide/tools/bin/../lib/gcc/arm-none-eabi/7.2.1/../../../../arm-none-eabi/lib/thumb/v7e-m/fpv4-sp/hard\libcr_c.a(_writebuf.o)
                              c:/nxp/mcuxpressoide_10.2.0_759/ide/tools/bin/../lib/gcc/arm-none-eabi/7.2.1/../../../../arm-none-eabi/lib/thumb/v7e-m/fpv4-sp/hard\libcr_c.a(_deferredlazyseek.o) (_Cwritebuf)
c:/nxp/mcuxpressoide_10.2.0_759/ide/tools/bin/../lib/gcc/arm-none-eabi/7.2.1/../../../../arm-none-eabi/lib/thumb/v7e-m/fpv4-sp/hard\libcr_c.a(errno.o)
                              c:/nxp/mcuxpressoide_10.2.0_759/ide/tools/bin/../lib/gcc/arm-none-eabi/7.2.1/../../../../arm-none-eabi/lib/thumb/v7e-m/fpv4-sp/hard\libcr_c.a(_cr_sbrk.o) (errno)
c:/nxp/mcuxpressoide_10.2.0_759/ide/tools/bin/../lib/gcc/arm-none-eabi/7.2.1/../../../../arm-none-eabi/lib/thumb/v7e-m/fpv4-sp/hard\libcr_c.a(fseek.o)
[...]
Memory Configuration

Name             Origin             Length             Attributes
PROGRAM_FLASH    0x00000000         0x00100000         xr
SRAM_UPPER       0x20000000         0x00030000         xrw
SRAM_LOWER       0x1fff0000         0x00010000         xrw
FLEX_RAM         0x14000000         0x00001000         xrw
*default*        0x00000000         0xffffffff

Linker script and memory map

LOAD ./source/timer/SysTick.o
LOAD ./source/timer/timer.o
LOAD ./source/drivers/src/encoder.o
LOAD ./source/drivers/src/magDriver.o
LOAD ./source/MCAL/gpio.o
LOAD ./source/App.o
LOAD ./SDK/startup/hardware.o
LOAD ./SDK/startup/main.o
LOAD ./SDK/startup/semihost_hardfault.o
LOAD ./SDK/startup/startup_mk64f12.o
LOAD ./SDK/CMSIS/system_MK64F12.o
START GROUP
LOAD c:/nxp/mcuxpressoide_10.2.0_759/ide/tools/bin/../lib/gcc/arm-none-eabi/7.2.1/../../../../arm-none-eabi/lib/thumb/v7e-m/fpv4-sp/hard\libcr_semihost_nf.a
LOAD c:/nxp/mcuxpressoide_10.2.0_759/ide/tools/bin/../lib/gcc/arm-none-eabi/7.2.1/../../../../arm-none-eabi/lib/thumb/v7e-m/fpv4-sp/hard\libcr_c.a
LOAD c:/nxp/mcuxpressoide_10.2.0_759/ide/tools/bin/../lib/gcc/arm-none-eabi/7.2.1/thumb/v7e-m/fpv4-sp/hard\libcr_eabihelpers.a
END GROUP
                0x00000000                __base_PROGRAM_FLASH = 0x0
                0x00000000                __base_Flash = 0x0
                0x00100000                __top_PROGRAM_FLASH = 0x100000
                0x00100000                __top_Flash = 0x100000
                0x20000000                __base_SRAM_UPPER = 0x20000000
                0x20000000                __base_RAM = 0x20000000
                0x20030000                __top_SRAM_UPPER = 0x20030000
                0x20030000                __top_RAM = 0x20030000
                0x1fff0000                __base_SRAM_LOWER = 0x1fff0000
                0x1fff0000                __base_RAM2 = 0x1fff0000
                0x20000000                __top_SRAM_LOWER = 0x20000000
                0x20000000                __top_RAM2 = 0x20000000
                0x14000000                __base_FLEX_RAM = 0x14000000
                0x14000000                __base_RAM3 = 0x14000000
                0x14001000                __top_FLEX_RAM = 0x14001000
                0x14001000                __top_RAM3 = 0x14001000

.text           0x00000000     0x4310
 FILL mask 0xff
                0x00000000                __vectors_start__ = ABSOLUTE (.)
 *(SORT_BY_ALIGNMENT(.isr_vector))
 .isr_vector    0x00000000      0x198 ./SDK/startup/startup_mk64f12.o
                0x00000000                g_pfnVectors
                0x00000000                __Vectors
                0x00000198                . = ALIGN (0x4)
                0x00000198                __section_table_start = .
                0x00000198                __data_section_table = .
                0x00000198        0x4 LONG 0x4310 LOADADDR (.data)
                0x0000019c        0x4 LONG 0x20000000 ADDR (.data)
                0x000001a0        0x4 LONG 0x38 SIZEOF (.data)
                0x000001a4        0x4 LONG 0x4310 LOADADDR (.data_RAM2)
                0x000001a8        0x4 LONG 0x1fff0000 ADDR (.data_RAM2)
                0x000001ac        0x4 LONG 0x0 SIZEOF (.data_RAM2)
                0x000001b0        0x4 LONG 0x4310 LOADADDR (.data_RAM3)
                0x000001b4        0x4 LONG 0x14000000 ADDR (.data_RAM3)
                0x000001b8        0x4 LONG 0x0 SIZEOF (.data_RAM3)
                0x000001bc                __data_section_table_end = .
                0x000001bc                __bss_section_table = .
                0x000001bc        0x4 LONG 0x20000038 ADDR (.bss)
                0x000001c0        0x4 LONG 0x438 SIZEOF (.bss)
                0x000001c4        0x4 LONG 0x1fff0000 ADDR (.bss_RAM2)
                0x000001c8        0x4 LONG 0x0 SIZEOF (.bss_RAM2)
                0x000001cc        0x4 LONG 0x14000000 ADDR (.bss_RAM3)
                0x000001d0        0x4 LONG 0x0 SIZEOF (.bss_RAM3)
                0x000001d4                __bss_section_table_end = .
                0x000001d4                __section_table_end = .
 *(SORT_BY_ALIGNMENT(.after_vectors*))
 .after_vectors.reset
                0x000001d4       0x4c ./SDK/startup/startup_mk64f12.o
                0x000001d4                ResetISR
 .after_vectors.init_data
                0x00000220       0x1e ./SDK/startup/startup_mk64f12.o
                0x00000220                data_init
 .after_vectors.init_bss
                0x0000023e       0x12 ./SDK/startup/startup_mk64f12.o
                0x0000023e                bss_init
 .after_vectors
                0x00000250       0x14 ./SDK/startup/startup_mk64f12.o
                0x00000250                NMI_Handler
                0x00000254                MemManage_Handler
                0x00000256                BusFault_Handler
                0x00000258                UsageFault_Handler
                0x0000025a                SVC_Handler
                0x0000025c                DebugMon_Handler
                0x0000025e                PendSV_Handler
                0x00000262                DMA_Error_DriverIRQHandler
                0x00000262                LPTMR0_DriverIRQHandler
                0x00000262                FTM1_DriverIRQHandler
                0x00000262                FTM2_DriverIRQHandler
                0x00000262                PIT2_DriverIRQHandler
                0x00000262                SDHC_DriverIRQHandler
                0x00000262                I2S0_Tx_DriverIRQHandler
                0x00000262                RTC_Seconds_DriverIRQHandler
                0x00000262                DMA6_DriverIRQHandler
                0x00000262                LLWU_DriverIRQHandler
                0x00000262                MCM_DriverIRQHandler
                0x00000262                MCG_DriverIRQHandler
                0x00000262                ENET_1588_Timer_DriverIRQHandler
                0x00000262                I2C2_DriverIRQHandler
                0x00000262                DAC1_DriverIRQHandler
                0x00000262                SPI1_DriverIRQHandler
                0x00000262                CMP1_DriverIRQHandler
                0x00000262                UART5_RX_TX_DriverIRQHandler
                0x00000262                FTM0_DriverIRQHandler
                0x00000262                IntDefaultHandler
                0x00000262                USB0_DriverIRQHandler
                0x00000262                UART5_ERR_DriverIRQHandler
                0x00000262                PORTC_DriverIRQHandler
                0x00000262                DMA11_DriverIRQHandler
                0x00000262                DAC0_DriverIRQHandler
                0x00000262                DMA10_DriverIRQHandler
                0x00000262                CMP2_DriverIRQHandler
                0x00000262                UART2_ERR_DriverIRQHandler
                0x00000262                SPI2_DriverIRQHandler
                0x00000262                LVD_LVW_DriverIRQHandler
                0x00000262                PIT0_DriverIRQHandler
                0x00000262                RNG_DriverIRQHandler
                0x00000262                DMA5_DriverIRQHandler
                0x00000262                DMA12_DriverIRQHandler
                0x00000262                UART2_RX_TX_DriverIRQHandler
                0x00000262                USBDCD_DriverIRQHandler
                0x00000262                UART3_ERR_DriverIRQHandler
                0x00000262                DMA3_DriverIRQHandler
                0x00000262                DMA8_DriverIRQHandler
                0x00000262                DMA9_DriverIRQHandler
                0x00000262                UART0_ERR_DriverIRQHandler
                0x00000262                CMT_DriverIRQHandler
                0x00000262                Reserved71_DriverIRQHandler
                0x00000262                ADC1_DriverIRQHandler
                0x00000262                PORTA_DriverIRQHandler
                0x00000262                DMA14_DriverIRQHandler
                0x00000262                PIT3_DriverIRQHandler
                0x00000262                PIT1_DriverIRQHandler
                0x00000262                WDOG_EWM_DriverIRQHandler
                0x00000262                PDB0_DriverIRQHandler
                0x00000262                RTC_DriverIRQHandler
                0x00000262                I2S0_Rx_DriverIRQHandler
                0x00000262                Read_Collision_DriverIRQHandler
                0x00000262                SWI_DriverIRQHandler
                0x00000262                UART4_RX_TX_DriverIRQHandler
                0x00000262                UART4_ERR_DriverIRQHandler
                0x00000262                PORTB_DriverIRQHandler
                0x00000262                UART0_LON_DriverIRQHandler
                0x00000262                DMA0_DriverIRQHandler
                0x00000262                DMA1_DriverIRQHandler
                0x00000262                I2C1_DriverIRQHandler
                0x00000262                UART3_RX_TX_DriverIRQHandler
                0x00000262                ENET_Receive_DriverIRQHandler
                0x00000262                DMA13_DriverIRQHandler
                0x00000262                ENET_Error_DriverIRQHandler
                0x00000262                DMA15_DriverIRQHandler
                0x00000262                UART0_RX_TX_DriverIRQHandler
                0x00000262                SPI0_DriverIRQHandler
                0x00000262                ADC0_DriverIRQHandler
                0x00000262                CMP0_DriverIRQHandler
                0x00000262                CAN0_DriverIRQHandler
                0x00000262                FTM3_DriverIRQHandler
                0x00000262                DMA4_DriverIRQHandler
                0x00000262                UART1_ERR_DriverIRQHandler
                0x00000262                DMA2_DriverIRQHandler
                0x00000262                ENET_Transmit_DriverIRQHandler
                0x00000262                PORTD_DriverIRQHandler
                0x00000262                PORTE_DriverIRQHandler
                0x00000262                FTFE_DriverIRQHandler
                0x00000262                I2C0_DriverIRQHandler
                0x00000262                DMA7_DriverIRQHandler
                0x00000262                UART1_RX_TX_DriverIRQHandler
                0x00000400                . = 0x400
 *fill*         0x00000264      0x19c ff
                0x00000400                PROVIDE (__FLASH_CONFIG_START__, .)
 *(SORT_BY_ALIGNMENT(.FlashConfig))
 .FlashConfig   0x00000400       0x10 ./SDK/startup/startup_mk64f12.o
                0x00000400                Flash_Config
                0x00000410                PROVIDE (__FLASH_CONFIG_END__, .)
                0x00000001                ASSERT (! ((__FLASH_CONFIG_START__ == __FLASH_CONFIG_END__)), Linker Flash Config Support Enabled, but no .FlashConfig section provided within application)
 *(SORT_BY_ALIGNMENT(.text*))
 .text.fp_display
                0x00000410      0x974 c:/nxp/mcuxpressoide_10.2.0_759/ide/tools/bin/../lib/gcc/arm-none-eabi/7.2.1/../../../../arm-none-eabi/lib/thumb/v7e-m/fpv4-sp/hard\libcr_c.a(fpprintf.o)
 *fill*         0x00000d84        0x4 ff
 .text._frexpl  0x00000d88       0x68 c:/nxp/mcuxpressoide_10.2.0_759/ide/tools/bin/../lib/gcc/arm-none-eabi/7.2.1/../../../../arm-none-eabi/lib/thumb/v7e-m/fpv4-sp/hard\libcr_c.a(_frexpl.o)
                0x00000d88                _frexpl
 .text._ldexpl  0x00000df0       0x58 c:/nxp/mcuxpressoide_10.2.0_759/ide/tools/bin/../lib/gcc/arm-none-eabi/7.2.1/../../../../arm-none-eabi/lib/thumb/v7e-m/fpv4-sp/hard\libcr_c.a(_ldexpl.o)
                0x00000df0                _ldexpl
 .text.__NVIC_EnableIRQ
                0x00000e48       0x3c ./source/timer/SysTick.o
 .text.SysTick_Init
                0x00000e84       0x44 ./source/timer/SysTick.o
                0x00000e84                SysTick_Init
 .text.SysTick_Handler
                0x00000ec8       0x34 ./source/timer/SysTick.o
                0x00000ec8                SysTick_Handler
 .text.timerInit
                0x00000efc       0x24 ./source/timer/timer.o
                0x00000efc                timerInit
 .text.timerGetId
                0x00000f20       0x2c ./source/timer/timer.o
                0x00000f20                timerGetId
 .text.timerStart
                0x00000f4c       0xa4 ./source/timer/timer.o
                0x00000f4c                timerStart
 .text.timerStop
                0x00000ff0       0x44 ./source/timer/timer.o
                0x00000ff0                timerStop
 .text.timerExpired
                0x00001034       0x38 ./source/timer/timer.o
                0x00001034                timerExpired
 .text.timer_isr
                0x0000106c       0xd4 ./source/timer/timer.o
 .text.encInit  0x00001140       0x58 ./source/drivers/src/encoder.o
                0x00001140                encInit
 .text.encGetStatus
                0x00001198       0x28 ./source/drivers/src/encoder.o
                0x00001198                encGetStatus
 .text.encGetEvent
                0x000011c0       0x18 ./source/drivers/src/encoder.o
                0x000011c0                encGetEvent
 .text.encoCallback
                0x000011d8       0x38 ./source/drivers/src/encoder.o
 .text.readPins
                0x00001210       0x40 ./source/drivers/src/encoder.o
 .text.encStatus
                0x00001250      0x240 ./source/drivers/src/encoder.o
 .text.__NVIC_EnableIRQ
                0x00001490       0x3c ./source/drivers/src/magDriver.o
 .text.__NVIC_DisableIRQ
                0x000014cc       0x44 ./source/drivers/src/magDriver.o
 .text.mag_drv_INIT
                0x00001510       0x54 ./source/drivers/src/magDriver.o
                0x00001510                mag_drv_INIT
 .text.mag_drv_LIVE
                0x00001564       0x80 ./source/drivers/src/magDriver.o
                0x00001564                mag_drv_LIVE
 .text.PORTB_IRQHandler
                0x000015e4       0xfc ./source/drivers/src/magDriver.o
                0x000015e4                PORTB_IRQHandler
 .text.mag_get_data_ready
                0x000016e0       0x18 ./source/drivers/src/magDriver.o
                0x000016e0                mag_get_data_ready
 .text.mag_drv_read
                0x000016f8       0x38 ./source/drivers/src/magDriver.o
                0x000016f8                mag_drv_read
 .text.mag_data2bits
                0x00001730      0x1d4 ./source/drivers/src/magDriver.o
                0x00001730                mag_data2bits
 .text.mag_bitstochar
                0x00001904       0x8c ./source/drivers/src/magDriver.o
                0x00001904                mag_bitstochar
 .text.mag_read_end
                0x00001990       0x30 ./source/drivers/src/magDriver.o
                0x00001990                mag_read_end
 .text.gpioMode
                0x000019c0      0x1ac ./source/MCAL/gpio.o
                0x000019c0                gpioMode
 .text.gpioWrite
                0x00001b6c       0x68 ./source/MCAL/gpio.o
                0x00001b6c                gpioWrite
 .text.gpioRead
                0x00001bd4       0x50 ./source/MCAL/gpio.o
                0x00001bd4                gpioRead
 .text.App_Run  0x00001c24      0x38c ./source/App.o
                0x00001c24                App_Run
 .text.print_display
                0x00001fb0       0x4c ./source/App.o
 .text.user_init
                0x00001ffc       0x5c ./source/App.o
 .text.PW_scroll
                0x00002058       0xa8 ./source/App.o
 .text.hw_Init  0x00002100      0x10c ./SDK/startup/hardware.o
                0x00002100                hw_Init
 .text.hw_EnableInterrupts
                0x0000220c       0x30 ./SDK/startup/hardware.o
                0x0000220c                hw_EnableInterrupts
 .text.hw_DisableInterrupts
                0x0000223c       0x20 ./SDK/startup/hardware.o
                0x0000223c                hw_DisableInterrupts
 .text.SystemInit
                0x0000225c       0x3c ./SDK/CMSIS/system_MK64F12.o
                0x0000225c                SystemInit
 .text.malloc   0x00002298       0xc8 c:/nxp/mcuxpressoide_10.2.0_759/ide/tools/bin/../lib/gcc/arm-none-eabi/7.2.1/../../../../arm-none-eabi/lib/thumb/v7e-m/fpv4-sp/hard\libcr_c.a(alloc.o)
                0x00002298                malloc
 .text._Csys_alloc
                0x00002360       0x20 c:/nxp/mcuxpressoide_10.2.0_759/ide/tools/bin/../lib/gcc/arm-none-eabi/7.2.1/../../../../arm-none-eabi/lib/thumb/v7e-m/fpv4-sp/hard\libcr_c.a(alloc.o)
                0x00002360                _Csys_alloc
 .text.sprintf  0x00002380       0x6c c:/nxp/mcuxpressoide_10.2.0_759/ide/tools/bin/../lib/gcc/arm-none-eabi/7.2.1/../../../../arm-none-eabi/lib/thumb/v7e-m/fpv4-sp/hard\libcr_c.a(fpprintf.o)
                0x00002380                sprintf
 .text.vsnprintf
                0x000023ec       0x5c c:/nxp/mcuxpressoide_10.2.0_759/ide/tools/bin/../lib/gcc/arm-none-eabi/7.2.1/../../../../arm-none-eabi/lib/thumb/v7e-m/fpv4-sp/hard\libcr_c.a(fpprintf.o)
                0x000023ec                vsnprintf
 .text.printf   0x00002448       0x54 c:/nxp/mcuxpressoide_10.2.0_759/ide/tools/bin/../lib/gcc/arm-none-eabi/7.2.1/../../../../arm-none-eabi/lib/thumb/v7e-m/fpv4-sp/hard\libcr_c.a(fpprintf.o)
                0x00002448                printf
 .text.__vfprintf
                0x0000249c      0xb98 c:/nxp/mcuxpressoide_10.2.0_759/ide/tools/bin/../lib/gcc/arm-none-eabi/7.2.1/../../../../arm-none-eabi/lib/thumb/v7e-m/fpv4-sp/hard\libcr_c.a(printf.o)
                0x0000249c                __vfprintf
 .text._sbrk    0x00003034       0x3c c:/nxp/mcuxpressoide_10.2.0_759/ide/tools/bin/../lib/gcc/arm-none-eabi/7.2.1/../../../../arm-none-eabi/lib/thumb/v7e-m/fpv4-sp/hard\libcr_c.a(_cr_sbrk.o)
                0x00003034                _sbrk
 .text._Cwritebuf
                0x00003070       0x6c c:/nxp/mcuxpressoide_10.2.0_759/ide/tools/bin/../lib/gcc/arm-none-eabi/7.2.1/../../../../arm-none-eabi/lib/thumb/v7e-m/fpv4-sp/hard\libcr_c.a(_writebuf.o)
                0x00003070                _Cwritebuf
 .text.fseek    0x000030dc      0x100 c:/nxp/mcuxpressoide_10.2.0_759/ide/tools/bin/../lib/gcc/arm-none-eabi/7.2.1/../../../../arm-none-eabi/lib/thumb/v7e-m/fpv4-sp/hard\libcr_c.a(fseek.o)
                0x000030dc                fseek
 .text.ftell    0x000031dc       0x44 c:/nxp/mcuxpressoide_10.2.0_759/ide/tools/bin/../lib/gcc/arm-none-eabi/7.2.1/../../../../arm-none-eabi/lib/thumb/v7e-m/fpv4-sp/hard\libcr_c.a(ftell.o)
                0x000031dc                ftell
 .text.__check_heap_overflow
                0x00003220       0x18 c:/nxp/mcuxpressoide_10.2.0_759/ide/tools/bin/../lib/gcc/arm-none-eabi/7.2.1/../../../../arm-none-eabi/lib/thumb/v7e-m/fpv4-sp/hard\libcr_c.a(_cr_check_heap.o)
                0x00003220                __check_heap_overflow
 .text.__aeabi_dmul
                0x00003238      0x11c c:/nxp/mcuxpressoide_10.2.0_759/ide/tools/bin/../lib/gcc/arm-none-eabi/7.2.1/thumb/v7e-m/fpv4-sp/hard\libcr_eabihelpers.a(double.o)
                0x00003238                __aeabi_dmul
 .text.__aeabi_ddiv
                0x00003354      0x138 c:/nxp/mcuxpressoide_10.2.0_759/ide/tools/bin/../lib/gcc/arm-none-eabi/7.2.1/thumb/v7e-m/fpv4-sp/hard\libcr_eabihelpers.a(double.o)
                0x00003354                __aeabi_ddiv
 .text.__aeabi_dsub
                0x0000348c      0x1b4 c:/nxp/mcuxpressoide_10.2.0_759/ide/tools/bin/../lib/gcc/arm-none-eabi/7.2.1/thumb/v7e-m/fpv4-sp/hard\libcr_eabihelpers.a(double.o)
                0x0000348c                __aeabi_dsub
 .text.__aeabi_dadd
                0x00003640      0x10c c:/nxp/mcuxpressoide_10.2.0_759/ide/tools/bin/../lib/gcc/arm-none-eabi/7.2.1/thumb/v7e-m/fpv4-sp/hard\libcr_eabihelpers.a(double.o)
                0x00003640                __aeabi_dadd
 .text.__sys_appexit
                0x0000374c        0xc c:/nxp/mcuxpressoide_10.2.0_759/ide/tools/bin/../lib/gcc/arm-none-eabi/7.2.1/../../../../arm-none-eabi/lib/thumb/v7e-m/fpv4-sp/hard\libcr_semihost_nf.a(__sys_appexit.o)
                0x0000374c                __sys_appexit
                0x0000374c                __exit
 .text.App_Init
                0x00003758       0x14 ./source/App.o
                0x00003758                App_Init
 .text.encoder_control
                0x0000376c       0x94 ./source/App.o
 .text.user_verify
                0x00003800       0x8a ./source/App.o
 .text.compare_array
                0x0000388a       0x46 ./source/App.o
 .text.write_array
                0x000038d0       0x3c ./source/App.o
 .text.ID_scroll
                0x0000390c       0xd6 ./source/App.o
 .text.main     0x000039e2       0x1a ./SDK/startup/main.o
                0x000039e2                main
 .text.HardFault_Handler
                0x000039fc       0x2c ./SDK/startup/semihost_hardfault.o
                0x000039fc                HardFault_Handler
 .text.DMA0_IRQHandler
                0x00003a28        0x8 ./SDK/startup/startup_mk64f12.o
                0x00003a28                DMA0_IRQHandler
 .text.DMA1_IRQHandler
                0x00003a30        0x8 ./SDK/startup/startup_mk64f12.o
                0x00003a30                DMA1_IRQHandler
 .text.DMA2_IRQHandler
                0x00003a38        0x8 ./SDK/startup/startup_mk64f12.o
                0x00003a38                DMA2_IRQHandler
 .text.DMA3_IRQHandler
                0x00003a40        0x8 ./SDK/startup/startup_mk64f12.o
                0x00003a40                DMA3_IRQHandler
 .text.DMA4_IRQHandler
                0x00003a48        0x8 ./SDK/startup/startup_mk64f12.o
                0x00003a48                DMA4_IRQHandler
 .text.DMA5_IRQHandler
                0x00003a50        0x8 ./SDK/startup/startup_mk64f12.o
                0x00003a50                DMA5_IRQHandler
 .text.DMA6_IRQHandler
                0x00003a58        0x8 ./SDK/startup/startup_mk64f12.o
                0x00003a58                DMA6_IRQHandler
 .text.DMA7_IRQHandler
                0x00003a60        0x8 ./SDK/startup/startup_mk64f12.o
                0x00003a60                DMA7_IRQHandler
 .text.DMA8_IRQHandler
                0x00003a68        0x8 ./SDK/startup/startup_mk64f12.o
                0x00003a68                DMA8_IRQHandler
 .text.DMA9_IRQHandler
                0x00003a70        0x8 ./SDK/startup/startup_mk64f12.o
                0x00003a70                DMA9_IRQHandler
 .text.DMA10_IRQHandler
                0x00003a78        0x8 ./SDK/startup/startup_mk64f12.o
                0x00003a78                DMA10_IRQHandler
 .text.DMA11_IRQHandler
                0x00003a80        0x8 ./SDK/startup/startup_mk64f12.o
                0x00003a80                DMA11_IRQHandler
 .text.DMA12_IRQHandler
                0x00003a88        0x8 ./SDK/startup/startup_mk64f12.o
                0x00003a88                DMA12_IRQHandler
 .text.DMA13_IRQHandler
                0x00003a90        0x8 ./SDK/startup/startup_mk64f12.o
                0x00003a90                DMA13_IRQHandler
 .text.DMA14_IRQHandler
                0x00003a98        0x8 ./SDK/startup/startup_mk64f12.o
                0x00003a98                DMA14_IRQHandler
 .text.DMA15_IRQHandler
                0x00003aa0        0x8 ./SDK/startup/startup_mk64f12.o
                0x00003aa0                DMA15_IRQHandler
 .text.DMA_Error_IRQHandler
                0x00003aa8        0x8 ./SDK/startup/startup_mk64f12.o
                0x00003aa8                DMA_Error_IRQHandler
 .text.MCM_IRQHandler
                0x00003ab0        0x8 ./SDK/startup/startup_mk64f12.o
                0x00003ab0                MCM_IRQHandler
 .text.FTFE_IRQHandler
                0x00003ab8        0x8 ./SDK/startup/startup_mk64f12.o
                0x00003ab8                FTFE_IRQHandler
 .text.Read_Collision_IRQHandler
                0x00003ac0        0x8 ./SDK/startup/startup_mk64f12.o
                0x00003ac0                Read_Collision_IRQHandler
 .text.LVD_LVW_IRQHandler
                0x00003ac8        0x8 ./SDK/startup/startup_mk64f12.o
                0x00003ac8                LVD_LVW_IRQHandler
 .text.LLWU_IRQHandler
                0x00003ad0        0x8 ./SDK/startup/startup_mk64f12.o
                0x00003ad0                LLWU_IRQHandler
 .text.WDOG_EWM_IRQHandler
                0x00003ad8        0x8 ./SDK/startup/startup_mk64f12.o
                0x00003ad8                WDOG_EWM_IRQHandler
 .text.RNG_IRQHandler
                0x00003ae0        0x8 ./SDK/startup/startup_mk64f12.o
                0x00003ae0                RNG_IRQHandler
 .text.I2C0_IRQHandler
                0x00003ae8        0x8 ./SDK/startup/startup_mk64f12.o
                0x00003ae8                I2C0_IRQHandler
 .text.I2C1_IRQHandler
                0x00003af0        0x8 ./SDK/startup/startup_mk64f12.o
                0x00003af0                I2C1_IRQHandler
 .text.SPI0_IRQHandler
                0x00003af8        0x8 ./SDK/startup/startup_mk64f12.o
                0x00003af8                SPI0_IRQHandler
 .text.SPI1_IRQHandler
                0x00003b00        0x8 ./SDK/startup/startup_mk64f12.o
                0x00003b00                SPI1_IRQHandler
 .text.I2S0_Tx_IRQHandler
                0x00003b08        0x8 ./SDK/startup/startup_mk64f12.o
                0x00003b08                I2S0_Tx_IRQHandler
 .text.I2S0_Rx_IRQHandler
                0x00003b10        0x8 ./SDK/startup/startup_mk64f12.o
                0x00003b10                I2S0_Rx_IRQHandler
 .text.UART0_LON_IRQHandler
                0x00003b18        0x8 ./SDK/startup/startup_mk64f12.o
                0x00003b18                UART0_LON_IRQHandler
 .text.UART0_RX_TX_IRQHandler
                0x00003b20        0x8 ./SDK/startup/startup_mk64f12.o
                0x00003b20                UART0_RX_TX_IRQHandler
 .text.UART0_ERR_IRQHandler
                0x00003b28        0x8 ./SDK/startup/startup_mk64f12.o
                0x00003b28                UART0_ERR_IRQHandler
 .text.UART1_RX_TX_IRQHandler
                0x00003b30        0x8 ./SDK/startup/startup_mk64f12.o
                0x00003b30                UART1_RX_TX_IRQHandler
 .text.UART1_ERR_IRQHandler
                0x00003b38        0x8 ./SDK/startup/startup_mk64f12.o
                0x00003b38                UART1_ERR_IRQHandler
 .text.UART2_RX_TX_IRQHandler
                0x00003b40        0x8 ./SDK/startup/startup_mk64f12.o
                0x00003b40                UART2_RX_TX_IRQHandler
 .text.UART2_ERR_IRQHandler
                0x00003b48        0x8 ./SDK/startup/startup_mk64f12.o
                0x00003b48                UART2_ERR_IRQHandler
 .text.UART3_RX_TX_IRQHandler
                0x00003b50        0x8 ./SDK/startup/startup_mk64f12.o
                0x00003b50                UART3_RX_TX_IRQHandler
 .text.UART3_ERR_IRQHandler
                0x00003b58        0x8 ./SDK/startup/startup_mk64f12.o
                0x00003b58                UART3_ERR_IRQHandler
 .text.ADC0_IRQHandler
                0x00003b60        0x8 ./SDK/startup/startup_mk64f12.o
                0x00003b60                ADC0_IRQHandler
 .text.CMP0_IRQHandler
                0x00003b68        0x8 ./SDK/startup/startup_mk64f12.o
                0x00003b68                CMP0_IRQHandler
 .text.CMP1_IRQHandler
                0x00003b70        0x8 ./SDK/startup/startup_mk64f12.o
                0x00003b70                CMP1_IRQHandler
 .text.FTM0_IRQHandler
                0x00003b78        0x8 ./SDK/startup/startup_mk64f12.o
                0x00003b78                FTM0_IRQHandler
 .text.FTM1_IRQHandler
                0x00003b80        0x8 ./SDK/startup/startup_mk64f12.o
                0x00003b80                FTM1_IRQHandler
 .text.FTM2_IRQHandler
                0x00003b88        0x8 ./SDK/startup/startup_mk64f12.o
                0x00003b88                FTM2_IRQHandler
 .text.CMT_IRQHandler
                0x00003b90        0x8 ./SDK/startup/startup_mk64f12.o
                0x00003b90                CMT_IRQHandler
 .text.RTC_IRQHandler
                0x00003b98        0x8 ./SDK/startup/startup_mk64f12.o
                0x00003b98                RTC_IRQHandler
 .text.RTC_Seconds_IRQHandler
                0x00003ba0        0x8 ./SDK/startup/startup_mk64f12.o
                0x00003ba0                RTC_Seconds_IRQHandler
 .text.PIT0_IRQHandler
                0x00003ba8        0x8 ./SDK/startup/startup_mk64f12.o
                0x00003ba8                PIT0_IRQHandler
 .text.PIT1_IRQHandler
                0x00003bb0        0x8 ./SDK/startup/startup_mk64f12.o
                0x00003bb0                PIT1_IRQHandler
 .text.PIT2_IRQHandler
                0x00003bb8        0x8 ./SDK/startup/startup_mk64f12.o
                0x00003bb8                PIT2_IRQHandler
 .text.PIT3_IRQHandler
                0x00003bc0        0x8 ./SDK/startup/startup_mk64f12.o
                0x00003bc0                PIT3_IRQHandler
 .text.PDB0_IRQHandler
                0x00003bc8        0x8 ./SDK/startup/startup_mk64f12.o
                0x00003bc8                PDB0_IRQHandler
 .text.USB0_IRQHandler
                0x00003bd0        0x8 ./SDK/startup/startup_mk64f12.o
                0x00003bd0                USB0_IRQHandler
 .text.USBDCD_IRQHandler
                0x00003bd8        0x8 ./SDK/startup/startup_mk64f12.o
                0x00003bd8                USBDCD_IRQHandler
 .text.Reserved71_IRQHandler
                0x00003be0        0x8 ./SDK/startup/startup_mk64f12.o
                0x00003be0                Reserved71_IRQHandler
 .text.DAC0_IRQHandler
                0x00003be8        0x8 ./SDK/startup/startup_mk64f12.o
                0x00003be8                DAC0_IRQHandler
 .text.MCG_IRQHandler
                0x00003bf0        0x8 ./SDK/startup/startup_mk64f12.o
                0x00003bf0                MCG_IRQHandler
 .text.LPTMR0_IRQHandler
                0x00003bf8        0x8 ./SDK/startup/startup_mk64f12.o
                0x00003bf8                LPTMR0_IRQHandler
 .text.PORTA_IRQHandler
                0x00003c00        0x8 ./SDK/startup/startup_mk64f12.o
                0x00003c00                PORTA_IRQHandler
 .text.PORTC_IRQHandler
                0x00003c08        0x8 ./SDK/startup/startup_mk64f12.o
                0x00003c08                PORTC_IRQHandler
 .text.PORTD_IRQHandler
                0x00003c10        0x8 ./SDK/startup/startup_mk64f12.o
                0x00003c10                PORTD_IRQHandler
 .text.PORTE_IRQHandler
                0x00003c18        0x8 ./SDK/startup/startup_mk64f12.o
                0x00003c18                PORTE_IRQHandler
 .text.SWI_IRQHandler
                0x00003c20        0x8 ./SDK/startup/startup_mk64f12.o
                0x00003c20                SWI_IRQHandler
 .text.SPI2_IRQHandler
                0x00003c28        0x8 ./SDK/startup/startup_mk64f12.o
                0x00003c28                SPI2_IRQHandler
 .text.UART4_RX_TX_IRQHandler
                0x00003c30        0x8 ./SDK/startup/startup_mk64f12.o
                0x00003c30                UART4_RX_TX_IRQHandler
 .text.UART4_ERR_IRQHandler
                0x00003c38        0x8 ./SDK/startup/startup_mk64f12.o
                0x00003c38                UART4_ERR_IRQHandler
 .text.UART5_RX_TX_IRQHandler
                0x00003c40        0x8 ./SDK/startup/startup_mk64f12.o
                0x00003c40                UART5_RX_TX_IRQHandler
 .text.UART5_ERR_IRQHandler
                0x00003c48        0x8 ./SDK/startup/startup_mk64f12.o
                0x00003c48                UART5_ERR_IRQHandler
 .text.CMP2_IRQHandler
                0x00003c50        0x8 ./SDK/startup/startup_mk64f12.o
                0x00003c50                CMP2_IRQHandler
 .text.FTM3_IRQHandler
                0x00003c58        0x8 ./SDK/startup/startup_mk64f12.o
                0x00003c58                FTM3_IRQHandler
 .text.DAC1_IRQHandler
                0x00003c60        0x8 ./SDK/startup/startup_mk64f12.o
                0x00003c60                DAC1_IRQHandler
 .text.ADC1_IRQHandler
                0x00003c68        0x8 ./SDK/startup/startup_mk64f12.o
                0x00003c68                ADC1_IRQHandler
 .text.I2C2_IRQHandler
                0x00003c70        0x8 ./SDK/startup/startup_mk64f12.o
                0x00003c70                I2C2_IRQHandler
 .text.CAN0_ORed_Message_buffer_IRQHandler
                0x00003c78        0x8 ./SDK/startup/startup_mk64f12.o
                0x00003c78                CAN0_ORed_Message_buffer_IRQHandler
 .text.CAN0_Bus_Off_IRQHandler
                0x00003c80        0x8 ./SDK/startup/startup_mk64f12.o
                0x00003c80                CAN0_Bus_Off_IRQHandler
 .text.CAN0_Error_IRQHandler
                0x00003c88        0x8 ./SDK/startup/startup_mk64f12.o
                0x00003c88                CAN0_Error_IRQHandler
 .text.CAN0_Tx_Warning_IRQHandler
                0x00003c90        0x8 ./SDK/startup/startup_mk64f12.o
                0x00003c90                CAN0_Tx_Warning_IRQHandler
 .text.CAN0_Rx_Warning_IRQHandler
                0x00003c98        0x8 ./SDK/startup/startup_mk64f12.o
                0x00003c98                CAN0_Rx_Warning_IRQHandler
 .text.CAN0_Wake_Up_IRQHandler
                0x00003ca0        0x8 ./SDK/startup/startup_mk64f12.o
                0x00003ca0                CAN0_Wake_Up_IRQHandler
 .text.SDHC_IRQHandler
                0x00003ca8        0x8 ./SDK/startup/startup_mk64f12.o
                0x00003ca8                SDHC_IRQHandler
 .text.ENET_1588_Timer_IRQHandler
                0x00003cb0        0x8 ./SDK/startup/startup_mk64f12.o
                0x00003cb0                ENET_1588_Timer_IRQHandler
 .text.ENET_Transmit_IRQHandler
                0x00003cb8        0x8 ./SDK/startup/startup_mk64f12.o
                0x00003cb8                ENET_Transmit_IRQHandler
 .text.ENET_Receive_IRQHandler
                0x00003cc0        0x8 ./SDK/startup/startup_mk64f12.o
                0x00003cc0                ENET_Receive_IRQHandler
 .text.ENET_Error_IRQHandler
                0x00003cc8        0x8 ./SDK/startup/startup_mk64f12.o
                0x00003cc8                ENET_Error_IRQHandler
 .text.SystemInitHook
                0x00003cd0        0xe ./SDK/CMSIS/system_MK64F12.o
                0x00003cd0                SystemInitHook
 .text.free     0x00003cde       0x30 c:/nxp/mcuxpressoide_10.2.0_759/ide/tools/bin/../lib/gcc/arm-none-eabi/7.2.1/../../../../arm-none-eabi/lib/thumb/v7e-m/fpv4-sp/hard\libcr_c.a(alloc.o)
                0x00003cde                free
 .text.fp_round
                0x00003d0e       0x4e c:/nxp/mcuxpressoide_10.2.0_759/ide/tools/bin/../lib/gcc/arm-none-eabi/7.2.1/../../../../arm-none-eabi/lib/thumb/v7e-m/fpv4-sp/hard\libcr_c.a(fpprintf.o)
 .text.pr_dec.constprop.1
                0x00003d5c       0x26 c:/nxp/mcuxpressoide_10.2.0_759/ide/tools/bin/../lib/gcc/arm-none-eabi/7.2.1/../../../../arm-none-eabi/lib/thumb/v7e-m/fpv4-sp/hard\libcr_c.a(fpprintf.o)
 .text.strlen   0x00003d82       0x4a c:/nxp/mcuxpressoide_10.2.0_759/ide/tools/bin/../lib/gcc/arm-none-eabi/7.2.1/../../../../arm-none-eabi/lib/thumb/v7e-m/fpv4-sp/hard\libcr_c.a(strlen.o)
                0x00003d82                strlen
 .text.memset   0x00003dcc        0x4 c:/nxp/mcuxpressoide_10.2.0_759/ide/tools/bin/../lib/gcc/arm-none-eabi/7.2.1/../../../../arm-none-eabi/lib/thumb/v7e-m/fpv4-sp/hard\libcr_c.a(memset.o)
                0x00003dcc                memset
 .text._deferredlazyseek
                0x00003dd0       0x40 c:/nxp/mcuxpressoide_10.2.0_759/ide/tools/bin/../lib/gcc/arm-none-eabi/7.2.1/../../../../arm-none-eabi/lib/thumb/v7e-m/fpv4-sp/hard\libcr_c.a(_deferredlazyseek.o)
                0x00003dd0                _deferredlazyseek
 .text.__flsbuf
                0x00003e10      0x140 c:/nxp/mcuxpressoide_10.2.0_759/ide/tools/bin/../lib/gcc/arm-none-eabi/7.2.1/../../../../arm-none-eabi/lib/thumb/v7e-m/fpv4-sp/hard\libcr_c.a(_deferredlazyseek.o)
                0x00003e10                __flsbuf
 .text._fflush  0x00003f50       0x52 c:/nxp/mcuxpressoide_10.2.0_759/ide/tools/bin/../lib/gcc/arm-none-eabi/7.2.1/../../../../arm-none-eabi/lib/thumb/v7e-m/fpv4-sp/hard\libcr_c.a(_fflush.o)
                0x00003f50                _fflush
 .text.__aeabi_d2iz
                0x00003fa2       0x40 c:/nxp/mcuxpressoide_10.2.0_759/ide/tools/bin/../lib/gcc/arm-none-eabi/7.2.1/thumb/v7e-m/fpv4-sp/hard\libcr_eabihelpers.a(double.o)
                0x00003fa2                __aeabi_d2iz
 .text.__bhs_ui2d
                0x00003fe2       0x46 c:/nxp/mcuxpressoide_10.2.0_759/ide/tools/bin/../lib/gcc/arm-none-eabi/7.2.1/thumb/v7e-m/fpv4-sp/hard\libcr_eabihelpers.a(double.o)
                0x00003fe2                __bhs_ui2d
 .text.__aeabi_i2d
                0x00004028       0x12 c:/nxp/mcuxpressoide_10.2.0_759/ide/tools/bin/../lib/gcc/arm-none-eabi/7.2.1/thumb/v7e-m/fpv4-sp/hard\libcr_eabihelpers.a(double.o)
                0x00004028                __aeabi_i2d
 .text.__aeabi_dcmpeq
                0x0000403a       0x30 c:/nxp/mcuxpressoide_10.2.0_759/ide/tools/bin/../lib/gcc/arm-none-eabi/7.2.1/thumb/v7e-m/fpv4-sp/hard\libcr_eabihelpers.a(double.o)
                0x0000403a                __aeabi_dcmpeq
 .text.__aeabi_dcmplt
                0x0000406a       0x58 c:/nxp/mcuxpressoide_10.2.0_759/ide/tools/bin/../lib/gcc/arm-none-eabi/7.2.1/thumb/v7e-m/fpv4-sp/hard\libcr_eabihelpers.a(double.o)
                0x0000406a                __aeabi_dcmplt
 .text.__aeabi_dcmple
                0x000040c2       0x5a c:/nxp/mcuxpressoide_10.2.0_759/ide/tools/bin/../lib/gcc/arm-none-eabi/7.2.1/thumb/v7e-m/fpv4-sp/hard\libcr_eabihelpers.a(double.o)
                0x000040c2                __aeabi_dcmple
 .text.__aeabi_dcmpge
                0x0000411c       0x58 c:/nxp/mcuxpressoide_10.2.0_759/ide/tools/bin/../lib/gcc/arm-none-eabi/7.2.1/thumb/v7e-m/fpv4-sp/hard\libcr_eabihelpers.a(double.o)
                0x0000411c                __aeabi_dcmpge
 .text.__aeabi_memset_lowlevel
                0x00004174       0x32 c:/nxp/mcuxpressoide_10.2.0_759/ide/tools/bin/../lib/gcc/arm-none-eabi/7.2.1/thumb/v7e-m/fpv4-sp/hard\libcr_eabihelpers.a(memcpy.o)
                0x00004174                __aeabi_lowlevel_memset
 .text.__sys_flen
                0x000041a6        0xc c:/nxp/mcuxpressoide_10.2.0_759/ide/tools/bin/../lib/gcc/arm-none-eabi/7.2.1/../../../../arm-none-eabi/lib/thumb/v7e-m/fpv4-sp/hard\libcr_semihost_nf.a(__sys_flen.o)
                0x000041a6                __sys_flen
 .text.__sys_istty
                0x000041b2        0xc c:/nxp/mcuxpressoide_10.2.0_759/ide/tools/bin/../lib/gcc/arm-none-eabi/7.2.1/../../../../arm-none-eabi/lib/thumb/v7e-m/fpv4-sp/hard\libcr_semihost_nf.a(__sys_istty.o)
                0x000041b2                __sys_istty
 .text.__sys_seek
                0x000041be        0xc c:/nxp/mcuxpressoide_10.2.0_759/ide/tools/bin/../lib/gcc/arm-none-eabi/7.2.1/../../../../arm-none-eabi/lib/thumb/v7e-m/fpv4-sp/hard\libcr_semihost_nf.a(__sys_seek.o)
                0x000041be                __sys_seek
 .text.__sys_write
                0x000041ca        0xc c:/nxp/mcuxpressoide_10.2.0_759/ide/tools/bin/../lib/gcc/arm-none-eabi/7.2.1/../../../../arm-none-eabi/lib/thumb/v7e-m/fpv4-sp/hard\libcr_semihost_nf.a(__sys_write.o)
                0x000041ca                __sys_write
 *(SORT_BY_ALIGNMENT(.rodata) SORT_BY_ALIGNMENT(.rodata.*) SORT_BY_ALIGNMENT(.constdata) SORT_BY_ALIGNMENT(.constdata.*))
 *fill*         0x000041d6        0x2 ff
 .rodata.__huge_vall
                0x000041d8        0x8 c:/nxp/mcuxpressoide_10.2.0_759/ide/tools/bin/../lib/gcc/arm-none-eabi/7.2.1/../../../../arm-none-eabi/lib/thumb/v7e-m/fpv4-sp/hard\libcr_c.a(_hugeval.o)
                0x000041d8                __huge_vall
 .rodata        0x000041e0       0xac ./source/App.o
 .rodata._Csys_alloc.str1.1
                0x0000428c       0x18 c:/nxp/mcuxpressoide_10.2.0_759/ide/tools/bin/../lib/gcc/arm-none-eabi/7.2.1/../../../../arm-none-eabi/lib/thumb/v7e-m/fpv4-sp/hard\libcr_c.a(alloc.o)
 .rodata.fp_display.str1.1
                0x000042a4       0x34 c:/nxp/mcuxpressoide_10.2.0_759/ide/tools/bin/../lib/gcc/arm-none-eabi/7.2.1/../../../../arm-none-eabi/lib/thumb/v7e-m/fpv4-sp/hard\libcr_c.a(fpprintf.o)
                                 0x35 (size before relaxing)
 .rodata.__vfprintf.str1.1
                0x000042d8       0x31 c:/nxp/mcuxpressoide_10.2.0_759/ide/tools/bin/../lib/gcc/arm-none-eabi/7.2.1/../../../../arm-none-eabi/lib/thumb/v7e-m/fpv4-sp/hard\libcr_c.a(printf.o)
                                 0x38 (size before relaxing)
                0x00004310                . = ALIGN (0x8)
 *fill*         0x00004309        0x7 ff

.glue_7         0x00004310        0x0
 .glue_7        0x00004310        0x0 linker stubs

.glue_7t        0x00004310        0x0
 .glue_7t       0x00004310        0x0 linker stubs

.vfp11_veneer   0x00004310        0x0
 .vfp11_veneer  0x00004310        0x0 linker stubs

.v4_bx          0x00004310        0x0
 .v4_bx         0x00004310        0x0 linker stubs

.iplt           0x00004310        0x0
 .iplt          0x00004310        0x0 ./source/timer/SysTick.o

.rel.dyn        0x00004310        0x0
 .rel.iplt      0x00004310        0x0 ./source/timer/SysTick.o

.ARM.extab
 *(SORT_BY_ALIGNMENT(.ARM.extab*) SORT_BY_ALIGNMENT(.gnu.linkonce.armextab.*))
                0x00004310                __exidx_start = .

.ARM.exidx
 *(SORT_BY_ALIGNMENT(.ARM.exidx*) SORT_BY_ALIGNMENT(.gnu.linkonce.armexidx.*))
                0x00004310                __exidx_end = .
                0x00004310                _etext = .

.m_usb_data
 *(SORT_BY_ALIGNMENT(m_usb_bdt))

.data_RAM2      0x1fff0000        0x0 load address 0x00004310
 FILL mask 0xff
                [!provide]                PROVIDE (__start_data_RAM2, .)
 *(SORT_BY_ALIGNMENT(.ramfunc.$RAM2))
 *(SORT_BY_ALIGNMENT(.ramfunc.$SRAM_LOWER))
 *(SORT_BY_ALIGNMENT(.data.$RAM2*))
 *(SORT_BY_ALIGNMENT(.data.$SRAM_LOWER*))
                0x1fff0000                . = ALIGN (0x8)
                [!provide]                PROVIDE (__end_data_RAM2, .)

.data_RAM3      0x14000000        0x0 load address 0x00004310
 FILL mask 0xff
                [!provide]                PROVIDE (__start_data_RAM3, .)
 *(SORT_BY_ALIGNMENT(.ramfunc.$RAM3))
 *(SORT_BY_ALIGNMENT(.ramfunc.$FLEX_RAM))
 *(SORT_BY_ALIGNMENT(.data.$RAM3*))
 *(SORT_BY_ALIGNMENT(.data.$FLEX_RAM*))
                0x14000000                . = ALIGN (0x8)
                [!provide]                PROVIDE (__end_data_RAM3, .)

.uninit_RESERVED
                0x20000000        0x0
 *(SORT_BY_ALIGNMENT(.bss.$RESERVED*))
                0x20000000                . = ALIGN (0x4)
                0x20000000                _end_uninit_RESERVED = .

.data           0x20000000       0x38 load address 0x00004310
 FILL mask 0xff
                0x20000000                _data = .
 *(SORT_BY_ALIGNMENT(vtable))
 *(SORT_BY_ALIGNMENT(.ramfunc*))
 *(SORT_BY_ALIGNMENT(.data*))
 .data.half_bit.8340
                0x20000000        0x4 ./source/drivers/src/magDriver.o
 .data.mask.8347
                0x20000004        0x1 ./source/drivers/src/magDriver.o
 *fill*         0x20000005        0x3 ff
 .data.port_base_pointer
                0x20000008       0x14 ./source/MCAL/gpio.o
 .data.gpio_base_pointer
                0x2000001c       0x14 ./source/MCAL/gpio.o
 .data.status.6516
                0x20000030        0x4 ./source/App.o
 .data.timers_cant
                0x20000034        0x1 ./source/timer/timer.o
 .data.active_flag
                0x20000035        0x1 ./source/drivers/src/magDriver.o
 .data.prev_char.8349
                0x20000036        0x1 ./source/drivers/src/magDriver.o
                0x20000038                . = ALIGN (0x8)
 *fill*         0x20000037        0x1 ff
                0x20000038                _edata = .

.igot.plt       0x20000038        0x0 load address 0x00004348
 .igot.plt      0x20000038        0x0 ./source/timer/SysTick.o

.bss_RAM2       0x1fff0000        0x0
                [!provide]                PROVIDE (__start_bss_RAM2, .)
 *(SORT_BY_ALIGNMENT(.bss.$RAM2*))
 *(SORT_BY_ALIGNMENT(.bss.$SRAM_LOWER*))
                0x1fff0000                . = ALIGN ((. != 0x0)?0x8:0x1)
                [!provide]                PROVIDE (__end_bss_RAM2, .)

.bss_RAM3       0x14000000        0x0
                [!provide]                PROVIDE (__start_bss_RAM3, .)
 *(SORT_BY_ALIGNMENT(.bss.$RAM3*))
 *(SORT_BY_ALIGNMENT(.bss.$FLEX_RAM*))
                0x14000000                . = ALIGN ((. != 0x0)?0x8:0x1)
                [!provide]                PROVIDE (__end_bss_RAM3, .)

.bss            0x20000038      0x438
                0x20000038                _bss = .
 *(SORT_BY_ALIGNMENT(.bss*))
 .bss.st_callback
                0x20000038        0x4 ./source/timer/SysTick.o
 .bss.timers    0x2000003c      0x230 ./source/timer/timer.o
 .bss.final_word
                0x2000026c       0x28 ./source/drivers/src/magDriver.o
 .bss.mag_word  0x20000294       0x28 ./source/drivers/src/magDriver.o
 .bss.data      0x200002bc       0xc8 ./source/drivers/src/magDriver.o
                0x200002bc                data
 .bss.i.8339    0x20000384        0x4 ./source/drivers/src/magDriver.o
 .bss.index.8348
                0x20000388        0x4 ./source/drivers/src/magDriver.o
 .bss.index.8377
                0x2000038c        0x4 ./source/drivers/src/magDriver.o
 .bss.mask.8376
                0x20000390        0x1 ./source/drivers/src/magDriver.o
 *fill*         0x20000391        0x3 
 .bss.temp.8375
                0x20000394        0x1 ./source/drivers/src/magDriver.o
 *fill*         0x20000395        0x3 
 .bss.__LDM_interruptDisableCount
                0x20000398        0x4 ./SDK/startup/hardware.o
 .bss.__end_of_heap
                0x2000039c        0x4 c:/nxp/mcuxpressoide_10.2.0_759/ide/tools/bin/../lib/gcc/arm-none-eabi/7.2.1/../../../../arm-none-eabi/lib/thumb/v7e-m/fpv4-sp/hard\libcr_c.a(__init_alloc.o)
                0x2000039c                __end_of_heap
 .bss.__heaps   0x200003a0        0x4 c:/nxp/mcuxpressoide_10.2.0_759/ide/tools/bin/../lib/gcc/arm-none-eabi/7.2.1/../../../../arm-none-eabi/lib/thumb/v7e-m/fpv4-sp/hard\libcr_c.a(__init_alloc.o)
                0x200003a0                __heaps
 .bss.errno     0x200003a4        0x4 c:/nxp/mcuxpressoide_10.2.0_759/ide/tools/bin/../lib/gcc/arm-none-eabi/7.2.1/../../../../arm-none-eabi/lib/thumb/v7e-m/fpv4-sp/hard\libcr_c.a(errno.o)
                0x200003a4                errno
 .bss.__Ciob    0x200003a8       0xb4 c:/nxp/mcuxpressoide_10.2.0_759/ide/tools/bin/../lib/gcc/arm-none-eabi/7.2.1/../../../../arm-none-eabi/lib/thumb/v7e-m/fpv4-sp/hard\libcr_semihost_nf.a(__ciob.o)
                0x200003a8                __Ciob
 .bss.PINA      0x2000045c        0x1 ./source/drivers/src/encoder.o
 .bss.PINB      0x2000045d        0x1 ./source/drivers/src/encoder.o
 .bss.PINSW     0x2000045e        0x1 ./source/drivers/src/encoder.o
 .bss.status    0x2000045f        0x1 ./source/drivers/src/encoder.o
 .bss.encEvent  0x20000460        0x1 ./source/drivers/src/encoder.o
 .bss.encTimer  0x20000461        0x1 ./source/drivers/src/encoder.o
 .bss.lastSW.5664
                0x20000462        0x1 ./source/drivers/src/encoder.o
 .bss.encFSM.5663
                0x20000463        0x1 ./source/drivers/src/encoder.o
 .bss.word_ready
                0x20000464        0x1 ./source/drivers/src/magDriver.o
 .bss.data_ready
                0x20000465        0x1 ./source/drivers/src/magDriver.o
 .bss.ID_MAG_DRV_LIVE
                0x20000466        0x1 ./source/drivers/src/magDriver.o
 .bss.ID_MAG_DRV_KILL
                0x20000467        0x1 ./source/drivers/src/magDriver.o
 .bss.encoderState
                0x20000468        0x1 ./source/App.o
 *(SORT_BY_ALIGNMENT(COMMON))
                0x20000470                . = ALIGN (0x8)
 *fill*         0x20000469        0x7 
                0x20000470                _ebss = .
                [!provide]                PROVIDE (end, .)

.noinit_RAM2    0x1fff0000        0x0
 *(SORT_BY_ALIGNMENT(.noinit.$RAM2*))
 *(SORT_BY_ALIGNMENT(.noinit.$SRAM_LOWER*))
                0x1fff0000                . = ALIGN (0x8)

.noinit_RAM3    0x14000000        0x0
 *(SORT_BY_ALIGNMENT(.noinit.$RAM3*))
 *(SORT_BY_ALIGNMENT(.noinit.$FLEX_RAM*))
                0x14000000                . = ALIGN (0x8)

.noinit         0x20000470        0x0
                0x20000470                _noinit = .
 *(SORT_BY_ALIGNMENT(.noinit*))
                0x20000470                . = ALIGN (0x8)
                0x20000470                _end_noinit = .
                0x00001000                _HeapSize = 0x1000

.heap           0x20000470     0x1000
                0x20000470                _pvHeapStart = .
                0x20001470                . = (. + _HeapSize)
 *fill*         0x20000470     0x1000 
                0x20001470                . = ALIGN (0x8)
                0x20001470                _pvHeapLimit = .
                0x00001000                _StackSize = 0x1000

.heap2stackfill
                0x20001470     0x1000
                0x20002470                . = (. + _StackSize)
 *fill*         0x20001470     0x1000 

.stack          0x2002f000        0x0
                0x2002f000                _vStackBase = .
                0x2002f000                . = ALIGN (0x8)
                0x20030000                _vStackTop = (. + _StackSize)
                0x00000000                _image_start = LOADADDR (.text)
                0x00004348                _image_end = (LOADADDR (.data) + SIZEOF (.data))
                0x00004348                _image_size = (_image_end - _image_start)
OUTPUT(TP1_G4.axf elf32-littlearm)

.debug_info     0x00000000     0x55ba
 .debug_info    0x00000000      0x53b ./source/timer/SysTick.o
 .debug_info    0x0000053b      0xb71 ./source/timer/timer.o
 .debug_info    0x000010ac      0xab4 ./source/drivers/src/encoder.o
 .debug_info    0x00001b60     0x1188 ./source/drivers/src/magDriver.o
 .debug_info    0x00002ce8      0x542 ./source/MCAL/gpio.o
 .debug_info    0x0000322a      0xd7d ./source/App.o
 .debug_info    0x00003fa7      0x675 ./SDK/startup/hardware.o
 .debug_info    0x0000461c       0xb7 ./SDK/startup/main.o
 .debug_info    0x000046d3       0x3b ./SDK/startup/semihost_hardfault.o
 .debug_info    0x0000470e      0x8b0 ./SDK/startup/startup_mk64f12.o
 .debug_info    0x00004fbe      0x5fc ./SDK/CMSIS/system_MK64F12.o

.debug_abbrev   0x00000000     0x12ce
 .debug_abbrev  0x00000000      0x1ae ./source/timer/SysTick.o
 .debug_abbrev  0x000001ae      0x2b0 ./source/timer/timer.o
 .debug_abbrev  0x0000045e      0x244 ./source/drivers/src/encoder.o
 .debug_abbrev  0x000006a2      0x377 ./source/drivers/src/magDriver.o
 .debug_abbrev  0x00000a19      0x164 ./source/MCAL/gpio.o
 .debug_abbrev  0x00000b7d      0x2d2 ./source/App.o
 .debug_abbrev  0x00000e4f      0x138 ./SDK/startup/hardware.o
 .debug_abbrev  0x00000f87       0x7d ./SDK/startup/main.o
 .debug_abbrev  0x00001004       0x2f ./SDK/startup/semihost_hardfault.o
 .debug_abbrev  0x00001033      0x15c ./SDK/startup/startup_mk64f12.o
 .debug_abbrev  0x0000118f      0x13f ./SDK/CMSIS/system_MK64F12.o

.debug_aranges  0x00000000      0x5e0
 .debug_aranges
                0x00000000       0x30 ./source/timer/SysTick.o
 .debug_aranges
                0x00000030       0x68 ./source/timer/timer.o
 .debug_aranges
                0x00000098       0x48 ./source/drivers/src/encoder.o
 .debug_aranges
                0x000000e0       0x80 ./source/drivers/src/magDriver.o
 .debug_aranges
                0x00000160       0x40 ./source/MCAL/gpio.o
 .debug_aranges
                0x000001a0       0x70 ./source/App.o
 .debug_aranges
                0x00000210       0x30 ./SDK/startup/hardware.o
 .debug_aranges
                0x00000240       0x20 ./SDK/startup/main.o
 .debug_aranges
                0x00000260       0x20 ./SDK/startup/semihost_hardfault.o
 .debug_aranges
                0x00000280      0x330 ./SDK/startup/startup_mk64f12.o
 .debug_aranges
                0x000005b0       0x30 ./SDK/CMSIS/system_MK64F12.o

.debug_ranges   0x00000000      0x530
 .debug_ranges  0x00000000       0x20 ./source/timer/SysTick.o
 .debug_ranges  0x00000020       0x58 ./source/timer/timer.o
 .debug_ranges  0x00000078       0x38 ./source/drivers/src/encoder.o
 .debug_ranges  0x000000b0       0x70 ./source/drivers/src/magDriver.o
 .debug_ranges  0x00000120       0x30 ./source/MCAL/gpio.o
 .debug_ranges  0x00000150       0x60 ./source/App.o
 .debug_ranges  0x000001b0       0x20 ./SDK/startup/hardware.o
 .debug_ranges  0x000001d0       0x10 ./SDK/startup/main.o
 .debug_ranges  0x000001e0       0x10 ./SDK/startup/semihost_hardfault.o
 .debug_ranges  0x000001f0      0x320 ./SDK/startup/startup_mk64f12.o
 .debug_ranges  0x00000510       0x20 ./SDK/CMSIS/system_MK64F12.o

.debug_macro    0x00000000    0x1316a
 .debug_macro   0x00000000       0xe1 ./source/timer/SysTick.o
 .debug_macro   0x000000e1      0xa60 ./source/timer/SysTick.o
 .debug_macro   0x00000b41      0x174 ./source/timer/SysTick.o
 .debug_macro   0x00000cb5      0x34e ./source/timer/SysTick.o
 .debug_macro   0x00001003       0x22 ./source/timer/SysTick.o
 .debug_macro   0x00001025       0x10 ./source/timer/SysTick.o
 .debug_macro   0x00001035       0x5c ./source/timer/SysTick.o
 .debug_macro   0x00001091       0x1c ./source/timer/SysTick.o
 .debug_macro   0x000010ad       0x22 ./source/timer/SysTick.o
 .debug_macro   0x000010cf       0xdf ./source/timer/SysTick.o
 .debug_macro   0x000011ae      0xecf ./source/timer/SysTick.o
 .debug_macro   0x0000207d       0x48 ./source/timer/SysTick.o
 .debug_macro   0x000020c5     0xe07b ./source/timer/SysTick.o
 .debug_macro   0x00010140     0x122b ./source/timer/SysTick.o
 .debug_macro   0x0001136b       0x16 ./source/timer/SysTick.o
 .debug_macro   0x00011381       0x52 ./source/timer/SysTick.o
 .debug_macro   0x000113d3       0x82 ./source/timer/SysTick.o
 .debug_macro   0x00011455      0x1f2 ./source/timer/timer.o
 .debug_macro   0x00011647       0x4c ./source/timer/timer.o
 .debug_macro   0x00011693       0x17 ./source/timer/timer.o
 .debug_macro   0x000116aa       0x22 ./source/timer/timer.o
 .debug_macro   0x000116cc       0x52 ./source/timer/timer.o
 .debug_macro   0x0001171e       0x8d ./source/timer/timer.o
 .debug_macro   0x000117ab       0x35 ./source/timer/timer.o
 .debug_macro   0x000117e0       0x9c ./source/timer/timer.o
 .debug_macro   0x0001187c       0x16 ./source/timer/timer.o
 .debug_macro   0x00011892      0x10e ./source/timer/timer.o
 .debug_macro   0x000119a0       0x8d ./source/timer/timer.o
 .debug_macro   0x00011a2d       0x57 ./source/timer/timer.o
 .debug_macro   0x00011a84       0x58 ./source/timer/timer.o
 .debug_macro   0x00011adc       0x1f ./source/timer/timer.o
 .debug_macro   0x00011afb       0x43 ./source/timer/timer.o
 .debug_macro   0x00011b3e       0x20 ./source/timer/timer.o
 .debug_macro   0x00011b5e      0x18e ./source/timer/timer.o
 .debug_macro   0x00011cec      0x330 ./source/timer/timer.o
 .debug_macro   0x0001201c       0x16 ./source/timer/timer.o
 .debug_macro   0x00012032       0x29 ./source/timer/timer.o
 .debug_macro   0x0001205b       0x1c ./source/timer/timer.o
 .debug_macro   0x00012077       0xd9 ./source/timer/timer.o
 .debug_macro   0x00012150      0x14d ./source/drivers/src/encoder.o
 .debug_macro   0x0001229d      0x2ee ./source/drivers/src/magDriver.o
 .debug_macro   0x0001258b       0x16 ./source/drivers/src/magDriver.o
 .debug_macro   0x000125a1       0x97 ./source/drivers/src/magDriver.o
 .debug_macro   0x00012638       0xfd ./source/drivers/src/magDriver.o
 .debug_macro   0x00012735       0x10 ./source/drivers/src/magDriver.o
 .debug_macro   0x00012745       0x10 ./source/drivers/src/magDriver.o
 .debug_macro   0x00012755       0x6a ./source/drivers/src/magDriver.o
 .debug_macro   0x000127bf       0x1c ./source/drivers/src/magDriver.o
 .debug_macro   0x000127db       0x52 ./source/drivers/src/magDriver.o
 .debug_macro   0x0001282d       0x40 ./source/drivers/src/magDriver.o
 .debug_macro   0x0001286d       0x10 ./source/drivers/src/magDriver.o
 .debug_macro   0x0001287d       0x40 ./source/drivers/src/magDriver.o
 .debug_macro   0x000128bd       0xd7 ./source/drivers/src/magDriver.o
 .debug_macro   0x00012994       0x1c ./source/drivers/src/magDriver.o
 .debug_macro   0x000129b0       0x3d ./source/drivers/src/magDriver.o
 .debug_macro   0x000129ed       0x16 ./source/drivers/src/magDriver.o
 .debug_macro   0x00012a03      0x16f ./source/drivers/src/magDriver.o
 .debug_macro   0x00012b72       0x35 ./source/drivers/src/magDriver.o
 .debug_macro   0x00012ba7       0xaf ./source/MCAL/gpio.o
 .debug_macro   0x00012c56      0x234 ./source/App.o
 .debug_macro   0x00012e8a       0x22 ./source/App.o
 .debug_macro   0x00012eac       0x1c ./source/App.o
 .debug_macro   0x00012ec8       0x88 ./source/App.o
 .debug_macro   0x00012f50       0x28 ./source/App.o
 .debug_macro   0x00012f78       0x9c ./SDK/startup/hardware.o
 .debug_macro   0x00013014       0x9c ./SDK/startup/main.o
 .debug_macro   0x000130b0       0x11 ./SDK/startup/semihost_hardfault.o
 .debug_macro   0x000130c1       0x29 ./SDK/startup/startup_mk64f12.o
 .debug_macro   0x000130ea       0x80 ./SDK/CMSIS/system_MK64F12.o

.debug_line     0x00000000     0x24d7
 .debug_line    0x00000000      0x23f ./source/timer/SysTick.o
 .debug_line    0x0000023f      0x47f ./source/timer/timer.o
 .debug_line    0x000006be      0x43d ./source/drivers/src/encoder.o
 .debug_line    0x00000afb      0x646 ./source/drivers/src/magDriver.o
 .debug_line    0x00001141      0x1ff ./source/MCAL/gpio.o
 .debug_line    0x00001340      0x556 ./source/App.o
 .debug_line    0x00001896      0x1d4 ./SDK/startup/hardware.o
 .debug_line    0x00001a6a      0x175 ./SDK/startup/main.o
 .debug_line    0x00001bdf       0x59 ./SDK/startup/semihost_hardfault.o
 .debug_line    0x00001c38      0x6d8 ./SDK/startup/startup_mk64f12.o
 .debug_line    0x00002310      0x1c7 ./SDK/CMSIS/system_MK64F12.o

.debug_str      0x00000000    0x7d445
 .debug_str     0x00000000    0x77a37 ./source/timer/SysTick.o
                              0x77c8d (size before relaxing)
 .debug_str     0x00077a37     0x32b3 ./source/timer/timer.o
                              0x7a966 (size before relaxing)
 .debug_str     0x0007acea      0x105 ./source/drivers/src/encoder.o
                               0x7125 (size before relaxing)
 .debug_str     0x0007adef     0x16f4 ./source/drivers/src/magDriver.o
                              0x7c448 (size before relaxing)
 .debug_str     0x0007c4e3      0x173 ./source/MCAL/gpio.o
                              0x77267 (size before relaxing)
 .debug_str     0x0007c656      0x3ab ./source/App.o
                               0x8465 (size before relaxing)
 .debug_str     0x0007ca01      0x178 ./SDK/startup/hardware.o
                              0x77211 (size before relaxing)
 .debug_str     0x0007cb79       0x1b ./SDK/startup/main.o
                              0x76fe5 (size before relaxing)
 .debug_str     0x0007cb94       0x36 ./SDK/startup/semihost_hardfault.o
                               0x2d4b (size before relaxing)
 .debug_str     0x0007cbca      0x819 ./SDK/startup/startup_mk64f12.o
                               0x35b9 (size before relaxing)
 .debug_str     0x0007d3e3       0x62 ./SDK/CMSIS/system_MK64F12.o
                              0x77120 (size before relaxing)

.comment        0x00000000       0x7e
 .comment       0x00000000       0x7e ./source/timer/SysTick.o
                                 0x7f (size before relaxing)
 .comment       0x0000007e       0x7f ./source/timer/timer.o
 .comment       0x0000007e       0x7f ./source/drivers/src/encoder.o
 .comment       0x0000007e       0x7f ./source/drivers/src/magDriver.o
 .comment       0x0000007e       0x7f ./source/MCAL/gpio.o
 .comment       0x0000007e       0x7f ./source/App.o
 .comment       0x0000007e       0x7f ./SDK/startup/hardware.o
 .comment       0x0000007e       0x7f ./SDK/startup/main.o
 .comment       0x0000007e       0x7f ./SDK/startup/semihost_hardfault.o
 .comment       0x0000007e       0x7f ./SDK/startup/startup_mk64f12.o
 .comment       0x0000007e       0x7f ./SDK/CMSIS/system_MK64F12.o
 .comment       0x0000007e       0x7f c:/nxp/mcuxpressoide_10.2.0_759/ide/tools/bin/../lib/gcc/arm-none-eabi/7.2.1/../../../../arm-none-eabi/lib/thumb/v7e-m/fpv4-sp/hard\libcr_c.a(alloc.o)
 .comment       0x0000007e       0x7f c:/nxp/mcuxpressoide_10.2.0_759/ide/tools/bin/../lib/gcc/arm-none-eabi/7.2.1/../../../../arm-none-eabi/lib/thumb/v7e-m/fpv4-sp/hard\libcr_c.a(fpprintf.o)
 .comment       0x0000007e       0x7f c:/nxp/mcuxpressoide_10.2.0_759/ide/tools/bin/../lib/gcc/arm-none-eabi/7.2.1/../../../../arm-none-eabi/lib/thumb/v7e-m/fpv4-sp/hard\libcr_c.a(printf.o)
 .comment       0x0000007e       0x7f c:/nxp/mcuxpressoide_10.2.0_759/ide/tools/bin/../lib/gcc/arm-none-eabi/7.2.1/../../../../arm-none-eabi/lib/thumb/v7e-m/fpv4-sp/hard\libcr_c.a(strlen.o)
 .comment       0x0000007e       0x7f c:/nxp/mcuxpressoide_10.2.0_759/ide/tools/bin/../lib/gcc/arm-none-eabi/7.2.1/../../../../arm-none-eabi/lib/thumb/v7e-m/fpv4-sp/hard\libcr_c.a(memset.o)
 .comment       0x0000007e       0x7f c:/nxp/mcuxpressoide_10.2.0_759/ide/tools/bin/../lib/gcc/arm-none-eabi/7.2.1/../../../../arm-none-eabi/lib/thumb/v7e-m/fpv4-sp/hard\libcr_c.a(__init_alloc.o)
 .comment       0x0000007e       0x7f c:/nxp/mcuxpressoide_10.2.0_759/ide/tools/bin/../lib/gcc/arm-none-eabi/7.2.1/../../../../arm-none-eabi/lib/thumb/v7e-m/fpv4-sp/hard\libcr_c.a(_cr_sbrk.o)
 .comment       0x0000007e       0x7f c:/nxp/mcuxpressoide_10.2.0_759/ide/tools/bin/../lib/gcc/arm-none-eabi/7.2.1/../../../../arm-none-eabi/lib/thumb/v7e-m/fpv4-sp/hard\libcr_c.a(_deferredlazyseek.o)
 .comment       0x0000007e       0x7f c:/nxp/mcuxpressoide_10.2.0_759/ide/tools/bin/../lib/gcc/arm-none-eabi/7.2.1/../../../../arm-none-eabi/lib/thumb/v7e-m/fpv4-sp/hard\libcr_c.a(_fflush.o)
 .comment       0x0000007e       0x7f c:/nxp/mcuxpressoide_10.2.0_759/ide/tools/bin/../lib/gcc/arm-none-eabi/7.2.1/../../../../arm-none-eabi/lib/thumb/v7e-m/fpv4-sp/hard\libcr_c.a(_frexpl.o)
 .comment       0x0000007e       0x7f c:/nxp/mcuxpressoide_10.2.0_759/ide/tools/bin/../lib/gcc/arm-none-eabi/7.2.1/../../../../arm-none-eabi/lib/thumb/v7e-m/fpv4-sp/hard\libcr_c.a(_ldexpl.o)
 .comment       0x0000007e       0x7f c:/nxp/mcuxpressoide_10.2.0_759/ide/tools/bin/../lib/gcc/arm-none-eabi/7.2.1/../../../../arm-none-eabi/lib/thumb/v7e-m/fpv4-sp/hard\libcr_c.a(_writebuf.o)
 .comment       0x0000007e       0x7f c:/nxp/mcuxpressoide_10.2.0_759/ide/tools/bin/../lib/gcc/arm-none-eabi/7.2.1/../../../../arm-none-eabi/lib/thumb/v7e-m/fpv4-sp/hard\libcr_c.a(errno.o)
 .comment       0x0000007e       0x7f c:/nxp/mcuxpressoide_10.2.0_759/ide/tools/bin/../lib/gcc/arm-none-eabi/7.2.1/../../../../arm-none-eabi/lib/thumb/v7e-m/fpv4-sp/hard\libcr_c.a(fseek.o)
 .comment       0x0000007e       0x7f c:/nxp/mcuxpressoide_10.2.0_759/ide/tools/bin/../lib/gcc/arm-none-eabi/7.2.1/../../../../arm-none-eabi/lib/thumb/v7e-m/fpv4-sp/hard\libcr_c.a(ftell.o)
 .comment       0x0000007e       0x7f c:/nxp/mcuxpressoide_10.2.0_759/ide/tools/bin/../lib/gcc/arm-none-eabi/7.2.1/../../../../arm-none-eabi/lib/thumb/v7e-m/fpv4-sp/hard\libcr_c.a(_cr_check_heap.o)
 .comment       0x0000007e       0x7f c:/nxp/mcuxpressoide_10.2.0_759/ide/tools/bin/../lib/gcc/arm-none-eabi/7.2.1/../../../../arm-none-eabi/lib/thumb/v7e-m/fpv4-sp/hard\libcr_c.a(_hugeval.o)
 .comment       0x0000007e       0x7f c:/nxp/mcuxpressoide_10.2.0_759/ide/tools/bin/../lib/gcc/arm-none-eabi/7.2.1/thumb/v7e-m/fpv4-sp/hard\libcr_eabihelpers.a(double.o)
 .comment       0x0000007e       0x7f c:/nxp/mcuxpressoide_10.2.0_759/ide/tools/bin/../lib/gcc/arm-none-eabi/7.2.1/../../../../arm-none-eabi/lib/thumb/v7e-m/fpv4-sp/hard\libcr_semihost_nf.a(__ciob.o)

.ARM.attributes
                0x00000000       0x37
 .ARM.attributes
                0x00000000       0x39 ./source/timer/SysTick.o
 .ARM.attributes
                0x00000039       0x39 ./source/timer/timer.o
 .ARM.attributes
                0x00000072       0x39 ./source/drivers/src/encoder.o
 .ARM.attributes
                0x000000ab       0x39 ./source/drivers/src/magDriver.o
 .ARM.attributes
                0x000000e4       0x39 ./source/MCAL/gpio.o
 .ARM.attributes
                0x0000011d       0x39 ./source/App.o
 .ARM.attributes
                0x00000156       0x39 ./SDK/startup/hardware.o
 .ARM.attributes
                0x0000018f       0x39 ./SDK/startup/main.o
 .ARM.attributes
                0x000001c8       0x39 ./SDK/startup/semihost_hardfault.o
 .ARM.attributes
                0x00000201       0x39 ./SDK/startup/startup_mk64f12.o
 .ARM.attributes
                0x0000023a       0x39 ./SDK/CMSIS/system_MK64F12.o
 .ARM.attributes
                0x00000273       0x39 c:/nxp/mcuxpressoide_10.2.0_759/ide/tools/bin/../lib/gcc/arm-none-eabi/7.2.1/../../../../arm-none-eabi/lib/thumb/v7e-m/fpv4-sp/hard\libcr_c.a(alloc.o)
 .ARM.attributes
                0x000002ac       0x39 c:/nxp/mcuxpressoide_10.2.0_759/ide/tools/bin/../lib/gcc/arm-none-eabi/7.2.1/../../../../arm-none-eabi/lib/thumb/v7e-m/fpv4-sp/hard\libcr_c.a(fpprintf.o)
 .ARM.attributes
                0x000002e5       0x39 c:/nxp/mcuxpressoide_10.2.0_759/ide/tools/bin/../lib/gcc/arm-none-eabi/7.2.1/../../../../arm-none-eabi/lib/thumb/v7e-m/fpv4-sp/hard\libcr_c.a(printf.o)
 .ARM.attributes
                0x0000031e       0x39 c:/nxp/mcuxpressoide_10.2.0_759/ide/tools/bin/../lib/gcc/arm-none-eabi/7.2.1/../../../../arm-none-eabi/lib/thumb/v7e-m/fpv4-sp/hard\libcr_c.a(strlen.o)
 .ARM.attributes
                0x00000357       0x39 c:/nxp/mcuxpressoide_10.2.0_759/ide/tools/bin/../lib/gcc/arm-none-eabi/7.2.1/../../../../arm-none-eabi/lib/thumb/v7e-m/fpv4-sp/hard\libcr_c.a(memset.o)
 .ARM.attributes
                0x00000390       0x39 c:/nxp/mcuxpressoide_10.2.0_759/ide/tools/bin/../lib/gcc/arm-none-eabi/7.2.1/../../../../arm-none-eabi/lib/thumb/v7e-m/fpv4-sp/hard\libcr_c.a(__init_alloc.o)
 .ARM.attributes
                0x000003c9       0x39 c:/nxp/mcuxpressoide_10.2.0_759/ide/tools/bin/../lib/gcc/arm-none-eabi/7.2.1/../../../../arm-none-eabi/lib/thumb/v7e-m/fpv4-sp/hard\libcr_c.a(_cr_sbrk.o)
 .ARM.attributes
                0x00000402       0x39 c:/nxp/mcuxpressoide_10.2.0_759/ide/tools/bin/../lib/gcc/arm-none-eabi/7.2.1/../../../../arm-none-eabi/lib/thumb/v7e-m/fpv4-sp/hard\libcr_c.a(_deferredlazyseek.o)
 .ARM.attributes
                0x0000043b       0x39 c:/nxp/mcuxpressoide_10.2.0_759/ide/tools/bin/../lib/gcc/arm-none-eabi/7.2.1/../../../../arm-none-eabi/lib/thumb/v7e-m/fpv4-sp/hard\libcr_c.a(_fflush.o)
 .ARM.attributes
                0x00000474       0x39 c:/nxp/mcuxpressoide_10.2.0_759/ide/tools/bin/../lib/gcc/arm-none-eabi/7.2.1/../../../../arm-none-eabi/lib/thumb/v7e-m/fpv4-sp/hard\libcr_c.a(_frexpl.o)
 .ARM.attributes
                0x000004ad       0x39 c:/nxp/mcuxpressoide_10.2.0_759/ide/tools/bin/../lib/gcc/arm-none-eabi/7.2.1/../../../../arm-none-eabi/lib/thumb/v7e-m/fpv4-sp/hard\libcr_c.a(_ldexpl.o)
 .ARM.attributes
                0x000004e6       0x39 c:/nxp/mcuxpressoide_10.2.0_759/ide/tools/bin/../lib/gcc/arm-none-eabi/7.2.1/../../../../arm-none-eabi/lib/thumb/v7e-m/fpv4-sp/hard\libcr_c.a(_writebuf.o)
 .ARM.attributes
                0x0000051f       0x39 c:/nxp/mcuxpressoide_10.2.0_759/ide/tools/bin/../lib/gcc/arm-none-eabi/7.2.1/../../../../arm-none-eabi/lib/thumb/v7e-m/fpv4-sp/hard\libcr_c.a(errno.o)
 .ARM.attributes
                0x00000558       0x39 c:/nxp/mcuxpressoide_10.2.0_759/ide/tools/bin/../lib/gcc/arm-none-eabi/7.2.1/../../../../arm-none-eabi/lib/thumb/v7e-m/fpv4-sp/hard\libcr_c.a(fseek.o)
 .ARM.attributes
                0x00000591       0x39 c:/nxp/mcuxpressoide_10.2.0_759/ide/tools/bin/../lib/gcc/arm-none-eabi/7.2.1/../../../../arm-none-eabi/lib/thumb/v7e-m/fpv4-sp/hard\libcr_c.a(ftell.o)
 .ARM.attributes
                0x000005ca       0x39 c:/nxp/mcuxpressoide_10.2.0_759/ide/tools/bin/../lib/gcc/arm-none-eabi/7.2.1/../../../../arm-none-eabi/lib/thumb/v7e-m/fpv4-sp/hard\libcr_c.a(_cr_check_heap.o)
 .ARM.attributes
                0x00000603       0x39 c:/nxp/mcuxpressoide_10.2.0_759/ide/tools/bin/../lib/gcc/arm-none-eabi/7.2.1/../../../../arm-none-eabi/lib/thumb/v7e-m/fpv4-sp/hard\libcr_c.a(_hugeval.o)
 .ARM.attributes
                0x0000063c       0x39 c:/nxp/mcuxpressoide_10.2.0_759/ide/tools/bin/../lib/gcc/arm-none-eabi/7.2.1/thumb/v7e-m/fpv4-sp/hard\libcr_eabihelpers.a(double.o)
 .ARM.attributes
                0x00000675       0x25 c:/nxp/mcuxpressoide_10.2.0_759/ide/tools/bin/../lib/gcc/arm-none-eabi/7.2.1/thumb/v7e-m/fpv4-sp/hard\libcr_eabihelpers.a(memcpy.o)
 .ARM.attributes
                0x0000069a       0x39 c:/nxp/mcuxpressoide_10.2.0_759/ide/tools/bin/../lib/gcc/arm-none-eabi/7.2.1/../../../../arm-none-eabi/lib/thumb/v7e-m/fpv4-sp/hard\libcr_semihost_nf.a(__ciob.o)
 .ARM.attributes
                0x000006d3       0x25 c:/nxp/mcuxpressoide_10.2.0_759/ide/tools/bin/../lib/gcc/arm-none-eabi/7.2.1/../../../../arm-none-eabi/lib/thumb/v7e-m/fpv4-sp/hard\libcr_semihost_nf.a(__sys_appexit.o)
 .ARM.attributes
                0x000006f8       0x25 c:/nxp/mcuxpressoide_10.2.0_759/ide/tools/bin/../lib/gcc/arm-none-eabi/7.2.1/../../../../arm-none-eabi/lib/thumb/v7e-m/fpv4-sp/hard\libcr_semihost_nf.a(__sys_flen.o)
 .ARM.attributes
                0x0000071d       0x25 c:/nxp/mcuxpressoide_10.2.0_759/ide/tools/bin/../lib/gcc/arm-none-eabi/7.2.1/../../../../arm-none-eabi/lib/thumb/v7e-m/fpv4-sp/hard\libcr_semihost_nf.a(__sys_istty.o)
 .ARM.attributes
                0x00000742       0x25 c:/nxp/mcuxpressoide_10.2.0_759/ide/tools/bin/../lib/gcc/arm-none-eabi/7.2.1/../../../../arm-none-eabi/lib/thumb/v7e-m/fpv4-sp/hard\libcr_semihost_nf.a(__sys_seek.o)
 .ARM.attributes
                0x00000767       0x25 c:/nxp/mcuxpressoide_10.2.0_759/ide/tools/bin/../lib/gcc/arm-none-eabi/7.2.1/../../../../arm-none-eabi/lib/thumb/v7e-m/fpv4-sp/hard\libcr_semihost_nf.a(__sys_write.o)

.debug_frame    0x00000000     0x1148
 .debug_frame   0x00000000       0x88 ./source/timer/SysTick.o
 .debug_frame   0x00000088      0x184 ./source/timer/timer.o
 .debug_frame   0x0000020c       0xcc ./source/drivers/src/encoder.o
 .debug_frame   0x000002d8      0x1c4 ./source/drivers/src/magDriver.o
 .debug_frame   0x0000049c       0xd8 ./source/MCAL/gpio.o
 .debug_frame   0x00000574      0x1a0 ./source/App.o
 .debug_frame   0x00000714       0x70 ./SDK/startup/hardware.o
 .debug_frame   0x00000784       0x2c ./SDK/startup/main.o
 .debug_frame   0x000007b0       0x20 ./SDK/startup/semihost_hardfault.o
 .debug_frame   0x000007d0      0x904 ./SDK/startup/startup_mk64f12.o
 .debug_frame   0x000010d4       0x74 ./SDK/CMSIS/system_MK64F12.o
