Archive member included to satisfy reference by file (symbol)

c:/nxp/mcuxpressoide_10.2.0_759/ide/tools/bin/../lib/gcc/arm-none-eabi/7.2.1/../../../../arm-none-eabi/lib/thumb/v7e-m/fpv4-sp/hard\libcr_c.a(alloc.o)
                              ./source/App.o (malloc)
c:/nxp/mcuxpressoide_10.2.0_759/ide/tools/bin/../lib/gcc/arm-none-eabi/7.2.1/../../../../arm-none-eabi/lib/thumb/v7e-m/fpv4-sp/hard\libcr_c.a(fpprintf.o)
                              ./source/App.o (printf)
c:/nxp/mcuxpressoide_10.2.0_759/ide/tools/bin/../lib/gcc/arm-none-eabi/7.2.1/../../../../arm-none-eabi/lib/thumb/v7e-m/fpv4-sp/hard\libcr_c.a(printf.o)
                              c:/nxp/mcuxpressoide_10.2.0_759/ide/tools/bin/../lib/gcc/arm-none-eabi/7.2.1/../../../../arm-none-eabi/lib/thumb/v7e-m/fpv4-sp/hard\libcr_c.a(fpprintf.o) (__vfprintf)
c:/nxp/mcuxpressoide_10.2.0_759/ide/tools/bin/../lib/gcc/arm-none-eabi/7.2.1/../../../../arm-none-eabi/lib/thumb/v7e-m/fpv4-sp/hard\libcr_c.a(strlen.o)
                              c:/nxp/mcuxpressoide_10.2.0_759/ide/tools/bin/../lib/gcc/arm-none-eabi/7.2.1/../../../../arm-none-eabi/lib/thumb/v7e-m/fpv4-sp/hard\libcr_c.a(printf.o) (strlen)
c:/nxp/mcuxpressoide_10.2.0_759/ide/tools/bin/../lib/gcc/arm-none-eabi/7.2.1/../../../../arm-none-eabi/lib/thumb/v7e-m/fpv4-sp/hard\libcr_c.a(memcpy.o)
                              c:/nxp/mcuxpressoide_10.2.0_759/ide/tools/bin/../lib/gcc/arm-none-eabi/7.2.1/../../../../arm-none-eabi/lib/thumb/v7e-m/fpv4-sp/hard\libcr_c.a(alloc.o) (memcpy)
c:/nxp/mcuxpressoide_10.2.0_759/ide/tools/bin/../lib/gcc/arm-none-eabi/7.2.1/../../../../arm-none-eabi/lib/thumb/v7e-m/fpv4-sp/hard\libcr_c.a(memset.o)
                              c:/nxp/mcuxpressoide_10.2.0_759/ide/tools/bin/../lib/gcc/arm-none-eabi/7.2.1/../../../../arm-none-eabi/lib/thumb/v7e-m/fpv4-sp/hard\libcr_c.a(alloc.o) (memset)
c:/nxp/mcuxpressoide_10.2.0_759/ide/tools/bin/../lib/gcc/arm-none-eabi/7.2.1/../../../../arm-none-eabi/lib/thumb/v7e-m/fpv4-sp/hard\libcr_c.a(__init_alloc.o)
                              c:/nxp/mcuxpressoide_10.2.0_759/ide/tools/bin/../lib/gcc/arm-none-eabi/7.2.1/../../../../arm-none-eabi/lib/thumb/v7e-m/fpv4-sp/hard\libcr_c.a(alloc.o) (__heaps)
c:/nxp/mcuxpressoide_10.2.0_759/ide/tools/bin/../lib/gcc/arm-none-eabi/7.2.1/../../../../arm-none-eabi/lib/thumb/v7e-m/fpv4-sp/hard\libcr_c.a(_cr_sbrk.o)
                              c:/nxp/mcuxpressoide_10.2.0_759/ide/tools/bin/../lib/gcc/arm-none-eabi/7.2.1/../../../../arm-none-eabi/lib/thumb/v7e-m/fpv4-sp/hard\libcr_c.a(alloc.o) (_sbrk)
c:/nxp/mcuxpressoide_10.2.0_759/ide/tools/bin/../lib/gcc/arm-none-eabi/7.2.1/../../../../arm-none-eabi/lib/thumb/v7e-m/fpv4-sp/hard\libcr_c.a(_deferredlazyseek.o)
                              c:/nxp/mcuxpressoide_10.2.0_759/ide/tools/bin/../lib/gcc/arm-none-eabi/7.2.1/../../../../arm-none-eabi/lib/thumb/v7e-m/fpv4-sp/hard\libcr_c.a(fpprintf.o) (__flsbuf)
c:/nxp/mcuxpressoide_10.2.0_759/ide/tools/bin/../lib/gcc/arm-none-eabi/7.2.1/../../../../arm-none-eabi/lib/thumb/v7e-m/fpv4-sp/hard\libcr_c.a(_fflush.o)
                              c:/nxp/mcuxpressoide_10.2.0_759/ide/tools/bin/../lib/gcc/arm-none-eabi/7.2.1/../../../../arm-none-eabi/lib/thumb/v7e-m/fpv4-sp/hard\libcr_c.a(_deferredlazyseek.o) (_fflush)
c:/nxp/mcuxpressoide_10.2.0_759/ide/tools/bin/../lib/gcc/arm-none-eabi/7.2.1/../../../../arm-none-eabi/lib/thumb/v7e-m/fpv4-sp/hard\libcr_c.a(_frexpl.o)
                              c:/nxp/mcuxpressoide_10.2.0_759/ide/tools/bin/../lib/gcc/arm-none-eabi/7.2.1/../../../../arm-none-eabi/lib/thumb/v7e-m/fpv4-sp/hard\libcr_c.a(fpprintf.o) (_frexpl)
c:/nxp/mcuxpressoide_10.2.0_759/ide/tools/bin/../lib/gcc/arm-none-eabi/7.2.1/../../../../arm-none-eabi/lib/thumb/v7e-m/fpv4-sp/hard\libcr_c.a(_ldexpl.o)
                              c:/nxp/mcuxpressoide_10.2.0_759/ide/tools/bin/../lib/gcc/arm-none-eabi/7.2.1/../../../../arm-none-eabi/lib/thumb/v7e-m/fpv4-sp/hard\libcr_c.a(fpprintf.o) (_ldexpl)
c:/nxp/mcuxpressoide_10.2.0_759/ide/tools/bin/../lib/gcc/arm-none-eabi/7.2.1/../../../../arm-none-eabi/lib/thumb/v7e-m/fpv4-sp/hard\libcr_c.a(_writebuf.o)
                              c:/nxp/mcuxpressoide_10.2.0_759/ide/tools/bin/../lib/gcc/arm-none-eabi/7.2.1/../../../../arm-none-eabi/lib/thumb/v7e-m/fpv4-sp/hard\libcr_c.a(_deferredlazyseek.o) (_Cwritebuf)
c:/nxp/mcuxpressoide_10.2.0_759/ide/tools/bin/../lib/gcc/arm-none-eabi/7.2.1/../../../../arm-none-eabi/lib/thumb/v7e-m/fpv4-sp/hard\libcr_c.a(errno.o)
                              c:/nxp/mcuxpressoide_10.2.0_759/ide/tools/bin/../lib/gcc/arm-none-eabi/7.2.1/../../../../arm-none-eabi/lib/thumb/v7e-m/fpv4-sp/hard\libcr_c.a(_cr_sbrk.o) (errno)
c:/nxp/mcuxpressoide_10.2.0_759/ide/tools/bin/../lib/gcc/arm-none-eabi/7.2.1/../../../../arm-none-eabi/lib/thumb/v7e-m/fpv4-sp/hard\libcr_c.a(fseek.o)
[...]
Memory Configuration

Name             Origin             Length             Attributes
PROGRAM_FLASH    0x00000000         0x00100000         xr
SRAM_UPPER       0x20000000         0x00030000         xrw
SRAM_LOWER       0x1fff0000         0x00010000         xrw
FLEX_RAM         0x14000000         0x00001000         xrw
*default*        0x00000000         0xffffffff

Linker script and memory map

LOAD ./source/timer/SysTick.o
LOAD ./source/timer/timer.o
LOAD ./source/drivers/src/encoder.o
LOAD ./source/MCAL/gpio.o
LOAD ./source/App.o
LOAD ./SDK/startup/hardware.o
LOAD ./SDK/startup/main.o
LOAD ./SDK/startup/semihost_hardfault.o
LOAD ./SDK/startup/startup_mk64f12.o
LOAD ./SDK/CMSIS/system_MK64F12.o
START GROUP
LOAD c:/nxp/mcuxpressoide_10.2.0_759/ide/tools/bin/../lib/gcc/arm-none-eabi/7.2.1/../../../../arm-none-eabi/lib/thumb/v7e-m/fpv4-sp/hard\libcr_c.a
LOAD c:/nxp/mcuxpressoide_10.2.0_759/ide/tools/bin/../lib/gcc/arm-none-eabi/7.2.1/thumb/v7e-m/fpv4-sp/hard\libcr_eabihelpers.a
END GROUP
                0x00000000                __base_PROGRAM_FLASH = 0x0
                0x00000000                __base_Flash = 0x0
                0x00100000                __top_PROGRAM_FLASH = 0x100000
                0x00100000                __top_Flash = 0x100000
                0x20000000                __base_SRAM_UPPER = 0x20000000
                0x20000000                __base_RAM = 0x20000000
                0x20030000                __top_SRAM_UPPER = 0x20030000
                0x20030000                __top_RAM = 0x20030000
                0x1fff0000                __base_SRAM_LOWER = 0x1fff0000
                0x1fff0000                __base_RAM2 = 0x1fff0000
                0x20000000                __top_SRAM_LOWER = 0x20000000
                0x20000000                __top_RAM2 = 0x20000000
                0x14000000                __base_FLEX_RAM = 0x14000000
                0x14000000                __base_RAM3 = 0x14000000
                0x14001000                __top_FLEX_RAM = 0x14001000
                0x14001000                __top_RAM3 = 0x14001000

.text           0x00000000     0x3cd8
 FILL mask 0xff
                0x00000000                __vectors_start__ = ABSOLUTE (.)
 *(SORT_BY_ALIGNMENT(.isr_vector))
 .isr_vector    0x00000000      0x198 ./SDK/startup/startup_mk64f12.o
                0x00000000                g_pfnVectors
                0x00000000                __Vectors
                0x00000198                . = ALIGN (0x4)
                0x00000198                __section_table_start = .
                0x00000198                __data_section_table = .
                0x00000198        0x4 LONG 0x3cd8 LOADADDR (.data)
                0x0000019c        0x4 LONG 0x20000000 ADDR (.data)
                0x000001a0        0x4 LONG 0x30 SIZEOF (.data)
                0x000001a4        0x4 LONG 0x3cd8 LOADADDR (.data_RAM2)
                0x000001a8        0x4 LONG 0x1fff0000 ADDR (.data_RAM2)
                0x000001ac        0x4 LONG 0x0 SIZEOF (.data_RAM2)
                0x000001b0        0x4 LONG 0x3cd8 LOADADDR (.data_RAM3)
                0x000001b4        0x4 LONG 0x14000000 ADDR (.data_RAM3)
                0x000001b8        0x4 LONG 0x0 SIZEOF (.data_RAM3)
                0x000001bc                __data_section_table_end = .
                0x000001bc                __bss_section_table = .
                0x000001bc        0x4 LONG 0x20000030 ADDR (.bss)
                0x000001c0        0x4 LONG 0x250 SIZEOF (.bss)
                0x000001c4        0x4 LONG 0x1fff0000 ADDR (.bss_RAM2)
                0x000001c8        0x4 LONG 0x0 SIZEOF (.bss_RAM2)
                0x000001cc        0x4 LONG 0x14000000 ADDR (.bss_RAM3)
                0x000001d0        0x4 LONG 0x0 SIZEOF (.bss_RAM3)
                0x000001d4                __bss_section_table_end = .
                0x000001d4                __section_table_end = .
 *(SORT_BY_ALIGNMENT(.after_vectors*))
 .after_vectors.reset
                0x000001d4       0x4c ./SDK/startup/startup_mk64f12.o
                0x000001d4                ResetISR
 .after_vectors.init_data
                0x00000220       0x1e ./SDK/startup/startup_mk64f12.o
                0x00000220                data_init
 .after_vectors.init_bss
                0x0000023e       0x12 ./SDK/startup/startup_mk64f12.o
                0x0000023e                bss_init
 .after_vectors
                0x00000250       0x14 ./SDK/startup/startup_mk64f12.o
                0x00000250                NMI_Handler
                0x00000254                MemManage_Handler
                0x00000256                BusFault_Handler
                0x00000258                UsageFault_Handler
                0x0000025a                SVC_Handler
                0x0000025c                DebugMon_Handler
                0x0000025e                PendSV_Handler
                0x00000262                DMA_Error_DriverIRQHandler
                0x00000262                LPTMR0_DriverIRQHandler
                0x00000262                FTM1_DriverIRQHandler
                0x00000262                FTM2_DriverIRQHandler
                0x00000262                PIT2_DriverIRQHandler
                0x00000262                SDHC_DriverIRQHandler
                0x00000262                I2S0_Tx_DriverIRQHandler
                0x00000262                RTC_Seconds_DriverIRQHandler
                0x00000262                DMA6_DriverIRQHandler
                0x00000262                LLWU_DriverIRQHandler
                0x00000262                MCM_DriverIRQHandler
                0x00000262                MCG_DriverIRQHandler
                0x00000262                ENET_1588_Timer_DriverIRQHandler
                0x00000262                I2C2_DriverIRQHandler
                0x00000262                DAC1_DriverIRQHandler
                0x00000262                SPI1_DriverIRQHandler
                0x00000262                CMP1_DriverIRQHandler
                0x00000262                UART5_RX_TX_DriverIRQHandler
                0x00000262                FTM0_DriverIRQHandler
                0x00000262                IntDefaultHandler
                0x00000262                USB0_DriverIRQHandler
                0x00000262                UART5_ERR_DriverIRQHandler
                0x00000262                PORTC_DriverIRQHandler
                0x00000262                DMA11_DriverIRQHandler
                0x00000262                DAC0_DriverIRQHandler
                0x00000262                DMA10_DriverIRQHandler
                0x00000262                CMP2_DriverIRQHandler
                0x00000262                UART2_ERR_DriverIRQHandler
                0x00000262                SPI2_DriverIRQHandler
                0x00000262                LVD_LVW_DriverIRQHandler
                0x00000262                PIT0_DriverIRQHandler
                0x00000262                RNG_DriverIRQHandler
                0x00000262                DMA5_DriverIRQHandler
                0x00000262                DMA12_DriverIRQHandler
                0x00000262                UART2_RX_TX_DriverIRQHandler
                0x00000262                USBDCD_DriverIRQHandler
                0x00000262                UART3_ERR_DriverIRQHandler
                0x00000262                DMA3_DriverIRQHandler
                0x00000262                DMA8_DriverIRQHandler
                0x00000262                DMA9_DriverIRQHandler
                0x00000262                UART0_ERR_DriverIRQHandler
                0x00000262                CMT_DriverIRQHandler
                0x00000262                Reserved71_DriverIRQHandler
                0x00000262                ADC1_DriverIRQHandler
                0x00000262                PORTA_DriverIRQHandler
                0x00000262                DMA14_DriverIRQHandler
                0x00000262                PIT3_DriverIRQHandler
                0x00000262                PIT1_DriverIRQHandler
                0x00000262                WDOG_EWM_DriverIRQHandler
                0x00000262                PDB0_DriverIRQHandler
                0x00000262                RTC_DriverIRQHandler
                0x00000262                I2S0_Rx_DriverIRQHandler
                0x00000262                Read_Collision_DriverIRQHandler
                0x00000262                SWI_DriverIRQHandler
                0x00000262                UART4_RX_TX_DriverIRQHandler
                0x00000262                UART4_ERR_DriverIRQHandler
                0x00000262                PORTB_DriverIRQHandler
                0x00000262                UART0_LON_DriverIRQHandler
                0x00000262                DMA0_DriverIRQHandler
                0x00000262                DMA1_DriverIRQHandler
                0x00000262                I2C1_DriverIRQHandler
                0x00000262                UART3_RX_TX_DriverIRQHandler
                0x00000262                ENET_Receive_DriverIRQHandler
                0x00000262                DMA13_DriverIRQHandler
                0x00000262                ENET_Error_DriverIRQHandler
                0x00000262                DMA15_DriverIRQHandler
                0x00000262                UART0_RX_TX_DriverIRQHandler
                0x00000262                SPI0_DriverIRQHandler
                0x00000262                ADC0_DriverIRQHandler
                0x00000262                CMP0_DriverIRQHandler
                0x00000262                CAN0_DriverIRQHandler
                0x00000262                FTM3_DriverIRQHandler
                0x00000262                DMA4_DriverIRQHandler
                0x00000262                UART1_ERR_DriverIRQHandler
                0x00000262                DMA2_DriverIRQHandler
                0x00000262                ENET_Transmit_DriverIRQHandler
                0x00000262                PORTD_DriverIRQHandler
                0x00000262                PORTE_DriverIRQHandler
                0x00000262                FTFE_DriverIRQHandler
                0x00000262                I2C0_DriverIRQHandler
                0x00000262                DMA7_DriverIRQHandler
                0x00000262                UART1_RX_TX_DriverIRQHandler
                0x00000400                . = 0x400
 *fill*         0x00000264      0x19c ff
                0x00000400                PROVIDE (__FLASH_CONFIG_START__, .)
 *(SORT_BY_ALIGNMENT(.FlashConfig))
 .FlashConfig   0x00000400       0x10 ./SDK/startup/startup_mk64f12.o
                0x00000400                Flash_Config
                0x00000410                PROVIDE (__FLASH_CONFIG_END__, .)
                0x00000001                ASSERT (! ((__FLASH_CONFIG_START__ == __FLASH_CONFIG_END__)), Linker Flash Config Support Enabled, but no .FlashConfig section provided within application)
 *(SORT_BY_ALIGNMENT(.text*))
 .text.fp_display
                0x00000410      0x974 c:/nxp/mcuxpressoide_10.2.0_759/ide/tools/bin/../lib/gcc/arm-none-eabi/7.2.1/../../../../arm-none-eabi/lib/thumb/v7e-m/fpv4-sp/hard\libcr_c.a(fpprintf.o)
 *fill*         0x00000d84        0x4 ff
 .text._frexpl  0x00000d88       0x68 c:/nxp/mcuxpressoide_10.2.0_759/ide/tools/bin/../lib/gcc/arm-none-eabi/7.2.1/../../../../arm-none-eabi/lib/thumb/v7e-m/fpv4-sp/hard\libcr_c.a(_frexpl.o)
                0x00000d88                _frexpl
 .text._ldexpl  0x00000df0       0x58 c:/nxp/mcuxpressoide_10.2.0_759/ide/tools/bin/../lib/gcc/arm-none-eabi/7.2.1/../../../../arm-none-eabi/lib/thumb/v7e-m/fpv4-sp/hard\libcr_c.a(_ldexpl.o)
                0x00000df0                _ldexpl
 .text.__NVIC_EnableIRQ
                0x00000e48       0x3c ./source/timer/SysTick.o
 .text.SysTick_Init
                0x00000e84       0x60 ./source/timer/SysTick.o
                0x00000e84                SysTick_Init
 .text.SysTick_Handler
                0x00000ee4       0x24 ./source/timer/SysTick.o
                0x00000ee4                SysTick_Handler
 .text.timerInit
                0x00000f08       0x38 ./source/timer/timer.o
                0x00000f08                timerInit
 .text.timerGetId
                0x00000f40       0x2c ./source/timer/timer.o
                0x00000f40                timerGetId
 .text.timerStart
                0x00000f6c       0x98 ./source/timer/timer.o
                0x00000f6c                timerStart
 .text.timer_isr
                0x00001004       0xdc ./source/timer/timer.o
 .text.encInit  0x000010e0       0x58 ./source/drivers/src/encoder.o
                0x000010e0                encInit
 .text.encGetStatus
                0x00001138       0x28 ./source/drivers/src/encoder.o
                0x00001138                encGetStatus
 .text.encGetEvent
                0x00001160       0x18 ./source/drivers/src/encoder.o
                0x00001160                encGetEvent
 .text.encoCallback
                0x00001178       0x38 ./source/drivers/src/encoder.o
 .text.readPins
                0x000011b0       0x40 ./source/drivers/src/encoder.o
 .text.encStatus
                0x000011f0      0x23c ./source/drivers/src/encoder.o
 .text.gpioMode
                0x0000142c      0x1ac ./source/MCAL/gpio.o
                0x0000142c                gpioMode
 .text.gpioWrite
                0x000015d8       0x68 ./source/MCAL/gpio.o
                0x000015d8                gpioWrite
 .text.gpioRead
                0x00001640       0x50 ./source/MCAL/gpio.o
                0x00001640                gpioRead
 .text.App_Run  0x00001690      0x2cc ./source/App.o
                0x00001690                App_Run
 .text.print_display
                0x0000195c       0x48 ./source/App.o
 .text.user_init
                0x000019a4       0x5c ./source/App.o
 .text.user_verify
                0x00001a00       0x94 ./source/App.o
 .text.compare_array
                0x00001a94       0x5c ./source/App.o
 .text.PW_scroll
                0x00001af0       0xa8 ./source/App.o
 .text.hw_Init  0x00001b98      0x10c ./SDK/startup/hardware.o
                0x00001b98                hw_Init
 .text.hw_EnableInterrupts
                0x00001ca4       0x30 ./SDK/startup/hardware.o
                0x00001ca4                hw_EnableInterrupts
 .text.hw_DisableInterrupts
                0x00001cd4       0x20 ./SDK/startup/hardware.o
                0x00001cd4                hw_DisableInterrupts
 .text.SystemInit
                0x00001cf4       0x3c ./SDK/CMSIS/system_MK64F12.o
                0x00001cf4                SystemInit
 .text.malloc   0x00001d30       0xc8 c:/nxp/mcuxpressoide_10.2.0_759/ide/tools/bin/../lib/gcc/arm-none-eabi/7.2.1/../../../../arm-none-eabi/lib/thumb/v7e-m/fpv4-sp/hard\libcr_c.a(alloc.o)
                0x00001d30                malloc
 .text._Csys_alloc
                0x00001df8       0x20 c:/nxp/mcuxpressoide_10.2.0_759/ide/tools/bin/../lib/gcc/arm-none-eabi/7.2.1/../../../../arm-none-eabi/lib/thumb/v7e-m/fpv4-sp/hard\libcr_c.a(alloc.o)
                0x00001df8                _Csys_alloc
 .text.sprintf  0x00001e18       0x6c c:/nxp/mcuxpressoide_10.2.0_759/ide/tools/bin/../lib/gcc/arm-none-eabi/7.2.1/../../../../arm-none-eabi/lib/thumb/v7e-m/fpv4-sp/hard\libcr_c.a(fpprintf.o)
                0x00001e18                sprintf
 .text.vsnprintf
                0x00001e84       0x5c c:/nxp/mcuxpressoide_10.2.0_759/ide/tools/bin/../lib/gcc/arm-none-eabi/7.2.1/../../../../arm-none-eabi/lib/thumb/v7e-m/fpv4-sp/hard\libcr_c.a(fpprintf.o)
                0x00001e84                vsnprintf
 .text.printf   0x00001ee0       0x54 c:/nxp/mcuxpressoide_10.2.0_759/ide/tools/bin/../lib/gcc/arm-none-eabi/7.2.1/../../../../arm-none-eabi/lib/thumb/v7e-m/fpv4-sp/hard\libcr_c.a(fpprintf.o)
                0x00001ee0                printf
 .text.__vfprintf
                0x00001f34      0xb98 c:/nxp/mcuxpressoide_10.2.0_759/ide/tools/bin/../lib/gcc/arm-none-eabi/7.2.1/../../../../arm-none-eabi/lib/thumb/v7e-m/fpv4-sp/hard\libcr_c.a(printf.o)
                0x00001f34                __vfprintf
 .text._sbrk    0x00002acc       0x3c c:/nxp/mcuxpressoide_10.2.0_759/ide/tools/bin/../lib/gcc/arm-none-eabi/7.2.1/../../../../arm-none-eabi/lib/thumb/v7e-m/fpv4-sp/hard\libcr_c.a(_cr_sbrk.o)
                0x00002acc                _sbrk
 .text._Cwritebuf
                0x00002b08       0x6c c:/nxp/mcuxpressoide_10.2.0_759/ide/tools/bin/../lib/gcc/arm-none-eabi/7.2.1/../../../../arm-none-eabi/lib/thumb/v7e-m/fpv4-sp/hard\libcr_c.a(_writebuf.o)
                0x00002b08                _Cwritebuf
 .text.fseek    0x00002b74      0x100 c:/nxp/mcuxpressoide_10.2.0_759/ide/tools/bin/../lib/gcc/arm-none-eabi/7.2.1/../../../../arm-none-eabi/lib/thumb/v7e-m/fpv4-sp/hard\libcr_c.a(fseek.o)
                0x00002b74                fseek
 .text.ftell    0x00002c74       0x44 c:/nxp/mcuxpressoide_10.2.0_759/ide/tools/bin/../lib/gcc/arm-none-eabi/7.2.1/../../../../arm-none-eabi/lib/thumb/v7e-m/fpv4-sp/hard\libcr_c.a(ftell.o)
                0x00002c74                ftell
 .text.__check_heap_overflow
                0x00002cb8       0x18 c:/nxp/mcuxpressoide_10.2.0_759/ide/tools/bin/../lib/gcc/arm-none-eabi/7.2.1/../../../../arm-none-eabi/lib/thumb/v7e-m/fpv4-sp/hard\libcr_c.a(_cr_check_heap.o)
                0x00002cb8                __check_heap_overflow
 .text.__aeabi_dmul
                0x00002cd0      0x11c c:/nxp/mcuxpressoide_10.2.0_759/ide/tools/bin/../lib/gcc/arm-none-eabi/7.2.1/thumb/v7e-m/fpv4-sp/hard\libcr_eabihelpers.a(double.o)
                0x00002cd0                __aeabi_dmul
 .text.__aeabi_ddiv
                0x00002dec      0x138 c:/nxp/mcuxpressoide_10.2.0_759/ide/tools/bin/../lib/gcc/arm-none-eabi/7.2.1/thumb/v7e-m/fpv4-sp/hard\libcr_eabihelpers.a(double.o)
                0x00002dec                __aeabi_ddiv
 .text.__aeabi_dsub
                0x00002f24      0x1b4 c:/nxp/mcuxpressoide_10.2.0_759/ide/tools/bin/../lib/gcc/arm-none-eabi/7.2.1/thumb/v7e-m/fpv4-sp/hard\libcr_eabihelpers.a(double.o)
                0x00002f24                __aeabi_dsub
 .text.__aeabi_dadd
                0x000030d8      0x10c c:/nxp/mcuxpressoide_10.2.0_759/ide/tools/bin/../lib/gcc/arm-none-eabi/7.2.1/thumb/v7e-m/fpv4-sp/hard\libcr_eabihelpers.a(double.o)
                0x000030d8                __aeabi_dadd
 .text.App_Init
                0x000031e4       0x14 ./source/App.o
                0x000031e4                App_Init
 .text.encoder_control
                0x000031f8       0x94 ./source/App.o
 .text.write_array
                0x0000328c       0x3c ./source/App.o
 .text.ID_scroll
                0x000032c8       0xd6 ./source/App.o
 .text.main     0x0000339e       0x1a ./SDK/startup/main.o
                0x0000339e                main
 .text.HardFault_Handler
                0x000033b8       0x2c ./SDK/startup/semihost_hardfault.o
                0x000033b8                HardFault_Handler
 .text.DMA0_IRQHandler
                0x000033e4        0x8 ./SDK/startup/startup_mk64f12.o
                0x000033e4                DMA0_IRQHandler
 .text.DMA1_IRQHandler
                0x000033ec        0x8 ./SDK/startup/startup_mk64f12.o
                0x000033ec                DMA1_IRQHandler
 .text.DMA2_IRQHandler
                0x000033f4        0x8 ./SDK/startup/startup_mk64f12.o
                0x000033f4                DMA2_IRQHandler
 .text.DMA3_IRQHandler
                0x000033fc        0x8 ./SDK/startup/startup_mk64f12.o
                0x000033fc                DMA3_IRQHandler
 .text.DMA4_IRQHandler
                0x00003404        0x8 ./SDK/startup/startup_mk64f12.o
                0x00003404                DMA4_IRQHandler
 .text.DMA5_IRQHandler
                0x0000340c        0x8 ./SDK/startup/startup_mk64f12.o
                0x0000340c                DMA5_IRQHandler
 .text.DMA6_IRQHandler
                0x00003414        0x8 ./SDK/startup/startup_mk64f12.o
                0x00003414                DMA6_IRQHandler
 .text.DMA7_IRQHandler
                0x0000341c        0x8 ./SDK/startup/startup_mk64f12.o
                0x0000341c                DMA7_IRQHandler
 .text.DMA8_IRQHandler
                0x00003424        0x8 ./SDK/startup/startup_mk64f12.o
                0x00003424                DMA8_IRQHandler
 .text.DMA9_IRQHandler
                0x0000342c        0x8 ./SDK/startup/startup_mk64f12.o
                0x0000342c                DMA9_IRQHandler
 .text.DMA10_IRQHandler
                0x00003434        0x8 ./SDK/startup/startup_mk64f12.o
                0x00003434                DMA10_IRQHandler
 .text.DMA11_IRQHandler
                0x0000343c        0x8 ./SDK/startup/startup_mk64f12.o
                0x0000343c                DMA11_IRQHandler
 .text.DMA12_IRQHandler
                0x00003444        0x8 ./SDK/startup/startup_mk64f12.o
                0x00003444                DMA12_IRQHandler
 .text.DMA13_IRQHandler
                0x0000344c        0x8 ./SDK/startup/startup_mk64f12.o
                0x0000344c                DMA13_IRQHandler
 .text.DMA14_IRQHandler
                0x00003454        0x8 ./SDK/startup/startup_mk64f12.o
                0x00003454                DMA14_IRQHandler
 .text.DMA15_IRQHandler
                0x0000345c        0x8 ./SDK/startup/startup_mk64f12.o
                0x0000345c                DMA15_IRQHandler
 .text.DMA_Error_IRQHandler
                0x00003464        0x8 ./SDK/startup/startup_mk64f12.o
                0x00003464                DMA_Error_IRQHandler
 .text.MCM_IRQHandler
                0x0000346c        0x8 ./SDK/startup/startup_mk64f12.o
                0x0000346c                MCM_IRQHandler
 .text.FTFE_IRQHandler
                0x00003474        0x8 ./SDK/startup/startup_mk64f12.o
                0x00003474                FTFE_IRQHandler
 .text.Read_Collision_IRQHandler
                0x0000347c        0x8 ./SDK/startup/startup_mk64f12.o
                0x0000347c                Read_Collision_IRQHandler
 .text.LVD_LVW_IRQHandler
                0x00003484        0x8 ./SDK/startup/startup_mk64f12.o
                0x00003484                LVD_LVW_IRQHandler
 .text.LLWU_IRQHandler
                0x0000348c        0x8 ./SDK/startup/startup_mk64f12.o
                0x0000348c                LLWU_IRQHandler
 .text.WDOG_EWM_IRQHandler
                0x00003494        0x8 ./SDK/startup/startup_mk64f12.o
                0x00003494                WDOG_EWM_IRQHandler
 .text.RNG_IRQHandler
                0x0000349c        0x8 ./SDK/startup/startup_mk64f12.o
                0x0000349c                RNG_IRQHandler
 .text.I2C0_IRQHandler
                0x000034a4        0x8 ./SDK/startup/startup_mk64f12.o
                0x000034a4                I2C0_IRQHandler
 .text.I2C1_IRQHandler
                0x000034ac        0x8 ./SDK/startup/startup_mk64f12.o
                0x000034ac                I2C1_IRQHandler
 .text.SPI0_IRQHandler
                0x000034b4        0x8 ./SDK/startup/startup_mk64f12.o
                0x000034b4                SPI0_IRQHandler
 .text.SPI1_IRQHandler
                0x000034bc        0x8 ./SDK/startup/startup_mk64f12.o
                0x000034bc                SPI1_IRQHandler
 .text.I2S0_Tx_IRQHandler
                0x000034c4        0x8 ./SDK/startup/startup_mk64f12.o
                0x000034c4                I2S0_Tx_IRQHandler
 .text.I2S0_Rx_IRQHandler
                0x000034cc        0x8 ./SDK/startup/startup_mk64f12.o
                0x000034cc                I2S0_Rx_IRQHandler
 .text.UART0_LON_IRQHandler
                0x000034d4        0x8 ./SDK/startup/startup_mk64f12.o
                0x000034d4                UART0_LON_IRQHandler
 .text.UART0_RX_TX_IRQHandler
                0x000034dc        0x8 ./SDK/startup/startup_mk64f12.o
                0x000034dc                UART0_RX_TX_IRQHandler
 .text.UART0_ERR_IRQHandler
                0x000034e4        0x8 ./SDK/startup/startup_mk64f12.o
                0x000034e4                UART0_ERR_IRQHandler
 .text.UART1_RX_TX_IRQHandler
                0x000034ec        0x8 ./SDK/startup/startup_mk64f12.o
                0x000034ec                UART1_RX_TX_IRQHandler
 .text.UART1_ERR_IRQHandler
                0x000034f4        0x8 ./SDK/startup/startup_mk64f12.o
                0x000034f4                UART1_ERR_IRQHandler
 .text.UART2_RX_TX_IRQHandler
                0x000034fc        0x8 ./SDK/startup/startup_mk64f12.o
                0x000034fc                UART2_RX_TX_IRQHandler
 .text.UART2_ERR_IRQHandler
                0x00003504        0x8 ./SDK/startup/startup_mk64f12.o
                0x00003504                UART2_ERR_IRQHandler
 .text.UART3_RX_TX_IRQHandler
                0x0000350c        0x8 ./SDK/startup/startup_mk64f12.o
                0x0000350c                UART3_RX_TX_IRQHandler
 .text.UART3_ERR_IRQHandler
                0x00003514        0x8 ./SDK/startup/startup_mk64f12.o
                0x00003514                UART3_ERR_IRQHandler
 .text.ADC0_IRQHandler
                0x0000351c        0x8 ./SDK/startup/startup_mk64f12.o
                0x0000351c                ADC0_IRQHandler
 .text.CMP0_IRQHandler
                0x00003524        0x8 ./SDK/startup/startup_mk64f12.o
                0x00003524                CMP0_IRQHandler
 .text.CMP1_IRQHandler
                0x0000352c        0x8 ./SDK/startup/startup_mk64f12.o
                0x0000352c                CMP1_IRQHandler
 .text.FTM0_IRQHandler
                0x00003534        0x8 ./SDK/startup/startup_mk64f12.o
                0x00003534                FTM0_IRQHandler
 .text.FTM1_IRQHandler
                0x0000353c        0x8 ./SDK/startup/startup_mk64f12.o
                0x0000353c                FTM1_IRQHandler
 .text.FTM2_IRQHandler
                0x00003544        0x8 ./SDK/startup/startup_mk64f12.o
                0x00003544                FTM2_IRQHandler
 .text.CMT_IRQHandler
                0x0000354c        0x8 ./SDK/startup/startup_mk64f12.o
                0x0000354c                CMT_IRQHandler
 .text.RTC_IRQHandler
                0x00003554        0x8 ./SDK/startup/startup_mk64f12.o
                0x00003554                RTC_IRQHandler
 .text.RTC_Seconds_IRQHandler
                0x0000355c        0x8 ./SDK/startup/startup_mk64f12.o
                0x0000355c                RTC_Seconds_IRQHandler
 .text.PIT0_IRQHandler
                0x00003564        0x8 ./SDK/startup/startup_mk64f12.o
                0x00003564                PIT0_IRQHandler
 .text.PIT1_IRQHandler
                0x0000356c        0x8 ./SDK/startup/startup_mk64f12.o
                0x0000356c                PIT1_IRQHandler
 .text.PIT2_IRQHandler
                0x00003574        0x8 ./SDK/startup/startup_mk64f12.o
                0x00003574                PIT2_IRQHandler
 .text.PIT3_IRQHandler
                0x0000357c        0x8 ./SDK/startup/startup_mk64f12.o
                0x0000357c                PIT3_IRQHandler
 .text.PDB0_IRQHandler
                0x00003584        0x8 ./SDK/startup/startup_mk64f12.o
                0x00003584                PDB0_IRQHandler
 .text.USB0_IRQHandler
                0x0000358c        0x8 ./SDK/startup/startup_mk64f12.o
                0x0000358c                USB0_IRQHandler
 .text.USBDCD_IRQHandler
                0x00003594        0x8 ./SDK/startup/startup_mk64f12.o
                0x00003594                USBDCD_IRQHandler
 .text.Reserved71_IRQHandler
                0x0000359c        0x8 ./SDK/startup/startup_mk64f12.o
                0x0000359c                Reserved71_IRQHandler
 .text.DAC0_IRQHandler
                0x000035a4        0x8 ./SDK/startup/startup_mk64f12.o
                0x000035a4                DAC0_IRQHandler
 .text.MCG_IRQHandler
                0x000035ac        0x8 ./SDK/startup/startup_mk64f12.o
                0x000035ac                MCG_IRQHandler
 .text.LPTMR0_IRQHandler
                0x000035b4        0x8 ./SDK/startup/startup_mk64f12.o
                0x000035b4                LPTMR0_IRQHandler
 .text.PORTA_IRQHandler
                0x000035bc        0x8 ./SDK/startup/startup_mk64f12.o
                0x000035bc                PORTA_IRQHandler
 .text.PORTB_IRQHandler
                0x000035c4        0x8 ./SDK/startup/startup_mk64f12.o
                0x000035c4                PORTB_IRQHandler
 .text.PORTC_IRQHandler
                0x000035cc        0x8 ./SDK/startup/startup_mk64f12.o
                0x000035cc                PORTC_IRQHandler
 .text.PORTD_IRQHandler
                0x000035d4        0x8 ./SDK/startup/startup_mk64f12.o
                0x000035d4                PORTD_IRQHandler
 .text.PORTE_IRQHandler
                0x000035dc        0x8 ./SDK/startup/startup_mk64f12.o
                0x000035dc                PORTE_IRQHandler
 .text.SWI_IRQHandler
                0x000035e4        0x8 ./SDK/startup/startup_mk64f12.o
                0x000035e4                SWI_IRQHandler
 .text.SPI2_IRQHandler
                0x000035ec        0x8 ./SDK/startup/startup_mk64f12.o
                0x000035ec                SPI2_IRQHandler
 .text.UART4_RX_TX_IRQHandler
                0x000035f4        0x8 ./SDK/startup/startup_mk64f12.o
                0x000035f4                UART4_RX_TX_IRQHandler
 .text.UART4_ERR_IRQHandler
                0x000035fc        0x8 ./SDK/startup/startup_mk64f12.o
                0x000035fc                UART4_ERR_IRQHandler
 .text.UART5_RX_TX_IRQHandler
                0x00003604        0x8 ./SDK/startup/startup_mk64f12.o
                0x00003604                UART5_RX_TX_IRQHandler
 .text.UART5_ERR_IRQHandler
                0x0000360c        0x8 ./SDK/startup/startup_mk64f12.o
                0x0000360c                UART5_ERR_IRQHandler
 .text.CMP2_IRQHandler
                0x00003614        0x8 ./SDK/startup/startup_mk64f12.o
                0x00003614                CMP2_IRQHandler
 .text.FTM3_IRQHandler
                0x0000361c        0x8 ./SDK/startup/startup_mk64f12.o
                0x0000361c                FTM3_IRQHandler
 .text.DAC1_IRQHandler
                0x00003624        0x8 ./SDK/startup/startup_mk64f12.o
                0x00003624                DAC1_IRQHandler
 .text.ADC1_IRQHandler
                0x0000362c        0x8 ./SDK/startup/startup_mk64f12.o
                0x0000362c                ADC1_IRQHandler
 .text.I2C2_IRQHandler
                0x00003634        0x8 ./SDK/startup/startup_mk64f12.o
                0x00003634                I2C2_IRQHandler
 .text.CAN0_ORed_Message_buffer_IRQHandler
                0x0000363c        0x8 ./SDK/startup/startup_mk64f12.o
                0x0000363c                CAN0_ORed_Message_buffer_IRQHandler
 .text.CAN0_Bus_Off_IRQHandler
                0x00003644        0x8 ./SDK/startup/startup_mk64f12.o
                0x00003644                CAN0_Bus_Off_IRQHandler
 .text.CAN0_Error_IRQHandler
                0x0000364c        0x8 ./SDK/startup/startup_mk64f12.o
                0x0000364c                CAN0_Error_IRQHandler
 .text.CAN0_Tx_Warning_IRQHandler
                0x00003654        0x8 ./SDK/startup/startup_mk64f12.o
                0x00003654                CAN0_Tx_Warning_IRQHandler
 .text.CAN0_Rx_Warning_IRQHandler
                0x0000365c        0x8 ./SDK/startup/startup_mk64f12.o
                0x0000365c                CAN0_Rx_Warning_IRQHandler
 .text.CAN0_Wake_Up_IRQHandler
                0x00003664        0x8 ./SDK/startup/startup_mk64f12.o
                0x00003664                CAN0_Wake_Up_IRQHandler
 .text.SDHC_IRQHandler
                0x0000366c        0x8 ./SDK/startup/startup_mk64f12.o
                0x0000366c                SDHC_IRQHandler
 .text.ENET_1588_Timer_IRQHandler
                0x00003674        0x8 ./SDK/startup/startup_mk64f12.o
                0x00003674                ENET_1588_Timer_IRQHandler
 .text.ENET_Transmit_IRQHandler
                0x0000367c        0x8 ./SDK/startup/startup_mk64f12.o
                0x0000367c                ENET_Transmit_IRQHandler
 .text.ENET_Receive_IRQHandler
                0x00003684        0x8 ./SDK/startup/startup_mk64f12.o
                0x00003684                ENET_Receive_IRQHandler
 .text.ENET_Error_IRQHandler
                0x0000368c        0x8 ./SDK/startup/startup_mk64f12.o
                0x0000368c                ENET_Error_IRQHandler
 .text.SystemInitHook
                0x00003694        0xe ./SDK/CMSIS/system_MK64F12.o
                0x00003694                SystemInitHook
 .text.free     0x000036a2       0x30 c:/nxp/mcuxpressoide_10.2.0_759/ide/tools/bin/../lib/gcc/arm-none-eabi/7.2.1/../../../../arm-none-eabi/lib/thumb/v7e-m/fpv4-sp/hard\libcr_c.a(alloc.o)
                0x000036a2                free
 .text.fp_round
                0x000036d2       0x4e c:/nxp/mcuxpressoide_10.2.0_759/ide/tools/bin/../lib/gcc/arm-none-eabi/7.2.1/../../../../arm-none-eabi/lib/thumb/v7e-m/fpv4-sp/hard\libcr_c.a(fpprintf.o)
 .text.pr_dec.constprop.1
                0x00003720       0x26 c:/nxp/mcuxpressoide_10.2.0_759/ide/tools/bin/../lib/gcc/arm-none-eabi/7.2.1/../../../../arm-none-eabi/lib/thumb/v7e-m/fpv4-sp/hard\libcr_c.a(fpprintf.o)
 .text.strlen   0x00003746       0x4a c:/nxp/mcuxpressoide_10.2.0_759/ide/tools/bin/../lib/gcc/arm-none-eabi/7.2.1/../../../../arm-none-eabi/lib/thumb/v7e-m/fpv4-sp/hard\libcr_c.a(strlen.o)
                0x00003746                strlen
 .text.memset   0x00003790        0x4 c:/nxp/mcuxpressoide_10.2.0_759/ide/tools/bin/../lib/gcc/arm-none-eabi/7.2.1/../../../../arm-none-eabi/lib/thumb/v7e-m/fpv4-sp/hard\libcr_c.a(memset.o)
                0x00003790                memset
 .text._deferredlazyseek
                0x00003794       0x40 c:/nxp/mcuxpressoide_10.2.0_759/ide/tools/bin/../lib/gcc/arm-none-eabi/7.2.1/../../../../arm-none-eabi/lib/thumb/v7e-m/fpv4-sp/hard\libcr_c.a(_deferredlazyseek.o)
                0x00003794                _deferredlazyseek
 .text.__flsbuf
                0x000037d4      0x140 c:/nxp/mcuxpressoide_10.2.0_759/ide/tools/bin/../lib/gcc/arm-none-eabi/7.2.1/../../../../arm-none-eabi/lib/thumb/v7e-m/fpv4-sp/hard\libcr_c.a(_deferredlazyseek.o)
                0x000037d4                __flsbuf
 .text._fflush  0x00003914       0x52 c:/nxp/mcuxpressoide_10.2.0_759/ide/tools/bin/../lib/gcc/arm-none-eabi/7.2.1/../../../../arm-none-eabi/lib/thumb/v7e-m/fpv4-sp/hard\libcr_c.a(_fflush.o)
                0x00003914                _fflush
 .text.__aeabi_d2iz
                0x00003966       0x40 c:/nxp/mcuxpressoide_10.2.0_759/ide/tools/bin/../lib/gcc/arm-none-eabi/7.2.1/thumb/v7e-m/fpv4-sp/hard\libcr_eabihelpers.a(double.o)
                0x00003966                __aeabi_d2iz
 .text.__bhs_ui2d
                0x000039a6       0x46 c:/nxp/mcuxpressoide_10.2.0_759/ide/tools/bin/../lib/gcc/arm-none-eabi/7.2.1/thumb/v7e-m/fpv4-sp/hard\libcr_eabihelpers.a(double.o)
                0x000039a6                __bhs_ui2d
 .text.__aeabi_i2d
                0x000039ec       0x12 c:/nxp/mcuxpressoide_10.2.0_759/ide/tools/bin/../lib/gcc/arm-none-eabi/7.2.1/thumb/v7e-m/fpv4-sp/hard\libcr_eabihelpers.a(double.o)
                0x000039ec                __aeabi_i2d
 .text.__aeabi_dcmpeq
                0x000039fe       0x30 c:/nxp/mcuxpressoide_10.2.0_759/ide/tools/bin/../lib/gcc/arm-none-eabi/7.2.1/thumb/v7e-m/fpv4-sp/hard\libcr_eabihelpers.a(double.o)
                0x000039fe                __aeabi_dcmpeq
 .text.__aeabi_dcmplt
                0x00003a2e       0x58 c:/nxp/mcuxpressoide_10.2.0_759/ide/tools/bin/../lib/gcc/arm-none-eabi/7.2.1/thumb/v7e-m/fpv4-sp/hard\libcr_eabihelpers.a(double.o)
                0x00003a2e                __aeabi_dcmplt
 .text.__aeabi_dcmple
                0x00003a86       0x5a c:/nxp/mcuxpressoide_10.2.0_759/ide/tools/bin/../lib/gcc/arm-none-eabi/7.2.1/thumb/v7e-m/fpv4-sp/hard\libcr_eabihelpers.a(double.o)
                0x00003a86                __aeabi_dcmple
 .text.__aeabi_dcmpge
                0x00003ae0       0x58 c:/nxp/mcuxpressoide_10.2.0_759/ide/tools/bin/../lib/gcc/arm-none-eabi/7.2.1/thumb/v7e-m/fpv4-sp/hard\libcr_eabihelpers.a(double.o)
                0x00003ae0                __aeabi_dcmpge
 .text.__aeabi_memset_lowlevel
                0x00003b38       0x32 c:/nxp/mcuxpressoide_10.2.0_759/ide/tools/bin/../lib/gcc/arm-none-eabi/7.2.1/thumb/v7e-m/fpv4-sp/hard\libcr_eabihelpers.a(memcpy.o)
                0x00003b38                __aeabi_lowlevel_memset
 *(SORT_BY_ALIGNMENT(.rodata) SORT_BY_ALIGNMENT(.rodata.*) SORT_BY_ALIGNMENT(.constdata) SORT_BY_ALIGNMENT(.constdata.*))
 *fill*         0x00003b6a        0x6 ff
 .rodata.__huge_vall
                0x00003b70        0x8 c:/nxp/mcuxpressoide_10.2.0_759/ide/tools/bin/../lib/gcc/arm-none-eabi/7.2.1/../../../../arm-none-eabi/lib/thumb/v7e-m/fpv4-sp/hard\libcr_c.a(_hugeval.o)
                0x00003b70                __huge_vall
 .rodata        0x00003b78       0xe0 ./source/App.o
 .rodata._Csys_alloc.str1.1
                0x00003c58       0x18 c:/nxp/mcuxpressoide_10.2.0_759/ide/tools/bin/../lib/gcc/arm-none-eabi/7.2.1/../../../../arm-none-eabi/lib/thumb/v7e-m/fpv4-sp/hard\libcr_c.a(alloc.o)
 .rodata.fp_display.str1.1
                0x00003c70       0x34 c:/nxp/mcuxpressoide_10.2.0_759/ide/tools/bin/../lib/gcc/arm-none-eabi/7.2.1/../../../../arm-none-eabi/lib/thumb/v7e-m/fpv4-sp/hard\libcr_c.a(fpprintf.o)
                                 0x35 (size before relaxing)
 .rodata.__vfprintf.str1.1
                0x00003ca4       0x31 c:/nxp/mcuxpressoide_10.2.0_759/ide/tools/bin/../lib/gcc/arm-none-eabi/7.2.1/../../../../arm-none-eabi/lib/thumb/v7e-m/fpv4-sp/hard\libcr_c.a(printf.o)
                                 0x38 (size before relaxing)
                0x00003cd8                . = ALIGN (0x8)
 *fill*         0x00003cd5        0x3 ff

.glue_7         0x00003cd8        0x0
 .glue_7        0x00003cd8        0x0 linker stubs

.glue_7t        0x00003cd8        0x0
 .glue_7t       0x00003cd8        0x0 linker stubs

.vfp11_veneer   0x00003cd8        0x0
 .vfp11_veneer  0x00003cd8        0x0 linker stubs

.v4_bx          0x00003cd8        0x0
 .v4_bx         0x00003cd8        0x0 linker stubs

.iplt           0x00003cd8        0x0
 .iplt          0x00003cd8        0x0 ./source/timer/SysTick.o

.rel.dyn        0x00003cd8        0x0
 .rel.iplt      0x00003cd8        0x0 ./source/timer/SysTick.o

.ARM.extab
 *(SORT_BY_ALIGNMENT(.ARM.extab*) SORT_BY_ALIGNMENT(.gnu.linkonce.armextab.*))
                0x00003cd8                __exidx_start = .

.ARM.exidx
 *(SORT_BY_ALIGNMENT(.ARM.exidx*) SORT_BY_ALIGNMENT(.gnu.linkonce.armexidx.*))
                0x00003cd8                __exidx_end = .
                0x00003cd8                _etext = .

.m_usb_data
 *(SORT_BY_ALIGNMENT(m_usb_bdt))

.data_RAM2      0x1fff0000        0x0 load address 0x00003cd8
 FILL mask 0xff
                [!provide]                PROVIDE (__start_data_RAM2, .)
 *(SORT_BY_ALIGNMENT(.ramfunc.$RAM2))
 *(SORT_BY_ALIGNMENT(.ramfunc.$SRAM_LOWER))
 *(SORT_BY_ALIGNMENT(.data.$RAM2*))
 *(SORT_BY_ALIGNMENT(.data.$SRAM_LOWER*))
                0x1fff0000                . = ALIGN (0x8)
                [!provide]                PROVIDE (__end_data_RAM2, .)

.data_RAM3      0x14000000        0x0 load address 0x00003cd8
 FILL mask 0xff
                [!provide]                PROVIDE (__start_data_RAM3, .)
 *(SORT_BY_ALIGNMENT(.ramfunc.$RAM3))
 *(SORT_BY_ALIGNMENT(.ramfunc.$FLEX_RAM))
 *(SORT_BY_ALIGNMENT(.data.$RAM3*))
 *(SORT_BY_ALIGNMENT(.data.$FLEX_RAM*))
                0x14000000                . = ALIGN (0x8)
                [!provide]                PROVIDE (__end_data_RAM3, .)

.uninit_RESERVED
                0x20000000        0x0
 *(SORT_BY_ALIGNMENT(.bss.$RESERVED*))
                0x20000000                . = ALIGN (0x4)
                0x20000000                _end_uninit_RESERVED = .

.data           0x20000000       0x30 load address 0x00003cd8
 FILL mask 0xff
                0x20000000                _data = .
 *(SORT_BY_ALIGNMENT(vtable))
 *(SORT_BY_ALIGNMENT(.ramfunc*))
 *(SORT_BY_ALIGNMENT(.data*))
 .data.port_base_pointer
                0x20000000       0x14 ./source/MCAL/gpio.o
 .data.gpio_base_pointer
                0x20000014       0x14 ./source/MCAL/gpio.o
 .data.timers_cant
                0x20000028        0x1 ./source/timer/timer.o
 .data.encFSM.5664
                0x20000029        0x1 ./source/drivers/src/encoder.o
                0x20000030                . = ALIGN (0x8)
 *fill*         0x2000002a        0x6 ff
                0x20000030                _edata = .

.igot.plt       0x20000030        0x0 load address 0x00003d08
 .igot.plt      0x20000030        0x0 ./source/timer/SysTick.o

.bss_RAM2       0x1fff0000        0x0
                [!provide]                PROVIDE (__start_bss_RAM2, .)
 *(SORT_BY_ALIGNMENT(.bss.$RAM2*))
 *(SORT_BY_ALIGNMENT(.bss.$SRAM_LOWER*))
                0x1fff0000                . = ALIGN ((. != 0x0)?0x8:0x1)
                [!provide]                PROVIDE (__end_bss_RAM2, .)

.bss_RAM3       0x14000000        0x0
                [!provide]                PROVIDE (__start_bss_RAM3, .)
 *(SORT_BY_ALIGNMENT(.bss.$RAM3*))
 *(SORT_BY_ALIGNMENT(.bss.$FLEX_RAM*))
                0x14000000                . = ALIGN ((. != 0x0)?0x8:0x1)
                [!provide]                PROVIDE (__end_bss_RAM3, .)

.bss            0x20000030      0x250
                0x20000030                _bss = .
 *(SORT_BY_ALIGNMENT(.bss*))
 .bss.st_callback
                0x20000030        0x4 ./source/timer/SysTick.o
 .bss.timers    0x20000034      0x230 ./source/timer/timer.o
 .bss.__LDM_interruptDisableCount
                0x20000264        0x4 ./SDK/startup/hardware.o
 .bss.__end_of_heap
                0x20000268        0x4 c:/nxp/mcuxpressoide_10.2.0_759/ide/tools/bin/../lib/gcc/arm-none-eabi/7.2.1/../../../../arm-none-eabi/lib/thumb/v7e-m/fpv4-sp/hard\libcr_c.a(__init_alloc.o)
                0x20000268                __end_of_heap
 .bss.__heaps   0x2000026c        0x4 c:/nxp/mcuxpressoide_10.2.0_759/ide/tools/bin/../lib/gcc/arm-none-eabi/7.2.1/../../../../arm-none-eabi/lib/thumb/v7e-m/fpv4-sp/hard\libcr_c.a(__init_alloc.o)
                0x2000026c                __heaps
 .bss.errno     0x20000270        0x4 c:/nxp/mcuxpressoide_10.2.0_759/ide/tools/bin/../lib/gcc/arm-none-eabi/7.2.1/../../../../arm-none-eabi/lib/thumb/v7e-m/fpv4-sp/hard\libcr_c.a(errno.o)
                0x20000270                errno
 .bss.yaInit.7478
                0x20000274        0x1 ./source/timer/timer.o
 .bss.PINA      0x20000275        0x1 ./source/drivers/src/encoder.o
 .bss.PINB      0x20000276        0x1 ./source/drivers/src/encoder.o
 .bss.PINSW     0x20000277        0x1 ./source/drivers/src/encoder.o
 .bss.status    0x20000278        0x1 ./source/drivers/src/encoder.o
 .bss.encEvent  0x20000279        0x1 ./source/drivers/src/encoder.o
 .bss.encTimer  0x2000027a        0x1 ./source/drivers/src/encoder.o
 .bss.lastSW.5665
                0x2000027b        0x1 ./source/drivers/src/encoder.o
 .bss.encoderState
                0x2000027c        0x1 ./source/App.o
 *(SORT_BY_ALIGNMENT(COMMON))
                0x20000280                . = ALIGN (0x8)
 *fill*         0x2000027d        0x3 
                0x20000280                _ebss = .
                [!provide]                PROVIDE (end, .)

.noinit_RAM2    0x1fff0000        0x0
 *(SORT_BY_ALIGNMENT(.noinit.$RAM2*))
 *(SORT_BY_ALIGNMENT(.noinit.$SRAM_LOWER*))
                0x1fff0000                . = ALIGN (0x8)

.noinit_RAM3    0x14000000        0x0
 *(SORT_BY_ALIGNMENT(.noinit.$RAM3*))
 *(SORT_BY_ALIGNMENT(.noinit.$FLEX_RAM*))
                0x14000000                . = ALIGN (0x8)

.noinit         0x20000280        0x0
                0x20000280                _noinit = .
 *(SORT_BY_ALIGNMENT(.noinit*))
                0x20000280                . = ALIGN (0x8)
                0x20000280                _end_noinit = .
                0x00001000                _HeapSize = 0x1000

.heap           0x20000280     0x1000
                0x20000280                _pvHeapStart = .
                0x20001280                . = (. + _HeapSize)
 *fill*         0x20000280     0x1000 
                0x20001280                . = ALIGN (0x8)
                0x20001280                _pvHeapLimit = .
                0x00001000                _StackSize = 0x1000

.heap2stackfill
                0x20001280     0x1000
                0x20002280                . = (. + _StackSize)
 *fill*         0x20001280     0x1000 

.stack          0x2002f000        0x0
                0x2002f000                _vStackBase = .
                0x2002f000                . = ALIGN (0x8)
                0x20030000                _vStackTop = (. + _StackSize)
                0x00000000                _image_start = LOADADDR (.text)
                0x00003d08                _image_end = (LOADADDR (.data) + SIZEOF (.data))
                0x00003d08                _image_size = (_image_end - _image_start)
OUTPUT(TP1_G4.axf elf32-littlearm)

.debug_info     0x00000000     0x4418
 .debug_info    0x00000000      0x549 ./source/timer/SysTick.o
 .debug_info    0x00000549      0xb71 ./source/timer/timer.o
 .debug_info    0x000010ba      0xaba ./source/drivers/src/encoder.o
 .debug_info    0x00001b74      0x542 ./source/MCAL/gpio.o
 .debug_info    0x000020b6      0xd4f ./source/App.o
 .debug_info    0x00002e05      0x675 ./SDK/startup/hardware.o
 .debug_info    0x0000347a       0xb7 ./SDK/startup/main.o
 .debug_info    0x00003531       0x3b ./SDK/startup/semihost_hardfault.o
 .debug_info    0x0000356c      0x8b0 ./SDK/startup/startup_mk64f12.o
 .debug_info    0x00003e1c      0x5fc ./SDK/CMSIS/system_MK64F12.o

.debug_abbrev   0x00000000      0xf7a
 .debug_abbrev  0x00000000      0x1ae ./source/timer/SysTick.o
 .debug_abbrev  0x000001ae      0x2b0 ./source/timer/timer.o
 .debug_abbrev  0x0000045e      0x244 ./source/drivers/src/encoder.o
 .debug_abbrev  0x000006a2      0x164 ./source/MCAL/gpio.o
 .debug_abbrev  0x00000806      0x2f5 ./source/App.o
 .debug_abbrev  0x00000afb      0x138 ./SDK/startup/hardware.o
 .debug_abbrev  0x00000c33       0x7d ./SDK/startup/main.o
 .debug_abbrev  0x00000cb0       0x2f ./SDK/startup/semihost_hardfault.o
 .debug_abbrev  0x00000cdf      0x15c ./SDK/startup/startup_mk64f12.o
 .debug_abbrev  0x00000e3b      0x13f ./SDK/CMSIS/system_MK64F12.o

.debug_aranges  0x00000000      0x558
 .debug_aranges
                0x00000000       0x30 ./source/timer/SysTick.o
 .debug_aranges
                0x00000030       0x60 ./source/timer/timer.o
 .debug_aranges
                0x00000090       0x48 ./source/drivers/src/encoder.o
 .debug_aranges
                0x000000d8       0x40 ./source/MCAL/gpio.o
 .debug_aranges
                0x00000118       0x70 ./source/App.o
 .debug_aranges
                0x00000188       0x30 ./SDK/startup/hardware.o
 .debug_aranges
                0x000001b8       0x20 ./SDK/startup/main.o
 .debug_aranges
                0x000001d8       0x20 ./SDK/startup/semihost_hardfault.o
 .debug_aranges
                0x000001f8      0x330 ./SDK/startup/startup_mk64f12.o
 .debug_aranges
                0x00000528       0x30 ./SDK/CMSIS/system_MK64F12.o

.debug_ranges   0x00000000      0x4b8
 .debug_ranges  0x00000000       0x20 ./source/timer/SysTick.o
 .debug_ranges  0x00000020       0x50 ./source/timer/timer.o
 .debug_ranges  0x00000070       0x38 ./source/drivers/src/encoder.o
 .debug_ranges  0x000000a8       0x30 ./source/MCAL/gpio.o
 .debug_ranges  0x000000d8       0x60 ./source/App.o
 .debug_ranges  0x00000138       0x20 ./SDK/startup/hardware.o
 .debug_ranges  0x00000158       0x10 ./SDK/startup/main.o
 .debug_ranges  0x00000168       0x10 ./SDK/startup/semihost_hardfault.o
 .debug_ranges  0x00000178      0x320 ./SDK/startup/startup_mk64f12.o
 .debug_ranges  0x00000498       0x20 ./SDK/CMSIS/system_MK64F12.o

.debug_macro    0x00000000    0x12c85
 .debug_macro   0x00000000       0xdb ./source/timer/SysTick.o
 .debug_macro   0x000000db      0xa5a ./source/timer/SysTick.o
 .debug_macro   0x00000b35      0x174 ./source/timer/SysTick.o
 .debug_macro   0x00000ca9      0x34e ./source/timer/SysTick.o
 .debug_macro   0x00000ff7       0x22 ./source/timer/SysTick.o
 .debug_macro   0x00001019       0x10 ./source/timer/SysTick.o
 .debug_macro   0x00001029       0x5c ./source/timer/SysTick.o
 .debug_macro   0x00001085       0x1c ./source/timer/SysTick.o
 .debug_macro   0x000010a1       0x22 ./source/timer/SysTick.o
 .debug_macro   0x000010c3       0xdf ./source/timer/SysTick.o
 .debug_macro   0x000011a2      0xecf ./source/timer/SysTick.o
 .debug_macro   0x00002071       0x48 ./source/timer/SysTick.o
 .debug_macro   0x000020b9     0xe07b ./source/timer/SysTick.o
 .debug_macro   0x00010134     0x122b ./source/timer/SysTick.o
 .debug_macro   0x0001135f       0x16 ./source/timer/SysTick.o
 .debug_macro   0x00011375       0x52 ./source/timer/SysTick.o
 .debug_macro   0x000113c7       0x82 ./source/timer/SysTick.o
 .debug_macro   0x00011449      0x1f2 ./source/timer/timer.o
 .debug_macro   0x0001163b       0x4c ./source/timer/timer.o
 .debug_macro   0x00011687       0x17 ./source/timer/timer.o
 .debug_macro   0x0001169e       0x22 ./source/timer/timer.o
 .debug_macro   0x000116c0       0x52 ./source/timer/timer.o
 .debug_macro   0x00011712       0x8d ./source/timer/timer.o
 .debug_macro   0x0001179f       0x35 ./source/timer/timer.o
 .debug_macro   0x000117d4       0x9c ./source/timer/timer.o
 .debug_macro   0x00011870       0x16 ./source/timer/timer.o
 .debug_macro   0x00011886      0x10e ./source/timer/timer.o
 .debug_macro   0x00011994       0x8d ./source/timer/timer.o
 .debug_macro   0x00011a21       0x57 ./source/timer/timer.o
 .debug_macro   0x00011a78       0x58 ./source/timer/timer.o
 .debug_macro   0x00011ad0       0x1f ./source/timer/timer.o
 .debug_macro   0x00011aef       0x43 ./source/timer/timer.o
 .debug_macro   0x00011b32       0x20 ./source/timer/timer.o
 .debug_macro   0x00011b52      0x18e ./source/timer/timer.o
 .debug_macro   0x00011ce0      0x330 ./source/timer/timer.o
 .debug_macro   0x00012010       0x16 ./source/timer/timer.o
 .debug_macro   0x00012026       0x29 ./source/timer/timer.o
 .debug_macro   0x0001204f       0x1c ./source/timer/timer.o
 .debug_macro   0x0001206b       0xd9 ./source/timer/timer.o
 .debug_macro   0x00012144      0x14d ./source/drivers/src/encoder.o
 .debug_macro   0x00012291       0xaf ./source/MCAL/gpio.o
 .debug_macro   0x00012340      0x221 ./source/App.o
 .debug_macro   0x00012561       0x22 ./source/App.o
 .debug_macro   0x00012583       0x1c ./source/App.o
 .debug_macro   0x0001259f       0x35 ./source/App.o
 .debug_macro   0x000125d4       0x10 ./source/App.o
 .debug_macro   0x000125e4       0x10 ./source/App.o
 .debug_macro   0x000125f4       0x6a ./source/App.o
 .debug_macro   0x0001265e       0x1c ./source/App.o
 .debug_macro   0x0001267a       0x52 ./source/App.o
 .debug_macro   0x000126cc       0x40 ./source/App.o
 .debug_macro   0x0001270c       0x10 ./source/App.o
 .debug_macro   0x0001271c       0x40 ./source/App.o
 .debug_macro   0x0001275c       0xd7 ./source/App.o
 .debug_macro   0x00012833       0x1c ./source/App.o
 .debug_macro   0x0001284f       0x3d ./source/App.o
 .debug_macro   0x0001288c       0x16 ./source/App.o
 .debug_macro   0x000128a2      0x16f ./source/App.o
 .debug_macro   0x00012a11       0x82 ./source/App.o
 .debug_macro   0x00012a93       0x9c ./SDK/startup/hardware.o
 .debug_macro   0x00012b2f       0x9c ./SDK/startup/main.o
 .debug_macro   0x00012bcb       0x11 ./SDK/startup/semihost_hardfault.o
 .debug_macro   0x00012bdc       0x29 ./SDK/startup/startup_mk64f12.o
 .debug_macro   0x00012c05       0x80 ./SDK/CMSIS/system_MK64F12.o

.debug_line     0x00000000     0x1e5f
 .debug_line    0x00000000      0x242 ./source/timer/SysTick.o
 .debug_line    0x00000242      0x470 ./source/timer/timer.o
 .debug_line    0x000006b2      0x43f ./source/drivers/src/encoder.o
 .debug_line    0x00000af1      0x1ff ./source/MCAL/gpio.o
 .debug_line    0x00000cf0      0x52e ./source/App.o
 .debug_line    0x0000121e      0x1d4 ./SDK/startup/hardware.o
 .debug_line    0x000013f2      0x175 ./SDK/startup/main.o
 .debug_line    0x00001567       0x59 ./SDK/startup/semihost_hardfault.o
 .debug_line    0x000015c0      0x6d8 ./SDK/startup/startup_mk64f12.o
 .debug_line    0x00001c98      0x1c7 ./SDK/CMSIS/system_MK64F12.o

.debug_str      0x00000000    0x7d0be
 .debug_str     0x00000000    0x77a22 ./source/timer/SysTick.o
                              0x77c67 (size before relaxing)
 .debug_str     0x00077a22     0x32be ./source/timer/timer.o
                              0x7a954 (size before relaxing)
 .debug_str     0x0007ace0       0xfe ./source/drivers/src/encoder.o
                               0x7114 (size before relaxing)
 .debug_str     0x0007adde      0x1b3 ./source/MCAL/gpio.o
                              0x7724e (size before relaxing)
 .debug_str     0x0007af91     0x16d8 ./source/App.o
                               0x83fa (size before relaxing)
 .debug_str     0x0007c669      0x178 ./SDK/startup/hardware.o
                              0x771f8 (size before relaxing)
 .debug_str     0x0007c7e1       0x1b ./SDK/startup/main.o
                              0x76fcc (size before relaxing)
 .debug_str     0x0007c7fc       0x36 ./SDK/startup/semihost_hardfault.o
                               0x2d32 (size before relaxing)
 .debug_str     0x0007c832      0x82a ./SDK/startup/startup_mk64f12.o
                               0x35a0 (size before relaxing)
 .debug_str     0x0007d05c       0x62 ./SDK/CMSIS/system_MK64F12.o
                              0x77107 (size before relaxing)

.comment        0x00000000       0x7e
 .comment       0x00000000       0x7e ./source/timer/SysTick.o
                                 0x7f (size before relaxing)
 .comment       0x0000007e       0x7f ./source/timer/timer.o
 .comment       0x0000007e       0x7f ./source/drivers/src/encoder.o
 .comment       0x0000007e       0x7f ./source/MCAL/gpio.o
 .comment       0x0000007e       0x7f ./source/App.o
 .comment       0x0000007e       0x7f ./SDK/startup/hardware.o
 .comment       0x0000007e       0x7f ./SDK/startup/main.o
 .comment       0x0000007e       0x7f ./SDK/startup/semihost_hardfault.o
 .comment       0x0000007e       0x7f ./SDK/startup/startup_mk64f12.o
 .comment       0x0000007e       0x7f ./SDK/CMSIS/system_MK64F12.o
 .comment       0x0000007e       0x7f c:/nxp/mcuxpressoide_10.2.0_759/ide/tools/bin/../lib/gcc/arm-none-eabi/7.2.1/../../../../arm-none-eabi/lib/thumb/v7e-m/fpv4-sp/hard\libcr_c.a(alloc.o)
 .comment       0x0000007e       0x7f c:/nxp/mcuxpressoide_10.2.0_759/ide/tools/bin/../lib/gcc/arm-none-eabi/7.2.1/../../../../arm-none-eabi/lib/thumb/v7e-m/fpv4-sp/hard\libcr_c.a(fpprintf.o)
 .comment       0x0000007e       0x7f c:/nxp/mcuxpressoide_10.2.0_759/ide/tools/bin/../lib/gcc/arm-none-eabi/7.2.1/../../../../arm-none-eabi/lib/thumb/v7e-m/fpv4-sp/hard\libcr_c.a(printf.o)
 .comment       0x0000007e       0x7f c:/nxp/mcuxpressoide_10.2.0_759/ide/tools/bin/../lib/gcc/arm-none-eabi/7.2.1/../../../../arm-none-eabi/lib/thumb/v7e-m/fpv4-sp/hard\libcr_c.a(strlen.o)
 .comment       0x0000007e       0x7f c:/nxp/mcuxpressoide_10.2.0_759/ide/tools/bin/../lib/gcc/arm-none-eabi/7.2.1/../../../../arm-none-eabi/lib/thumb/v7e-m/fpv4-sp/hard\libcr_c.a(memset.o)
 .comment       0x0000007e       0x7f c:/nxp/mcuxpressoide_10.2.0_759/ide/tools/bin/../lib/gcc/arm-none-eabi/7.2.1/../../../../arm-none-eabi/lib/thumb/v7e-m/fpv4-sp/hard\libcr_c.a(__init_alloc.o)
 .comment       0x0000007e       0x7f c:/nxp/mcuxpressoide_10.2.0_759/ide/tools/bin/../lib/gcc/arm-none-eabi/7.2.1/../../../../arm-none-eabi/lib/thumb/v7e-m/fpv4-sp/hard\libcr_c.a(_cr_sbrk.o)
 .comment       0x0000007e       0x7f c:/nxp/mcuxpressoide_10.2.0_759/ide/tools/bin/../lib/gcc/arm-none-eabi/7.2.1/../../../../arm-none-eabi/lib/thumb/v7e-m/fpv4-sp/hard\libcr_c.a(_deferredlazyseek.o)
 .comment       0x0000007e       0x7f c:/nxp/mcuxpressoide_10.2.0_759/ide/tools/bin/../lib/gcc/arm-none-eabi/7.2.1/../../../../arm-none-eabi/lib/thumb/v7e-m/fpv4-sp/hard\libcr_c.a(_fflush.o)
 .comment       0x0000007e       0x7f c:/nxp/mcuxpressoide_10.2.0_759/ide/tools/bin/../lib/gcc/arm-none-eabi/7.2.1/../../../../arm-none-eabi/lib/thumb/v7e-m/fpv4-sp/hard\libcr_c.a(_frexpl.o)
 .comment       0x0000007e       0x7f c:/nxp/mcuxpressoide_10.2.0_759/ide/tools/bin/../lib/gcc/arm-none-eabi/7.2.1/../../../../arm-none-eabi/lib/thumb/v7e-m/fpv4-sp/hard\libcr_c.a(_ldexpl.o)
 .comment       0x0000007e       0x7f c:/nxp/mcuxpressoide_10.2.0_759/ide/tools/bin/../lib/gcc/arm-none-eabi/7.2.1/../../../../arm-none-eabi/lib/thumb/v7e-m/fpv4-sp/hard\libcr_c.a(_writebuf.o)
 .comment       0x0000007e       0x7f c:/nxp/mcuxpressoide_10.2.0_759/ide/tools/bin/../lib/gcc/arm-none-eabi/7.2.1/../../../../arm-none-eabi/lib/thumb/v7e-m/fpv4-sp/hard\libcr_c.a(errno.o)
 .comment       0x0000007e       0x7f c:/nxp/mcuxpressoide_10.2.0_759/ide/tools/bin/../lib/gcc/arm-none-eabi/7.2.1/../../../../arm-none-eabi/lib/thumb/v7e-m/fpv4-sp/hard\libcr_c.a(fseek.o)
 .comment       0x0000007e       0x7f c:/nxp/mcuxpressoide_10.2.0_759/ide/tools/bin/../lib/gcc/arm-none-eabi/7.2.1/../../../../arm-none-eabi/lib/thumb/v7e-m/fpv4-sp/hard\libcr_c.a(ftell.o)
 .comment       0x0000007e       0x7f c:/nxp/mcuxpressoide_10.2.0_759/ide/tools/bin/../lib/gcc/arm-none-eabi/7.2.1/../../../../arm-none-eabi/lib/thumb/v7e-m/fpv4-sp/hard\libcr_c.a(_cr_check_heap.o)
 .comment       0x0000007e       0x7f c:/nxp/mcuxpressoide_10.2.0_759/ide/tools/bin/../lib/gcc/arm-none-eabi/7.2.1/../../../../arm-none-eabi/lib/thumb/v7e-m/fpv4-sp/hard\libcr_c.a(_hugeval.o)
 .comment       0x0000007e       0x7f c:/nxp/mcuxpressoide_10.2.0_759/ide/tools/bin/../lib/gcc/arm-none-eabi/7.2.1/thumb/v7e-m/fpv4-sp/hard\libcr_eabihelpers.a(double.o)

.ARM.attributes
                0x00000000       0x37
 .ARM.attributes
                0x00000000       0x39 ./source/timer/SysTick.o
 .ARM.attributes
                0x00000039       0x39 ./source/timer/timer.o
 .ARM.attributes
                0x00000072       0x39 ./source/drivers/src/encoder.o
 .ARM.attributes
                0x000000ab       0x39 ./source/MCAL/gpio.o
 .ARM.attributes
                0x000000e4       0x39 ./source/App.o
 .ARM.attributes
                0x0000011d       0x39 ./SDK/startup/hardware.o
 .ARM.attributes
                0x00000156       0x39 ./SDK/startup/main.o
 .ARM.attributes
                0x0000018f       0x39 ./SDK/startup/semihost_hardfault.o
 .ARM.attributes
                0x000001c8       0x39 ./SDK/startup/startup_mk64f12.o
 .ARM.attributes
                0x00000201       0x39 ./SDK/CMSIS/system_MK64F12.o
 .ARM.attributes
                0x0000023a       0x39 c:/nxp/mcuxpressoide_10.2.0_759/ide/tools/bin/../lib/gcc/arm-none-eabi/7.2.1/../../../../arm-none-eabi/lib/thumb/v7e-m/fpv4-sp/hard\libcr_c.a(alloc.o)
 .ARM.attributes
                0x00000273       0x39 c:/nxp/mcuxpressoide_10.2.0_759/ide/tools/bin/../lib/gcc/arm-none-eabi/7.2.1/../../../../arm-none-eabi/lib/thumb/v7e-m/fpv4-sp/hard\libcr_c.a(fpprintf.o)
 .ARM.attributes
                0x000002ac       0x39 c:/nxp/mcuxpressoide_10.2.0_759/ide/tools/bin/../lib/gcc/arm-none-eabi/7.2.1/../../../../arm-none-eabi/lib/thumb/v7e-m/fpv4-sp/hard\libcr_c.a(printf.o)
 .ARM.attributes
                0x000002e5       0x39 c:/nxp/mcuxpressoide_10.2.0_759/ide/tools/bin/../lib/gcc/arm-none-eabi/7.2.1/../../../../arm-none-eabi/lib/thumb/v7e-m/fpv4-sp/hard\libcr_c.a(strlen.o)
 .ARM.attributes
                0x0000031e       0x39 c:/nxp/mcuxpressoide_10.2.0_759/ide/tools/bin/../lib/gcc/arm-none-eabi/7.2.1/../../../../arm-none-eabi/lib/thumb/v7e-m/fpv4-sp/hard\libcr_c.a(memset.o)
 .ARM.attributes
                0x00000357       0x39 c:/nxp/mcuxpressoide_10.2.0_759/ide/tools/bin/../lib/gcc/arm-none-eabi/7.2.1/../../../../arm-none-eabi/lib/thumb/v7e-m/fpv4-sp/hard\libcr_c.a(__init_alloc.o)
 .ARM.attributes
                0x00000390       0x39 c:/nxp/mcuxpressoide_10.2.0_759/ide/tools/bin/../lib/gcc/arm-none-eabi/7.2.1/../../../../arm-none-eabi/lib/thumb/v7e-m/fpv4-sp/hard\libcr_c.a(_cr_sbrk.o)
 .ARM.attributes
                0x000003c9       0x39 c:/nxp/mcuxpressoide_10.2.0_759/ide/tools/bin/../lib/gcc/arm-none-eabi/7.2.1/../../../../arm-none-eabi/lib/thumb/v7e-m/fpv4-sp/hard\libcr_c.a(_deferredlazyseek.o)
 .ARM.attributes
                0x00000402       0x39 c:/nxp/mcuxpressoide_10.2.0_759/ide/tools/bin/../lib/gcc/arm-none-eabi/7.2.1/../../../../arm-none-eabi/lib/thumb/v7e-m/fpv4-sp/hard\libcr_c.a(_fflush.o)
 .ARM.attributes
                0x0000043b       0x39 c:/nxp/mcuxpressoide_10.2.0_759/ide/tools/bin/../lib/gcc/arm-none-eabi/7.2.1/../../../../arm-none-eabi/lib/thumb/v7e-m/fpv4-sp/hard\libcr_c.a(_frexpl.o)
 .ARM.attributes
                0x00000474       0x39 c:/nxp/mcuxpressoide_10.2.0_759/ide/tools/bin/../lib/gcc/arm-none-eabi/7.2.1/../../../../arm-none-eabi/lib/thumb/v7e-m/fpv4-sp/hard\libcr_c.a(_ldexpl.o)
 .ARM.attributes
                0x000004ad       0x39 c:/nxp/mcuxpressoide_10.2.0_759/ide/tools/bin/../lib/gcc/arm-none-eabi/7.2.1/../../../../arm-none-eabi/lib/thumb/v7e-m/fpv4-sp/hard\libcr_c.a(_writebuf.o)
 .ARM.attributes
                0x000004e6       0x39 c:/nxp/mcuxpressoide_10.2.0_759/ide/tools/bin/../lib/gcc/arm-none-eabi/7.2.1/../../../../arm-none-eabi/lib/thumb/v7e-m/fpv4-sp/hard\libcr_c.a(errno.o)
 .ARM.attributes
                0x0000051f       0x39 c:/nxp/mcuxpressoide_10.2.0_759/ide/tools/bin/../lib/gcc/arm-none-eabi/7.2.1/../../../../arm-none-eabi/lib/thumb/v7e-m/fpv4-sp/hard\libcr_c.a(fseek.o)
 .ARM.attributes
                0x00000558       0x39 c:/nxp/mcuxpressoide_10.2.0_759/ide/tools/bin/../lib/gcc/arm-none-eabi/7.2.1/../../../../arm-none-eabi/lib/thumb/v7e-m/fpv4-sp/hard\libcr_c.a(ftell.o)
 .ARM.attributes
                0x00000591       0x39 c:/nxp/mcuxpressoide_10.2.0_759/ide/tools/bin/../lib/gcc/arm-none-eabi/7.2.1/../../../../arm-none-eabi/lib/thumb/v7e-m/fpv4-sp/hard\libcr_c.a(_cr_check_heap.o)
 .ARM.attributes
                0x000005ca       0x39 c:/nxp/mcuxpressoide_10.2.0_759/ide/tools/bin/../lib/gcc/arm-none-eabi/7.2.1/../../../../arm-none-eabi/lib/thumb/v7e-m/fpv4-sp/hard\libcr_c.a(_hugeval.o)
 .ARM.attributes
                0x00000603       0x39 c:/nxp/mcuxpressoide_10.2.0_759/ide/tools/bin/../lib/gcc/arm-none-eabi/7.2.1/thumb/v7e-m/fpv4-sp/hard\libcr_eabihelpers.a(double.o)
 .ARM.attributes
                0x0000063c       0x25 c:/nxp/mcuxpressoide_10.2.0_759/ide/tools/bin/../lib/gcc/arm-none-eabi/7.2.1/thumb/v7e-m/fpv4-sp/hard\libcr_eabihelpers.a(memcpy.o)

.debug_frame    0x00000000      0xf60
 .debug_frame   0x00000000       0x88 ./source/timer/SysTick.o
 .debug_frame   0x00000088      0x15c ./source/timer/timer.o
 .debug_frame   0x000001e4       0xcc ./source/drivers/src/encoder.o
 .debug_frame   0x000002b0       0xd8 ./source/MCAL/gpio.o
 .debug_frame   0x00000388      0x1a4 ./source/App.o
 .debug_frame   0x0000052c       0x70 ./SDK/startup/hardware.o
 .debug_frame   0x0000059c       0x2c ./SDK/startup/main.o
 .debug_frame   0x000005c8       0x20 ./SDK/startup/semihost_hardfault.o
 .debug_frame   0x000005e8      0x904 ./SDK/startup/startup_mk64f12.o
 .debug_frame   0x00000eec       0x74 ./SDK/CMSIS/system_MK64F12.o
