Archive member included to satisfy reference by file (symbol)

c:/nxp/mcuxpressoide_10.2.0_759/ide/tools/bin/../lib/gcc/arm-none-eabi/7.2.1/../../../../arm-none-eabi/lib/thumb/v7e-m/fpv4-sp/hard\libcr_c.a(alloc.o)
                              ./source/App.o (malloc)
c:/nxp/mcuxpressoide_10.2.0_759/ide/tools/bin/../lib/gcc/arm-none-eabi/7.2.1/../../../../arm-none-eabi/lib/thumb/v7e-m/fpv4-sp/hard\libcr_c.a(fpprintf.o)
                              ./source/App.o (printf)
c:/nxp/mcuxpressoide_10.2.0_759/ide/tools/bin/../lib/gcc/arm-none-eabi/7.2.1/../../../../arm-none-eabi/lib/thumb/v7e-m/fpv4-sp/hard\libcr_c.a(printf.o)
                              c:/nxp/mcuxpressoide_10.2.0_759/ide/tools/bin/../lib/gcc/arm-none-eabi/7.2.1/../../../../arm-none-eabi/lib/thumb/v7e-m/fpv4-sp/hard\libcr_c.a(fpprintf.o) (__vfprintf)
c:/nxp/mcuxpressoide_10.2.0_759/ide/tools/bin/../lib/gcc/arm-none-eabi/7.2.1/../../../../arm-none-eabi/lib/thumb/v7e-m/fpv4-sp/hard\libcr_c.a(strlen.o)
                              c:/nxp/mcuxpressoide_10.2.0_759/ide/tools/bin/../lib/gcc/arm-none-eabi/7.2.1/../../../../arm-none-eabi/lib/thumb/v7e-m/fpv4-sp/hard\libcr_c.a(printf.o) (strlen)
c:/nxp/mcuxpressoide_10.2.0_759/ide/tools/bin/../lib/gcc/arm-none-eabi/7.2.1/../../../../arm-none-eabi/lib/thumb/v7e-m/fpv4-sp/hard\libcr_c.a(memcpy.o)
                              c:/nxp/mcuxpressoide_10.2.0_759/ide/tools/bin/../lib/gcc/arm-none-eabi/7.2.1/../../../../arm-none-eabi/lib/thumb/v7e-m/fpv4-sp/hard\libcr_c.a(alloc.o) (memcpy)
c:/nxp/mcuxpressoide_10.2.0_759/ide/tools/bin/../lib/gcc/arm-none-eabi/7.2.1/../../../../arm-none-eabi/lib/thumb/v7e-m/fpv4-sp/hard\libcr_c.a(memset.o)
                              c:/nxp/mcuxpressoide_10.2.0_759/ide/tools/bin/../lib/gcc/arm-none-eabi/7.2.1/../../../../arm-none-eabi/lib/thumb/v7e-m/fpv4-sp/hard\libcr_c.a(alloc.o) (memset)
c:/nxp/mcuxpressoide_10.2.0_759/ide/tools/bin/../lib/gcc/arm-none-eabi/7.2.1/../../../../arm-none-eabi/lib/thumb/v7e-m/fpv4-sp/hard\libcr_c.a(__init_alloc.o)
                              c:/nxp/mcuxpressoide_10.2.0_759/ide/tools/bin/../lib/gcc/arm-none-eabi/7.2.1/../../../../arm-none-eabi/lib/thumb/v7e-m/fpv4-sp/hard\libcr_c.a(alloc.o) (__heaps)
c:/nxp/mcuxpressoide_10.2.0_759/ide/tools/bin/../lib/gcc/arm-none-eabi/7.2.1/../../../../arm-none-eabi/lib/thumb/v7e-m/fpv4-sp/hard\libcr_c.a(_cr_sbrk.o)
                              c:/nxp/mcuxpressoide_10.2.0_759/ide/tools/bin/../lib/gcc/arm-none-eabi/7.2.1/../../../../arm-none-eabi/lib/thumb/v7e-m/fpv4-sp/hard\libcr_c.a(alloc.o) (_sbrk)
c:/nxp/mcuxpressoide_10.2.0_759/ide/tools/bin/../lib/gcc/arm-none-eabi/7.2.1/../../../../arm-none-eabi/lib/thumb/v7e-m/fpv4-sp/hard\libcr_c.a(_deferredlazyseek.o)
                              c:/nxp/mcuxpressoide_10.2.0_759/ide/tools/bin/../lib/gcc/arm-none-eabi/7.2.1/../../../../arm-none-eabi/lib/thumb/v7e-m/fpv4-sp/hard\libcr_c.a(fpprintf.o) (__flsbuf)
c:/nxp/mcuxpressoide_10.2.0_759/ide/tools/bin/../lib/gcc/arm-none-eabi/7.2.1/../../../../arm-none-eabi/lib/thumb/v7e-m/fpv4-sp/hard\libcr_c.a(_fflush.o)
                              c:/nxp/mcuxpressoide_10.2.0_759/ide/tools/bin/../lib/gcc/arm-none-eabi/7.2.1/../../../../arm-none-eabi/lib/thumb/v7e-m/fpv4-sp/hard\libcr_c.a(_deferredlazyseek.o) (_fflush)
c:/nxp/mcuxpressoide_10.2.0_759/ide/tools/bin/../lib/gcc/arm-none-eabi/7.2.1/../../../../arm-none-eabi/lib/thumb/v7e-m/fpv4-sp/hard\libcr_c.a(_frexpl.o)
                              c:/nxp/mcuxpressoide_10.2.0_759/ide/tools/bin/../lib/gcc/arm-none-eabi/7.2.1/../../../../arm-none-eabi/lib/thumb/v7e-m/fpv4-sp/hard\libcr_c.a(fpprintf.o) (_frexpl)
c:/nxp/mcuxpressoide_10.2.0_759/ide/tools/bin/../lib/gcc/arm-none-eabi/7.2.1/../../../../arm-none-eabi/lib/thumb/v7e-m/fpv4-sp/hard\libcr_c.a(_ldexpl.o)
                              c:/nxp/mcuxpressoide_10.2.0_759/ide/tools/bin/../lib/gcc/arm-none-eabi/7.2.1/../../../../arm-none-eabi/lib/thumb/v7e-m/fpv4-sp/hard\libcr_c.a(fpprintf.o) (_ldexpl)
c:/nxp/mcuxpressoide_10.2.0_759/ide/tools/bin/../lib/gcc/arm-none-eabi/7.2.1/../../../../arm-none-eabi/lib/thumb/v7e-m/fpv4-sp/hard\libcr_c.a(_writebuf.o)
                              c:/nxp/mcuxpressoide_10.2.0_759/ide/tools/bin/../lib/gcc/arm-none-eabi/7.2.1/../../../../arm-none-eabi/lib/thumb/v7e-m/fpv4-sp/hard\libcr_c.a(_deferredlazyseek.o) (_Cwritebuf)
c:/nxp/mcuxpressoide_10.2.0_759/ide/tools/bin/../lib/gcc/arm-none-eabi/7.2.1/../../../../arm-none-eabi/lib/thumb/v7e-m/fpv4-sp/hard\libcr_c.a(errno.o)
                              c:/nxp/mcuxpressoide_10.2.0_759/ide/tools/bin/../lib/gcc/arm-none-eabi/7.2.1/../../../../arm-none-eabi/lib/thumb/v7e-m/fpv4-sp/hard\libcr_c.a(_cr_sbrk.o) (errno)
c:/nxp/mcuxpressoide_10.2.0_759/ide/tools/bin/../lib/gcc/arm-none-eabi/7.2.1/../../../../arm-none-eabi/lib/thumb/v7e-m/fpv4-sp/hard\libcr_c.a(fseek.o)
[...]
Memory Configuration

Name             Origin             Length             Attributes
PROGRAM_FLASH    0x00000000         0x00100000         xr
SRAM_UPPER       0x20000000         0x00030000         xrw
SRAM_LOWER       0x1fff0000         0x00010000         xrw
FLEX_RAM         0x14000000         0x00001000         xrw
*default*        0x00000000         0xffffffff

Linker script and memory map

LOAD ./source/timer/SysTick.o
LOAD ./source/timer/timer.o
LOAD ./source/drivers/src/encoder.o
LOAD ./source/MCAL/gpio.o
LOAD ./source/App.o
LOAD ./SDK/startup/hardware.o
LOAD ./SDK/startup/main.o
LOAD ./SDK/startup/semihost_hardfault.o
LOAD ./SDK/startup/startup_mk64f12.o
LOAD ./SDK/CMSIS/system_MK64F12.o
START GROUP
LOAD c:/nxp/mcuxpressoide_10.2.0_759/ide/tools/bin/../lib/gcc/arm-none-eabi/7.2.1/../../../../arm-none-eabi/lib/thumb/v7e-m/fpv4-sp/hard\libcr_semihost_nf.a
LOAD c:/nxp/mcuxpressoide_10.2.0_759/ide/tools/bin/../lib/gcc/arm-none-eabi/7.2.1/../../../../arm-none-eabi/lib/thumb/v7e-m/fpv4-sp/hard\libcr_c.a
LOAD c:/nxp/mcuxpressoide_10.2.0_759/ide/tools/bin/../lib/gcc/arm-none-eabi/7.2.1/thumb/v7e-m/fpv4-sp/hard\libcr_eabihelpers.a
END GROUP
                0x00000000                __base_PROGRAM_FLASH = 0x0
                0x00000000                __base_Flash = 0x0
                0x00100000                __top_PROGRAM_FLASH = 0x100000
                0x00100000                __top_Flash = 0x100000
                0x20000000                __base_SRAM_UPPER = 0x20000000
                0x20000000                __base_RAM = 0x20000000
                0x20030000                __top_SRAM_UPPER = 0x20030000
                0x20030000                __top_RAM = 0x20030000
                0x1fff0000                __base_SRAM_LOWER = 0x1fff0000
                0x1fff0000                __base_RAM2 = 0x1fff0000
                0x20000000                __top_SRAM_LOWER = 0x20000000
                0x20000000                __top_RAM2 = 0x20000000
                0x14000000                __base_FLEX_RAM = 0x14000000
                0x14000000                __base_RAM3 = 0x14000000
                0x14001000                __top_FLEX_RAM = 0x14001000
                0x14001000                __top_RAM3 = 0x14001000

.text           0x00000000     0x3cf8
 FILL mask 0xff
                0x00000000                __vectors_start__ = ABSOLUTE (.)
 *(SORT_BY_ALIGNMENT(.isr_vector))
 .isr_vector    0x00000000      0x198 ./SDK/startup/startup_mk64f12.o
                0x00000000                g_pfnVectors
                0x00000000                __Vectors
                0x00000198                . = ALIGN (0x4)
                0x00000198                __section_table_start = .
                0x00000198                __data_section_table = .
                0x00000198        0x4 LONG 0x3cf8 LOADADDR (.data)
                0x0000019c        0x4 LONG 0x20000000 ADDR (.data)
                0x000001a0        0x4 LONG 0x30 SIZEOF (.data)
                0x000001a4        0x4 LONG 0x3cf8 LOADADDR (.data_RAM2)
                0x000001a8        0x4 LONG 0x1fff0000 ADDR (.data_RAM2)
                0x000001ac        0x4 LONG 0x0 SIZEOF (.data_RAM2)
                0x000001b0        0x4 LONG 0x3cf8 LOADADDR (.data_RAM3)
                0x000001b4        0x4 LONG 0x14000000 ADDR (.data_RAM3)
                0x000001b8        0x4 LONG 0x0 SIZEOF (.data_RAM3)
                0x000001bc                __data_section_table_end = .
                0x000001bc                __bss_section_table = .
                0x000001bc        0x4 LONG 0x20000030 ADDR (.bss)
                0x000001c0        0x4 LONG 0x308 SIZEOF (.bss)
                0x000001c4        0x4 LONG 0x1fff0000 ADDR (.bss_RAM2)
                0x000001c8        0x4 LONG 0x0 SIZEOF (.bss_RAM2)
                0x000001cc        0x4 LONG 0x14000000 ADDR (.bss_RAM3)
                0x000001d0        0x4 LONG 0x0 SIZEOF (.bss_RAM3)
                0x000001d4                __bss_section_table_end = .
                0x000001d4                __section_table_end = .
 *(SORT_BY_ALIGNMENT(.after_vectors*))
 .after_vectors.reset
                0x000001d4       0x4c ./SDK/startup/startup_mk64f12.o
                0x000001d4                ResetISR
 .after_vectors.init_data
                0x00000220       0x1e ./SDK/startup/startup_mk64f12.o
                0x00000220                data_init
 .after_vectors.init_bss
                0x0000023e       0x12 ./SDK/startup/startup_mk64f12.o
                0x0000023e                bss_init
 .after_vectors
                0x00000250       0x14 ./SDK/startup/startup_mk64f12.o
                0x00000250                NMI_Handler
                0x00000254                MemManage_Handler
                0x00000256                BusFault_Handler
                0x00000258                UsageFault_Handler
                0x0000025a                SVC_Handler
                0x0000025c                DebugMon_Handler
                0x0000025e                PendSV_Handler
                0x00000262                DMA_Error_DriverIRQHandler
                0x00000262                LPTMR0_DriverIRQHandler
                0x00000262                FTM1_DriverIRQHandler
                0x00000262                FTM2_DriverIRQHandler
                0x00000262                PIT2_DriverIRQHandler
                0x00000262                SDHC_DriverIRQHandler
                0x00000262                I2S0_Tx_DriverIRQHandler
                0x00000262                RTC_Seconds_DriverIRQHandler
                0x00000262                DMA6_DriverIRQHandler
                0x00000262                LLWU_DriverIRQHandler
                0x00000262                MCM_DriverIRQHandler
                0x00000262                MCG_DriverIRQHandler
                0x00000262                ENET_1588_Timer_DriverIRQHandler
                0x00000262                I2C2_DriverIRQHandler
                0x00000262                DAC1_DriverIRQHandler
                0x00000262                SPI1_DriverIRQHandler
                0x00000262                CMP1_DriverIRQHandler
                0x00000262                UART5_RX_TX_DriverIRQHandler
                0x00000262                FTM0_DriverIRQHandler
                0x00000262                IntDefaultHandler
                0x00000262                USB0_DriverIRQHandler
                0x00000262                UART5_ERR_DriverIRQHandler
                0x00000262                PORTC_DriverIRQHandler
                0x00000262                DMA11_DriverIRQHandler
                0x00000262                DAC0_DriverIRQHandler
                0x00000262                DMA10_DriverIRQHandler
                0x00000262                CMP2_DriverIRQHandler
                0x00000262                UART2_ERR_DriverIRQHandler
                0x00000262                SPI2_DriverIRQHandler
                0x00000262                LVD_LVW_DriverIRQHandler
                0x00000262                PIT0_DriverIRQHandler
                0x00000262                RNG_DriverIRQHandler
                0x00000262                DMA5_DriverIRQHandler
                0x00000262                DMA12_DriverIRQHandler
                0x00000262                UART2_RX_TX_DriverIRQHandler
                0x00000262                USBDCD_DriverIRQHandler
                0x00000262                UART3_ERR_DriverIRQHandler
                0x00000262                DMA3_DriverIRQHandler
                0x00000262                DMA8_DriverIRQHandler
                0x00000262                DMA9_DriverIRQHandler
                0x00000262                UART0_ERR_DriverIRQHandler
                0x00000262                CMT_DriverIRQHandler
                0x00000262                Reserved71_DriverIRQHandler
                0x00000262                ADC1_DriverIRQHandler
                0x00000262                PORTA_DriverIRQHandler
                0x00000262                DMA14_DriverIRQHandler
                0x00000262                PIT3_DriverIRQHandler
                0x00000262                PIT1_DriverIRQHandler
                0x00000262                WDOG_EWM_DriverIRQHandler
                0x00000262                PDB0_DriverIRQHandler
                0x00000262                RTC_DriverIRQHandler
                0x00000262                I2S0_Rx_DriverIRQHandler
                0x00000262                Read_Collision_DriverIRQHandler
                0x00000262                SWI_DriverIRQHandler
                0x00000262                UART4_RX_TX_DriverIRQHandler
                0x00000262                UART4_ERR_DriverIRQHandler
                0x00000262                PORTB_DriverIRQHandler
                0x00000262                UART0_LON_DriverIRQHandler
                0x00000262                DMA0_DriverIRQHandler
                0x00000262                DMA1_DriverIRQHandler
                0x00000262                I2C1_DriverIRQHandler
                0x00000262                UART3_RX_TX_DriverIRQHandler
                0x00000262                ENET_Receive_DriverIRQHandler
                0x00000262                DMA13_DriverIRQHandler
                0x00000262                ENET_Error_DriverIRQHandler
                0x00000262                DMA15_DriverIRQHandler
                0x00000262                UART0_RX_TX_DriverIRQHandler
                0x00000262                SPI0_DriverIRQHandler
                0x00000262                ADC0_DriverIRQHandler
                0x00000262                CMP0_DriverIRQHandler
                0x00000262                CAN0_DriverIRQHandler
                0x00000262                FTM3_DriverIRQHandler
                0x00000262                DMA4_DriverIRQHandler
                0x00000262                UART1_ERR_DriverIRQHandler
                0x00000262                DMA2_DriverIRQHandler
                0x00000262                ENET_Transmit_DriverIRQHandler
                0x00000262                PORTD_DriverIRQHandler
                0x00000262                PORTE_DriverIRQHandler
                0x00000262                FTFE_DriverIRQHandler
                0x00000262                I2C0_DriverIRQHandler
                0x00000262                DMA7_DriverIRQHandler
                0x00000262                UART1_RX_TX_DriverIRQHandler
                0x00000400                . = 0x400
 *fill*         0x00000264      0x19c ff
                0x00000400                PROVIDE (__FLASH_CONFIG_START__, .)
 *(SORT_BY_ALIGNMENT(.FlashConfig))
 .FlashConfig   0x00000400       0x10 ./SDK/startup/startup_mk64f12.o
                0x00000400                Flash_Config
                0x00000410                PROVIDE (__FLASH_CONFIG_END__, .)
                0x00000001                ASSERT (! ((__FLASH_CONFIG_START__ == __FLASH_CONFIG_END__)), Linker Flash Config Support Enabled, but no .FlashConfig section provided within application)
 *(SORT_BY_ALIGNMENT(.text*))
 .text.fp_display
                0x00000410      0x974 c:/nxp/mcuxpressoide_10.2.0_759/ide/tools/bin/../lib/gcc/arm-none-eabi/7.2.1/../../../../arm-none-eabi/lib/thumb/v7e-m/fpv4-sp/hard\libcr_c.a(fpprintf.o)
 *fill*         0x00000d84        0x4 ff
 .text._frexpl  0x00000d88       0x68 c:/nxp/mcuxpressoide_10.2.0_759/ide/tools/bin/../lib/gcc/arm-none-eabi/7.2.1/../../../../arm-none-eabi/lib/thumb/v7e-m/fpv4-sp/hard\libcr_c.a(_frexpl.o)
                0x00000d88                _frexpl
 .text._ldexpl  0x00000df0       0x58 c:/nxp/mcuxpressoide_10.2.0_759/ide/tools/bin/../lib/gcc/arm-none-eabi/7.2.1/../../../../arm-none-eabi/lib/thumb/v7e-m/fpv4-sp/hard\libcr_c.a(_ldexpl.o)
                0x00000df0                _ldexpl
 .text.__NVIC_EnableIRQ
                0x00000e48       0x3c ./source/timer/SysTick.o
 .text.SysTick_Init
                0x00000e84       0x44 ./source/timer/SysTick.o
                0x00000e84                SysTick_Init
 .text.SysTick_Handler
                0x00000ec8       0x34 ./source/timer/SysTick.o
                0x00000ec8                SysTick_Handler
 .text.timerInit
                0x00000efc       0x24 ./source/timer/timer.o
                0x00000efc                timerInit
 .text.timerGetId
                0x00000f20       0x2c ./source/timer/timer.o
                0x00000f20                timerGetId
 .text.timerStart
                0x00000f4c       0xa4 ./source/timer/timer.o
                0x00000f4c                timerStart
 .text.timer_isr
                0x00000ff0       0xd4 ./source/timer/timer.o
 .text.encInit  0x000010c4       0x58 ./source/drivers/src/encoder.o
                0x000010c4                encInit
 .text.encGetStatus
                0x0000111c       0x28 ./source/drivers/src/encoder.o
                0x0000111c                encGetStatus
 .text.encGetEvent
                0x00001144       0x18 ./source/drivers/src/encoder.o
                0x00001144                encGetEvent
 .text.encoCallback
                0x0000115c       0x38 ./source/drivers/src/encoder.o
 .text.readPins
                0x00001194       0x40 ./source/drivers/src/encoder.o
 .text.encStatus
                0x000011d4      0x240 ./source/drivers/src/encoder.o
 .text.gpioMode
                0x00001414      0x1ac ./source/MCAL/gpio.o
                0x00001414                gpioMode
 .text.gpioWrite
                0x000015c0       0x68 ./source/MCAL/gpio.o
                0x000015c0                gpioWrite
 .text.gpioRead
                0x00001628       0x50 ./source/MCAL/gpio.o
                0x00001628                gpioRead
 .text.App_Run  0x00001678      0x2cc ./source/App.o
                0x00001678                App_Run
 .text.print_display
                0x00001944       0x48 ./source/App.o
 .text.user_init
                0x0000198c       0x5c ./source/App.o
 .text.user_verify
                0x000019e8       0x94 ./source/App.o
 .text.compare_array
                0x00001a7c       0x5c ./source/App.o
 .text.PW_scroll
                0x00001ad8       0xa8 ./source/App.o
 .text.hw_Init  0x00001b80      0x10c ./SDK/startup/hardware.o
                0x00001b80                hw_Init
 .text.hw_EnableInterrupts
                0x00001c8c       0x30 ./SDK/startup/hardware.o
                0x00001c8c                hw_EnableInterrupts
 .text.hw_DisableInterrupts
                0x00001cbc       0x20 ./SDK/startup/hardware.o
                0x00001cbc                hw_DisableInterrupts
 .text.SystemInit
                0x00001cdc       0x3c ./SDK/CMSIS/system_MK64F12.o
                0x00001cdc                SystemInit
 .text.malloc   0x00001d18       0xc8 c:/nxp/mcuxpressoide_10.2.0_759/ide/tools/bin/../lib/gcc/arm-none-eabi/7.2.1/../../../../arm-none-eabi/lib/thumb/v7e-m/fpv4-sp/hard\libcr_c.a(alloc.o)
                0x00001d18                malloc
 .text._Csys_alloc
                0x00001de0       0x20 c:/nxp/mcuxpressoide_10.2.0_759/ide/tools/bin/../lib/gcc/arm-none-eabi/7.2.1/../../../../arm-none-eabi/lib/thumb/v7e-m/fpv4-sp/hard\libcr_c.a(alloc.o)
                0x00001de0                _Csys_alloc
 .text.sprintf  0x00001e00       0x6c c:/nxp/mcuxpressoide_10.2.0_759/ide/tools/bin/../lib/gcc/arm-none-eabi/7.2.1/../../../../arm-none-eabi/lib/thumb/v7e-m/fpv4-sp/hard\libcr_c.a(fpprintf.o)
                0x00001e00                sprintf
 .text.vsnprintf
                0x00001e6c       0x5c c:/nxp/mcuxpressoide_10.2.0_759/ide/tools/bin/../lib/gcc/arm-none-eabi/7.2.1/../../../../arm-none-eabi/lib/thumb/v7e-m/fpv4-sp/hard\libcr_c.a(fpprintf.o)
                0x00001e6c                vsnprintf
 .text.printf   0x00001ec8       0x54 c:/nxp/mcuxpressoide_10.2.0_759/ide/tools/bin/../lib/gcc/arm-none-eabi/7.2.1/../../../../arm-none-eabi/lib/thumb/v7e-m/fpv4-sp/hard\libcr_c.a(fpprintf.o)
                0x00001ec8                printf
 .text.__vfprintf
                0x00001f1c      0xb98 c:/nxp/mcuxpressoide_10.2.0_759/ide/tools/bin/../lib/gcc/arm-none-eabi/7.2.1/../../../../arm-none-eabi/lib/thumb/v7e-m/fpv4-sp/hard\libcr_c.a(printf.o)
                0x00001f1c                __vfprintf
 .text._sbrk    0x00002ab4       0x3c c:/nxp/mcuxpressoide_10.2.0_759/ide/tools/bin/../lib/gcc/arm-none-eabi/7.2.1/../../../../arm-none-eabi/lib/thumb/v7e-m/fpv4-sp/hard\libcr_c.a(_cr_sbrk.o)
                0x00002ab4                _sbrk
 .text._Cwritebuf
                0x00002af0       0x6c c:/nxp/mcuxpressoide_10.2.0_759/ide/tools/bin/../lib/gcc/arm-none-eabi/7.2.1/../../../../arm-none-eabi/lib/thumb/v7e-m/fpv4-sp/hard\libcr_c.a(_writebuf.o)
                0x00002af0                _Cwritebuf
 .text.fseek    0x00002b5c      0x100 c:/nxp/mcuxpressoide_10.2.0_759/ide/tools/bin/../lib/gcc/arm-none-eabi/7.2.1/../../../../arm-none-eabi/lib/thumb/v7e-m/fpv4-sp/hard\libcr_c.a(fseek.o)
                0x00002b5c                fseek
 .text.ftell    0x00002c5c       0x44 c:/nxp/mcuxpressoide_10.2.0_759/ide/tools/bin/../lib/gcc/arm-none-eabi/7.2.1/../../../../arm-none-eabi/lib/thumb/v7e-m/fpv4-sp/hard\libcr_c.a(ftell.o)
                0x00002c5c                ftell
 .text.__check_heap_overflow
                0x00002ca0       0x18 c:/nxp/mcuxpressoide_10.2.0_759/ide/tools/bin/../lib/gcc/arm-none-eabi/7.2.1/../../../../arm-none-eabi/lib/thumb/v7e-m/fpv4-sp/hard\libcr_c.a(_cr_check_heap.o)
                0x00002ca0                __check_heap_overflow
 .text.__aeabi_dmul
                0x00002cb8      0x11c c:/nxp/mcuxpressoide_10.2.0_759/ide/tools/bin/../lib/gcc/arm-none-eabi/7.2.1/thumb/v7e-m/fpv4-sp/hard\libcr_eabihelpers.a(double.o)
                0x00002cb8                __aeabi_dmul
 .text.__aeabi_ddiv
                0x00002dd4      0x138 c:/nxp/mcuxpressoide_10.2.0_759/ide/tools/bin/../lib/gcc/arm-none-eabi/7.2.1/thumb/v7e-m/fpv4-sp/hard\libcr_eabihelpers.a(double.o)
                0x00002dd4                __aeabi_ddiv
 .text.__aeabi_dsub
                0x00002f0c      0x1b4 c:/nxp/mcuxpressoide_10.2.0_759/ide/tools/bin/../lib/gcc/arm-none-eabi/7.2.1/thumb/v7e-m/fpv4-sp/hard\libcr_eabihelpers.a(double.o)
                0x00002f0c                __aeabi_dsub
 .text.__aeabi_dadd
                0x000030c0      0x10c c:/nxp/mcuxpressoide_10.2.0_759/ide/tools/bin/../lib/gcc/arm-none-eabi/7.2.1/thumb/v7e-m/fpv4-sp/hard\libcr_eabihelpers.a(double.o)
                0x000030c0                __aeabi_dadd
 .text.__sys_appexit
                0x000031cc        0xc c:/nxp/mcuxpressoide_10.2.0_759/ide/tools/bin/../lib/gcc/arm-none-eabi/7.2.1/../../../../arm-none-eabi/lib/thumb/v7e-m/fpv4-sp/hard\libcr_semihost_nf.a(__sys_appexit.o)
                0x000031cc                __sys_appexit
                0x000031cc                __exit
 .text.App_Init
                0x000031d8       0x14 ./source/App.o
                0x000031d8                App_Init
 .text.encoder_control
                0x000031ec       0x94 ./source/App.o
 .text.write_array
                0x00003280       0x3c ./source/App.o
 .text.ID_scroll
                0x000032bc       0xd6 ./source/App.o
 .text.main     0x00003392       0x1a ./SDK/startup/main.o
                0x00003392                main
 .text.HardFault_Handler
                0x000033ac       0x2c ./SDK/startup/semihost_hardfault.o
                0x000033ac                HardFault_Handler
 .text.DMA0_IRQHandler
                0x000033d8        0x8 ./SDK/startup/startup_mk64f12.o
                0x000033d8                DMA0_IRQHandler
 .text.DMA1_IRQHandler
                0x000033e0        0x8 ./SDK/startup/startup_mk64f12.o
                0x000033e0                DMA1_IRQHandler
 .text.DMA2_IRQHandler
                0x000033e8        0x8 ./SDK/startup/startup_mk64f12.o
                0x000033e8                DMA2_IRQHandler
 .text.DMA3_IRQHandler
                0x000033f0        0x8 ./SDK/startup/startup_mk64f12.o
                0x000033f0                DMA3_IRQHandler
 .text.DMA4_IRQHandler
                0x000033f8        0x8 ./SDK/startup/startup_mk64f12.o
                0x000033f8                DMA4_IRQHandler
 .text.DMA5_IRQHandler
                0x00003400        0x8 ./SDK/startup/startup_mk64f12.o
                0x00003400                DMA5_IRQHandler
 .text.DMA6_IRQHandler
                0x00003408        0x8 ./SDK/startup/startup_mk64f12.o
                0x00003408                DMA6_IRQHandler
 .text.DMA7_IRQHandler
                0x00003410        0x8 ./SDK/startup/startup_mk64f12.o
                0x00003410                DMA7_IRQHandler
 .text.DMA8_IRQHandler
                0x00003418        0x8 ./SDK/startup/startup_mk64f12.o
                0x00003418                DMA8_IRQHandler
 .text.DMA9_IRQHandler
                0x00003420        0x8 ./SDK/startup/startup_mk64f12.o
                0x00003420                DMA9_IRQHandler
 .text.DMA10_IRQHandler
                0x00003428        0x8 ./SDK/startup/startup_mk64f12.o
                0x00003428                DMA10_IRQHandler
 .text.DMA11_IRQHandler
                0x00003430        0x8 ./SDK/startup/startup_mk64f12.o
                0x00003430                DMA11_IRQHandler
 .text.DMA12_IRQHandler
                0x00003438        0x8 ./SDK/startup/startup_mk64f12.o
                0x00003438                DMA12_IRQHandler
 .text.DMA13_IRQHandler
                0x00003440        0x8 ./SDK/startup/startup_mk64f12.o
                0x00003440                DMA13_IRQHandler
 .text.DMA14_IRQHandler
                0x00003448        0x8 ./SDK/startup/startup_mk64f12.o
                0x00003448                DMA14_IRQHandler
 .text.DMA15_IRQHandler
                0x00003450        0x8 ./SDK/startup/startup_mk64f12.o
                0x00003450                DMA15_IRQHandler
 .text.DMA_Error_IRQHandler
                0x00003458        0x8 ./SDK/startup/startup_mk64f12.o
                0x00003458                DMA_Error_IRQHandler
 .text.MCM_IRQHandler
                0x00003460        0x8 ./SDK/startup/startup_mk64f12.o
                0x00003460                MCM_IRQHandler
 .text.FTFE_IRQHandler
                0x00003468        0x8 ./SDK/startup/startup_mk64f12.o
                0x00003468                FTFE_IRQHandler
 .text.Read_Collision_IRQHandler
                0x00003470        0x8 ./SDK/startup/startup_mk64f12.o
                0x00003470                Read_Collision_IRQHandler
 .text.LVD_LVW_IRQHandler
                0x00003478        0x8 ./SDK/startup/startup_mk64f12.o
                0x00003478                LVD_LVW_IRQHandler
 .text.LLWU_IRQHandler
                0x00003480        0x8 ./SDK/startup/startup_mk64f12.o
                0x00003480                LLWU_IRQHandler
 .text.WDOG_EWM_IRQHandler
                0x00003488        0x8 ./SDK/startup/startup_mk64f12.o
                0x00003488                WDOG_EWM_IRQHandler
 .text.RNG_IRQHandler
                0x00003490        0x8 ./SDK/startup/startup_mk64f12.o
                0x00003490                RNG_IRQHandler
 .text.I2C0_IRQHandler
                0x00003498        0x8 ./SDK/startup/startup_mk64f12.o
                0x00003498                I2C0_IRQHandler
 .text.I2C1_IRQHandler
                0x000034a0        0x8 ./SDK/startup/startup_mk64f12.o
                0x000034a0                I2C1_IRQHandler
 .text.SPI0_IRQHandler
                0x000034a8        0x8 ./SDK/startup/startup_mk64f12.o
                0x000034a8                SPI0_IRQHandler
 .text.SPI1_IRQHandler
                0x000034b0        0x8 ./SDK/startup/startup_mk64f12.o
                0x000034b0                SPI1_IRQHandler
 .text.I2S0_Tx_IRQHandler
                0x000034b8        0x8 ./SDK/startup/startup_mk64f12.o
                0x000034b8                I2S0_Tx_IRQHandler
 .text.I2S0_Rx_IRQHandler
                0x000034c0        0x8 ./SDK/startup/startup_mk64f12.o
                0x000034c0                I2S0_Rx_IRQHandler
 .text.UART0_LON_IRQHandler
                0x000034c8        0x8 ./SDK/startup/startup_mk64f12.o
                0x000034c8                UART0_LON_IRQHandler
 .text.UART0_RX_TX_IRQHandler
                0x000034d0        0x8 ./SDK/startup/startup_mk64f12.o
                0x000034d0                UART0_RX_TX_IRQHandler
 .text.UART0_ERR_IRQHandler
                0x000034d8        0x8 ./SDK/startup/startup_mk64f12.o
                0x000034d8                UART0_ERR_IRQHandler
 .text.UART1_RX_TX_IRQHandler
                0x000034e0        0x8 ./SDK/startup/startup_mk64f12.o
                0x000034e0                UART1_RX_TX_IRQHandler
 .text.UART1_ERR_IRQHandler
                0x000034e8        0x8 ./SDK/startup/startup_mk64f12.o
                0x000034e8                UART1_ERR_IRQHandler
 .text.UART2_RX_TX_IRQHandler
                0x000034f0        0x8 ./SDK/startup/startup_mk64f12.o
                0x000034f0                UART2_RX_TX_IRQHandler
 .text.UART2_ERR_IRQHandler
                0x000034f8        0x8 ./SDK/startup/startup_mk64f12.o
                0x000034f8                UART2_ERR_IRQHandler
 .text.UART3_RX_TX_IRQHandler
                0x00003500        0x8 ./SDK/startup/startup_mk64f12.o
                0x00003500                UART3_RX_TX_IRQHandler
 .text.UART3_ERR_IRQHandler
                0x00003508        0x8 ./SDK/startup/startup_mk64f12.o
                0x00003508                UART3_ERR_IRQHandler
 .text.ADC0_IRQHandler
                0x00003510        0x8 ./SDK/startup/startup_mk64f12.o
                0x00003510                ADC0_IRQHandler
 .text.CMP0_IRQHandler
                0x00003518        0x8 ./SDK/startup/startup_mk64f12.o
                0x00003518                CMP0_IRQHandler
 .text.CMP1_IRQHandler
                0x00003520        0x8 ./SDK/startup/startup_mk64f12.o
                0x00003520                CMP1_IRQHandler
 .text.FTM0_IRQHandler
                0x00003528        0x8 ./SDK/startup/startup_mk64f12.o
                0x00003528                FTM0_IRQHandler
 .text.FTM1_IRQHandler
                0x00003530        0x8 ./SDK/startup/startup_mk64f12.o
                0x00003530                FTM1_IRQHandler
 .text.FTM2_IRQHandler
                0x00003538        0x8 ./SDK/startup/startup_mk64f12.o
                0x00003538                FTM2_IRQHandler
 .text.CMT_IRQHandler
                0x00003540        0x8 ./SDK/startup/startup_mk64f12.o
                0x00003540                CMT_IRQHandler
 .text.RTC_IRQHandler
                0x00003548        0x8 ./SDK/startup/startup_mk64f12.o
                0x00003548                RTC_IRQHandler
 .text.RTC_Seconds_IRQHandler
                0x00003550        0x8 ./SDK/startup/startup_mk64f12.o
                0x00003550                RTC_Seconds_IRQHandler
 .text.PIT0_IRQHandler
                0x00003558        0x8 ./SDK/startup/startup_mk64f12.o
                0x00003558                PIT0_IRQHandler
 .text.PIT1_IRQHandler
                0x00003560        0x8 ./SDK/startup/startup_mk64f12.o
                0x00003560                PIT1_IRQHandler
 .text.PIT2_IRQHandler
                0x00003568        0x8 ./SDK/startup/startup_mk64f12.o
                0x00003568                PIT2_IRQHandler
 .text.PIT3_IRQHandler
                0x00003570        0x8 ./SDK/startup/startup_mk64f12.o
                0x00003570                PIT3_IRQHandler
 .text.PDB0_IRQHandler
                0x00003578        0x8 ./SDK/startup/startup_mk64f12.o
                0x00003578                PDB0_IRQHandler
 .text.USB0_IRQHandler
                0x00003580        0x8 ./SDK/startup/startup_mk64f12.o
                0x00003580                USB0_IRQHandler
 .text.USBDCD_IRQHandler
                0x00003588        0x8 ./SDK/startup/startup_mk64f12.o
                0x00003588                USBDCD_IRQHandler
 .text.Reserved71_IRQHandler
                0x00003590        0x8 ./SDK/startup/startup_mk64f12.o
                0x00003590                Reserved71_IRQHandler
 .text.DAC0_IRQHandler
                0x00003598        0x8 ./SDK/startup/startup_mk64f12.o
                0x00003598                DAC0_IRQHandler
 .text.MCG_IRQHandler
                0x000035a0        0x8 ./SDK/startup/startup_mk64f12.o
                0x000035a0                MCG_IRQHandler
 .text.LPTMR0_IRQHandler
                0x000035a8        0x8 ./SDK/startup/startup_mk64f12.o
                0x000035a8                LPTMR0_IRQHandler
 .text.PORTA_IRQHandler
                0x000035b0        0x8 ./SDK/startup/startup_mk64f12.o
                0x000035b0                PORTA_IRQHandler
 .text.PORTB_IRQHandler
                0x000035b8        0x8 ./SDK/startup/startup_mk64f12.o
                0x000035b8                PORTB_IRQHandler
 .text.PORTC_IRQHandler
                0x000035c0        0x8 ./SDK/startup/startup_mk64f12.o
                0x000035c0                PORTC_IRQHandler
 .text.PORTD_IRQHandler
                0x000035c8        0x8 ./SDK/startup/startup_mk64f12.o
                0x000035c8                PORTD_IRQHandler
 .text.PORTE_IRQHandler
                0x000035d0        0x8 ./SDK/startup/startup_mk64f12.o
                0x000035d0                PORTE_IRQHandler
 .text.SWI_IRQHandler
                0x000035d8        0x8 ./SDK/startup/startup_mk64f12.o
                0x000035d8                SWI_IRQHandler
 .text.SPI2_IRQHandler
                0x000035e0        0x8 ./SDK/startup/startup_mk64f12.o
                0x000035e0                SPI2_IRQHandler
 .text.UART4_RX_TX_IRQHandler
                0x000035e8        0x8 ./SDK/startup/startup_mk64f12.o
                0x000035e8                UART4_RX_TX_IRQHandler
 .text.UART4_ERR_IRQHandler
                0x000035f0        0x8 ./SDK/startup/startup_mk64f12.o
                0x000035f0                UART4_ERR_IRQHandler
 .text.UART5_RX_TX_IRQHandler
                0x000035f8        0x8 ./SDK/startup/startup_mk64f12.o
                0x000035f8                UART5_RX_TX_IRQHandler
 .text.UART5_ERR_IRQHandler
                0x00003600        0x8 ./SDK/startup/startup_mk64f12.o
                0x00003600                UART5_ERR_IRQHandler
 .text.CMP2_IRQHandler
                0x00003608        0x8 ./SDK/startup/startup_mk64f12.o
                0x00003608                CMP2_IRQHandler
 .text.FTM3_IRQHandler
                0x00003610        0x8 ./SDK/startup/startup_mk64f12.o
                0x00003610                FTM3_IRQHandler
 .text.DAC1_IRQHandler
                0x00003618        0x8 ./SDK/startup/startup_mk64f12.o
                0x00003618                DAC1_IRQHandler
 .text.ADC1_IRQHandler
                0x00003620        0x8 ./SDK/startup/startup_mk64f12.o
                0x00003620                ADC1_IRQHandler
 .text.I2C2_IRQHandler
                0x00003628        0x8 ./SDK/startup/startup_mk64f12.o
                0x00003628                I2C2_IRQHandler
 .text.CAN0_ORed_Message_buffer_IRQHandler
                0x00003630        0x8 ./SDK/startup/startup_mk64f12.o
                0x00003630                CAN0_ORed_Message_buffer_IRQHandler
 .text.CAN0_Bus_Off_IRQHandler
                0x00003638        0x8 ./SDK/startup/startup_mk64f12.o
                0x00003638                CAN0_Bus_Off_IRQHandler
 .text.CAN0_Error_IRQHandler
                0x00003640        0x8 ./SDK/startup/startup_mk64f12.o
                0x00003640                CAN0_Error_IRQHandler
 .text.CAN0_Tx_Warning_IRQHandler
                0x00003648        0x8 ./SDK/startup/startup_mk64f12.o
                0x00003648                CAN0_Tx_Warning_IRQHandler
 .text.CAN0_Rx_Warning_IRQHandler
                0x00003650        0x8 ./SDK/startup/startup_mk64f12.o
                0x00003650                CAN0_Rx_Warning_IRQHandler
 .text.CAN0_Wake_Up_IRQHandler
                0x00003658        0x8 ./SDK/startup/startup_mk64f12.o
                0x00003658                CAN0_Wake_Up_IRQHandler
 .text.SDHC_IRQHandler
                0x00003660        0x8 ./SDK/startup/startup_mk64f12.o
                0x00003660                SDHC_IRQHandler
 .text.ENET_1588_Timer_IRQHandler
                0x00003668        0x8 ./SDK/startup/startup_mk64f12.o
                0x00003668                ENET_1588_Timer_IRQHandler
 .text.ENET_Transmit_IRQHandler
                0x00003670        0x8 ./SDK/startup/startup_mk64f12.o
                0x00003670                ENET_Transmit_IRQHandler
 .text.ENET_Receive_IRQHandler
                0x00003678        0x8 ./SDK/startup/startup_mk64f12.o
                0x00003678                ENET_Receive_IRQHandler
 .text.ENET_Error_IRQHandler
                0x00003680        0x8 ./SDK/startup/startup_mk64f12.o
                0x00003680                ENET_Error_IRQHandler
 .text.SystemInitHook
                0x00003688        0xe ./SDK/CMSIS/system_MK64F12.o
                0x00003688                SystemInitHook
 .text.free     0x00003696       0x30 c:/nxp/mcuxpressoide_10.2.0_759/ide/tools/bin/../lib/gcc/arm-none-eabi/7.2.1/../../../../arm-none-eabi/lib/thumb/v7e-m/fpv4-sp/hard\libcr_c.a(alloc.o)
                0x00003696                free
 .text.fp_round
                0x000036c6       0x4e c:/nxp/mcuxpressoide_10.2.0_759/ide/tools/bin/../lib/gcc/arm-none-eabi/7.2.1/../../../../arm-none-eabi/lib/thumb/v7e-m/fpv4-sp/hard\libcr_c.a(fpprintf.o)
 .text.pr_dec.constprop.1
                0x00003714       0x26 c:/nxp/mcuxpressoide_10.2.0_759/ide/tools/bin/../lib/gcc/arm-none-eabi/7.2.1/../../../../arm-none-eabi/lib/thumb/v7e-m/fpv4-sp/hard\libcr_c.a(fpprintf.o)
 .text.strlen   0x0000373a       0x4a c:/nxp/mcuxpressoide_10.2.0_759/ide/tools/bin/../lib/gcc/arm-none-eabi/7.2.1/../../../../arm-none-eabi/lib/thumb/v7e-m/fpv4-sp/hard\libcr_c.a(strlen.o)
                0x0000373a                strlen
 .text.memset   0x00003784        0x4 c:/nxp/mcuxpressoide_10.2.0_759/ide/tools/bin/../lib/gcc/arm-none-eabi/7.2.1/../../../../arm-none-eabi/lib/thumb/v7e-m/fpv4-sp/hard\libcr_c.a(memset.o)
                0x00003784                memset
 .text._deferredlazyseek
                0x00003788       0x40 c:/nxp/mcuxpressoide_10.2.0_759/ide/tools/bin/../lib/gcc/arm-none-eabi/7.2.1/../../../../arm-none-eabi/lib/thumb/v7e-m/fpv4-sp/hard\libcr_c.a(_deferredlazyseek.o)
                0x00003788                _deferredlazyseek
 .text.__flsbuf
                0x000037c8      0x140 c:/nxp/mcuxpressoide_10.2.0_759/ide/tools/bin/../lib/gcc/arm-none-eabi/7.2.1/../../../../arm-none-eabi/lib/thumb/v7e-m/fpv4-sp/hard\libcr_c.a(_deferredlazyseek.o)
                0x000037c8                __flsbuf
 .text._fflush  0x00003908       0x52 c:/nxp/mcuxpressoide_10.2.0_759/ide/tools/bin/../lib/gcc/arm-none-eabi/7.2.1/../../../../arm-none-eabi/lib/thumb/v7e-m/fpv4-sp/hard\libcr_c.a(_fflush.o)
                0x00003908                _fflush
 .text.__aeabi_d2iz
                0x0000395a       0x40 c:/nxp/mcuxpressoide_10.2.0_759/ide/tools/bin/../lib/gcc/arm-none-eabi/7.2.1/thumb/v7e-m/fpv4-sp/hard\libcr_eabihelpers.a(double.o)
                0x0000395a                __aeabi_d2iz
 .text.__bhs_ui2d
                0x0000399a       0x46 c:/nxp/mcuxpressoide_10.2.0_759/ide/tools/bin/../lib/gcc/arm-none-eabi/7.2.1/thumb/v7e-m/fpv4-sp/hard\libcr_eabihelpers.a(double.o)
                0x0000399a                __bhs_ui2d
 .text.__aeabi_i2d
                0x000039e0       0x12 c:/nxp/mcuxpressoide_10.2.0_759/ide/tools/bin/../lib/gcc/arm-none-eabi/7.2.1/thumb/v7e-m/fpv4-sp/hard\libcr_eabihelpers.a(double.o)
                0x000039e0                __aeabi_i2d
 .text.__aeabi_dcmpeq
                0x000039f2       0x30 c:/nxp/mcuxpressoide_10.2.0_759/ide/tools/bin/../lib/gcc/arm-none-eabi/7.2.1/thumb/v7e-m/fpv4-sp/hard\libcr_eabihelpers.a(double.o)
                0x000039f2                __aeabi_dcmpeq
 .text.__aeabi_dcmplt
                0x00003a22       0x58 c:/nxp/mcuxpressoide_10.2.0_759/ide/tools/bin/../lib/gcc/arm-none-eabi/7.2.1/thumb/v7e-m/fpv4-sp/hard\libcr_eabihelpers.a(double.o)
                0x00003a22                __aeabi_dcmplt
 .text.__aeabi_dcmple
                0x00003a7a       0x5a c:/nxp/mcuxpressoide_10.2.0_759/ide/tools/bin/../lib/gcc/arm-none-eabi/7.2.1/thumb/v7e-m/fpv4-sp/hard\libcr_eabihelpers.a(double.o)
                0x00003a7a                __aeabi_dcmple
 .text.__aeabi_dcmpge
                0x00003ad4       0x58 c:/nxp/mcuxpressoide_10.2.0_759/ide/tools/bin/../lib/gcc/arm-none-eabi/7.2.1/thumb/v7e-m/fpv4-sp/hard\libcr_eabihelpers.a(double.o)
                0x00003ad4                __aeabi_dcmpge
 .text.__aeabi_memset_lowlevel
                0x00003b2c       0x32 c:/nxp/mcuxpressoide_10.2.0_759/ide/tools/bin/../lib/gcc/arm-none-eabi/7.2.1/thumb/v7e-m/fpv4-sp/hard\libcr_eabihelpers.a(memcpy.o)
                0x00003b2c                __aeabi_lowlevel_memset
 .text.__sys_flen
                0x00003b5e        0xc c:/nxp/mcuxpressoide_10.2.0_759/ide/tools/bin/../lib/gcc/arm-none-eabi/7.2.1/../../../../arm-none-eabi/lib/thumb/v7e-m/fpv4-sp/hard\libcr_semihost_nf.a(__sys_flen.o)
                0x00003b5e                __sys_flen
 .text.__sys_istty
                0x00003b6a        0xc c:/nxp/mcuxpressoide_10.2.0_759/ide/tools/bin/../lib/gcc/arm-none-eabi/7.2.1/../../../../arm-none-eabi/lib/thumb/v7e-m/fpv4-sp/hard\libcr_semihost_nf.a(__sys_istty.o)
                0x00003b6a                __sys_istty
 .text.__sys_seek
                0x00003b76        0xc c:/nxp/mcuxpressoide_10.2.0_759/ide/tools/bin/../lib/gcc/arm-none-eabi/7.2.1/../../../../arm-none-eabi/lib/thumb/v7e-m/fpv4-sp/hard\libcr_semihost_nf.a(__sys_seek.o)
                0x00003b76                __sys_seek
 .text.__sys_write
                0x00003b82        0xc c:/nxp/mcuxpressoide_10.2.0_759/ide/tools/bin/../lib/gcc/arm-none-eabi/7.2.1/../../../../arm-none-eabi/lib/thumb/v7e-m/fpv4-sp/hard\libcr_semihost_nf.a(__sys_write.o)
                0x00003b82                __sys_write
 *(SORT_BY_ALIGNMENT(.rodata) SORT_BY_ALIGNMENT(.rodata.*) SORT_BY_ALIGNMENT(.constdata) SORT_BY_ALIGNMENT(.constdata.*))
 *fill*         0x00003b8e        0x2 ff
 .rodata.__huge_vall
                0x00003b90        0x8 c:/nxp/mcuxpressoide_10.2.0_759/ide/tools/bin/../lib/gcc/arm-none-eabi/7.2.1/../../../../arm-none-eabi/lib/thumb/v7e-m/fpv4-sp/hard\libcr_c.a(_hugeval.o)
                0x00003b90                __huge_vall
 .rodata        0x00003b98       0xe0 ./source/App.o
 .rodata._Csys_alloc.str1.1
                0x00003c78       0x18 c:/nxp/mcuxpressoide_10.2.0_759/ide/tools/bin/../lib/gcc/arm-none-eabi/7.2.1/../../../../arm-none-eabi/lib/thumb/v7e-m/fpv4-sp/hard\libcr_c.a(alloc.o)
 .rodata.fp_display.str1.1
                0x00003c90       0x34 c:/nxp/mcuxpressoide_10.2.0_759/ide/tools/bin/../lib/gcc/arm-none-eabi/7.2.1/../../../../arm-none-eabi/lib/thumb/v7e-m/fpv4-sp/hard\libcr_c.a(fpprintf.o)
                                 0x35 (size before relaxing)
 .rodata.__vfprintf.str1.1
                0x00003cc4       0x31 c:/nxp/mcuxpressoide_10.2.0_759/ide/tools/bin/../lib/gcc/arm-none-eabi/7.2.1/../../../../arm-none-eabi/lib/thumb/v7e-m/fpv4-sp/hard\libcr_c.a(printf.o)
                                 0x38 (size before relaxing)
                0x00003cf8                . = ALIGN (0x8)
 *fill*         0x00003cf5        0x3 ff

.glue_7         0x00003cf8        0x0
 .glue_7        0x00003cf8        0x0 linker stubs

.glue_7t        0x00003cf8        0x0
 .glue_7t       0x00003cf8        0x0 linker stubs

.vfp11_veneer   0x00003cf8        0x0
 .vfp11_veneer  0x00003cf8        0x0 linker stubs

.v4_bx          0x00003cf8        0x0
 .v4_bx         0x00003cf8        0x0 linker stubs

.iplt           0x00003cf8        0x0
 .iplt          0x00003cf8        0x0 ./source/timer/SysTick.o

.rel.dyn        0x00003cf8        0x0
 .rel.iplt      0x00003cf8        0x0 ./source/timer/SysTick.o

.ARM.extab
 *(SORT_BY_ALIGNMENT(.ARM.extab*) SORT_BY_ALIGNMENT(.gnu.linkonce.armextab.*))
                0x00003cf8                __exidx_start = .

.ARM.exidx
 *(SORT_BY_ALIGNMENT(.ARM.exidx*) SORT_BY_ALIGNMENT(.gnu.linkonce.armexidx.*))
                0x00003cf8                __exidx_end = .
                0x00003cf8                _etext = .

.m_usb_data
 *(SORT_BY_ALIGNMENT(m_usb_bdt))

.data_RAM2      0x1fff0000        0x0 load address 0x00003cf8
 FILL mask 0xff
                [!provide]                PROVIDE (__start_data_RAM2, .)
 *(SORT_BY_ALIGNMENT(.ramfunc.$RAM2))
 *(SORT_BY_ALIGNMENT(.ramfunc.$SRAM_LOWER))
 *(SORT_BY_ALIGNMENT(.data.$RAM2*))
 *(SORT_BY_ALIGNMENT(.data.$SRAM_LOWER*))
                0x1fff0000                . = ALIGN (0x8)
                [!provide]                PROVIDE (__end_data_RAM2, .)

.data_RAM3      0x14000000        0x0 load address 0x00003cf8
 FILL mask 0xff
                [!provide]                PROVIDE (__start_data_RAM3, .)
 *(SORT_BY_ALIGNMENT(.ramfunc.$RAM3))
 *(SORT_BY_ALIGNMENT(.ramfunc.$FLEX_RAM))
 *(SORT_BY_ALIGNMENT(.data.$RAM3*))
 *(SORT_BY_ALIGNMENT(.data.$FLEX_RAM*))
                0x14000000                . = ALIGN (0x8)
                [!provide]                PROVIDE (__end_data_RAM3, .)

.uninit_RESERVED
                0x20000000        0x0
 *(SORT_BY_ALIGNMENT(.bss.$RESERVED*))
                0x20000000                . = ALIGN (0x4)
                0x20000000                _end_uninit_RESERVED = .

.data           0x20000000       0x30 load address 0x00003cf8
 FILL mask 0xff
                0x20000000                _data = .
 *(SORT_BY_ALIGNMENT(vtable))
 *(SORT_BY_ALIGNMENT(.ramfunc*))
 *(SORT_BY_ALIGNMENT(.data*))
 .data.port_base_pointer
                0x20000000       0x14 ./source/MCAL/gpio.o
 .data.gpio_base_pointer
                0x20000014       0x14 ./source/MCAL/gpio.o
 .data.timers_cant
                0x20000028        0x1 ./source/timer/timer.o
                0x20000030                . = ALIGN (0x8)
 *fill*         0x20000029        0x7 ff
                0x20000030                _edata = .

.igot.plt       0x20000030        0x0 load address 0x00003d28
 .igot.plt      0x20000030        0x0 ./source/timer/SysTick.o

.bss_RAM2       0x1fff0000        0x0
                [!provide]                PROVIDE (__start_bss_RAM2, .)
 *(SORT_BY_ALIGNMENT(.bss.$RAM2*))
 *(SORT_BY_ALIGNMENT(.bss.$SRAM_LOWER*))
                0x1fff0000                . = ALIGN ((. != 0x0)?0x8:0x1)
                [!provide]                PROVIDE (__end_bss_RAM2, .)

.bss_RAM3       0x14000000        0x0
                [!provide]                PROVIDE (__start_bss_RAM3, .)
 *(SORT_BY_ALIGNMENT(.bss.$RAM3*))
 *(SORT_BY_ALIGNMENT(.bss.$FLEX_RAM*))
                0x14000000                . = ALIGN ((. != 0x0)?0x8:0x1)
                [!provide]                PROVIDE (__end_bss_RAM3, .)

.bss            0x20000030      0x308
                0x20000030                _bss = .
 *(SORT_BY_ALIGNMENT(.bss*))
 .bss.st_callback
                0x20000030        0x4 ./source/timer/SysTick.o
 .bss.timers    0x20000034      0x230 ./source/timer/timer.o
 .bss.__LDM_interruptDisableCount
                0x20000264        0x4 ./SDK/startup/hardware.o
 .bss.__end_of_heap
                0x20000268        0x4 c:/nxp/mcuxpressoide_10.2.0_759/ide/tools/bin/../lib/gcc/arm-none-eabi/7.2.1/../../../../arm-none-eabi/lib/thumb/v7e-m/fpv4-sp/hard\libcr_c.a(__init_alloc.o)
                0x20000268                __end_of_heap
 .bss.__heaps   0x2000026c        0x4 c:/nxp/mcuxpressoide_10.2.0_759/ide/tools/bin/../lib/gcc/arm-none-eabi/7.2.1/../../../../arm-none-eabi/lib/thumb/v7e-m/fpv4-sp/hard\libcr_c.a(__init_alloc.o)
                0x2000026c                __heaps
 .bss.errno     0x20000270        0x4 c:/nxp/mcuxpressoide_10.2.0_759/ide/tools/bin/../lib/gcc/arm-none-eabi/7.2.1/../../../../arm-none-eabi/lib/thumb/v7e-m/fpv4-sp/hard\libcr_c.a(errno.o)
                0x20000270                errno
 .bss.__Ciob    0x20000274       0xb4 c:/nxp/mcuxpressoide_10.2.0_759/ide/tools/bin/../lib/gcc/arm-none-eabi/7.2.1/../../../../arm-none-eabi/lib/thumb/v7e-m/fpv4-sp/hard\libcr_semihost_nf.a(__ciob.o)
                0x20000274                __Ciob
 .bss.PINA      0x20000328        0x1 ./source/drivers/src/encoder.o
 .bss.PINB      0x20000329        0x1 ./source/drivers/src/encoder.o
 .bss.PINSW     0x2000032a        0x1 ./source/drivers/src/encoder.o
 .bss.status    0x2000032b        0x1 ./source/drivers/src/encoder.o
 .bss.encEvent  0x2000032c        0x1 ./source/drivers/src/encoder.o
 .bss.encTimer  0x2000032d        0x1 ./source/drivers/src/encoder.o
 .bss.lastSW.5664
                0x2000032e        0x1 ./source/drivers/src/encoder.o
 .bss.encFSM.5663
                0x2000032f        0x1 ./source/drivers/src/encoder.o
 .bss.encoderState
                0x20000330        0x1 ./source/App.o
 *(SORT_BY_ALIGNMENT(COMMON))
                0x20000338                . = ALIGN (0x8)
 *fill*         0x20000331        0x7 
                0x20000338                _ebss = .
                [!provide]                PROVIDE (end, .)

.noinit_RAM2    0x1fff0000        0x0
 *(SORT_BY_ALIGNMENT(.noinit.$RAM2*))
 *(SORT_BY_ALIGNMENT(.noinit.$SRAM_LOWER*))
                0x1fff0000                . = ALIGN (0x8)

.noinit_RAM3    0x14000000        0x0
 *(SORT_BY_ALIGNMENT(.noinit.$RAM3*))
 *(SORT_BY_ALIGNMENT(.noinit.$FLEX_RAM*))
                0x14000000                . = ALIGN (0x8)

.noinit         0x20000338        0x0
                0x20000338                _noinit = .
 *(SORT_BY_ALIGNMENT(.noinit*))
                0x20000338                . = ALIGN (0x8)
                0x20000338                _end_noinit = .
                0x00001000                _HeapSize = 0x1000

.heap           0x20000338     0x1000
                0x20000338                _pvHeapStart = .
                0x20001338                . = (. + _HeapSize)
 *fill*         0x20000338     0x1000 
                0x20001338                . = ALIGN (0x8)
                0x20001338                _pvHeapLimit = .
                0x00001000                _StackSize = 0x1000

.heap2stackfill
                0x20001338     0x1000
                0x20002338                . = (. + _StackSize)
 *fill*         0x20001338     0x1000 

.stack          0x2002f000        0x0
                0x2002f000                _vStackBase = .
                0x2002f000                . = ALIGN (0x8)
                0x20030000                _vStackTop = (. + _StackSize)
                0x00000000                _image_start = LOADADDR (.text)
                0x00003d28                _image_end = (LOADADDR (.data) + SIZEOF (.data))
                0x00003d28                _image_size = (_image_end - _image_start)
OUTPUT(TP1_G4.axf elf32-littlearm)

.debug_info     0x00000000     0x4404
 .debug_info    0x00000000      0x53b ./source/timer/SysTick.o
 .debug_info    0x0000053b      0xb71 ./source/timer/timer.o
 .debug_info    0x000010ac      0xab4 ./source/drivers/src/encoder.o
 .debug_info    0x00001b60      0x542 ./source/MCAL/gpio.o
 .debug_info    0x000020a2      0xd4f ./source/App.o
 .debug_info    0x00002df1      0x675 ./SDK/startup/hardware.o
 .debug_info    0x00003466       0xb7 ./SDK/startup/main.o
 .debug_info    0x0000351d       0x3b ./SDK/startup/semihost_hardfault.o
 .debug_info    0x00003558      0x8b0 ./SDK/startup/startup_mk64f12.o
 .debug_info    0x00003e08      0x5fc ./SDK/CMSIS/system_MK64F12.o

.debug_abbrev   0x00000000      0xf7a
 .debug_abbrev  0x00000000      0x1ae ./source/timer/SysTick.o
 .debug_abbrev  0x000001ae      0x2b0 ./source/timer/timer.o
 .debug_abbrev  0x0000045e      0x244 ./source/drivers/src/encoder.o
 .debug_abbrev  0x000006a2      0x164 ./source/MCAL/gpio.o
 .debug_abbrev  0x00000806      0x2f5 ./source/App.o
 .debug_abbrev  0x00000afb      0x138 ./SDK/startup/hardware.o
 .debug_abbrev  0x00000c33       0x7d ./SDK/startup/main.o
 .debug_abbrev  0x00000cb0       0x2f ./SDK/startup/semihost_hardfault.o
 .debug_abbrev  0x00000cdf      0x15c ./SDK/startup/startup_mk64f12.o
 .debug_abbrev  0x00000e3b      0x13f ./SDK/CMSIS/system_MK64F12.o

.debug_aranges  0x00000000      0x560
 .debug_aranges
                0x00000000       0x30 ./source/timer/SysTick.o
 .debug_aranges
                0x00000030       0x68 ./source/timer/timer.o
 .debug_aranges
                0x00000098       0x48 ./source/drivers/src/encoder.o
 .debug_aranges
                0x000000e0       0x40 ./source/MCAL/gpio.o
 .debug_aranges
                0x00000120       0x70 ./source/App.o
 .debug_aranges
                0x00000190       0x30 ./SDK/startup/hardware.o
 .debug_aranges
                0x000001c0       0x20 ./SDK/startup/main.o
 .debug_aranges
                0x000001e0       0x20 ./SDK/startup/semihost_hardfault.o
 .debug_aranges
                0x00000200      0x330 ./SDK/startup/startup_mk64f12.o
 .debug_aranges
                0x00000530       0x30 ./SDK/CMSIS/system_MK64F12.o

.debug_ranges   0x00000000      0x4c0
 .debug_ranges  0x00000000       0x20 ./source/timer/SysTick.o
 .debug_ranges  0x00000020       0x58 ./source/timer/timer.o
 .debug_ranges  0x00000078       0x38 ./source/drivers/src/encoder.o
 .debug_ranges  0x000000b0       0x30 ./source/MCAL/gpio.o
 .debug_ranges  0x000000e0       0x60 ./source/App.o
 .debug_ranges  0x00000140       0x20 ./SDK/startup/hardware.o
 .debug_ranges  0x00000160       0x10 ./SDK/startup/main.o
 .debug_ranges  0x00000170       0x10 ./SDK/startup/semihost_hardfault.o
 .debug_ranges  0x00000180      0x320 ./SDK/startup/startup_mk64f12.o
 .debug_ranges  0x000004a0       0x20 ./SDK/CMSIS/system_MK64F12.o

.debug_macro    0x00000000    0x12c91
 .debug_macro   0x00000000       0xe1 ./source/timer/SysTick.o
 .debug_macro   0x000000e1      0xa60 ./source/timer/SysTick.o
 .debug_macro   0x00000b41      0x174 ./source/timer/SysTick.o
 .debug_macro   0x00000cb5      0x34e ./source/timer/SysTick.o
 .debug_macro   0x00001003       0x22 ./source/timer/SysTick.o
 .debug_macro   0x00001025       0x10 ./source/timer/SysTick.o
 .debug_macro   0x00001035       0x5c ./source/timer/SysTick.o
 .debug_macro   0x00001091       0x1c ./source/timer/SysTick.o
 .debug_macro   0x000010ad       0x22 ./source/timer/SysTick.o
 .debug_macro   0x000010cf       0xdf ./source/timer/SysTick.o
 .debug_macro   0x000011ae      0xecf ./source/timer/SysTick.o
 .debug_macro   0x0000207d       0x48 ./source/timer/SysTick.o
 .debug_macro   0x000020c5     0xe07b ./source/timer/SysTick.o
 .debug_macro   0x00010140     0x122b ./source/timer/SysTick.o
 .debug_macro   0x0001136b       0x16 ./source/timer/SysTick.o
 .debug_macro   0x00011381       0x52 ./source/timer/SysTick.o
 .debug_macro   0x000113d3       0x82 ./source/timer/SysTick.o
 .debug_macro   0x00011455      0x1f2 ./source/timer/timer.o
 .debug_macro   0x00011647       0x4c ./source/timer/timer.o
 .debug_macro   0x00011693       0x17 ./source/timer/timer.o
 .debug_macro   0x000116aa       0x22 ./source/timer/timer.o
 .debug_macro   0x000116cc       0x52 ./source/timer/timer.o
 .debug_macro   0x0001171e       0x8d ./source/timer/timer.o
 .debug_macro   0x000117ab       0x35 ./source/timer/timer.o
 .debug_macro   0x000117e0       0x9c ./source/timer/timer.o
 .debug_macro   0x0001187c       0x16 ./source/timer/timer.o
 .debug_macro   0x00011892      0x10e ./source/timer/timer.o
 .debug_macro   0x000119a0       0x8d ./source/timer/timer.o
 .debug_macro   0x00011a2d       0x57 ./source/timer/timer.o
 .debug_macro   0x00011a84       0x58 ./source/timer/timer.o
 .debug_macro   0x00011adc       0x1f ./source/timer/timer.o
 .debug_macro   0x00011afb       0x43 ./source/timer/timer.o
 .debug_macro   0x00011b3e       0x20 ./source/timer/timer.o
 .debug_macro   0x00011b5e      0x18e ./source/timer/timer.o
 .debug_macro   0x00011cec      0x330 ./source/timer/timer.o
 .debug_macro   0x0001201c       0x16 ./source/timer/timer.o
 .debug_macro   0x00012032       0x29 ./source/timer/timer.o
 .debug_macro   0x0001205b       0x1c ./source/timer/timer.o
 .debug_macro   0x00012077       0xd9 ./source/timer/timer.o
 .debug_macro   0x00012150      0x14d ./source/drivers/src/encoder.o
 .debug_macro   0x0001229d       0xaf ./source/MCAL/gpio.o
 .debug_macro   0x0001234c      0x221 ./source/App.o
 .debug_macro   0x0001256d       0x22 ./source/App.o
 .debug_macro   0x0001258f       0x1c ./source/App.o
 .debug_macro   0x000125ab       0x35 ./source/App.o
 .debug_macro   0x000125e0       0x10 ./source/App.o
 .debug_macro   0x000125f0       0x10 ./source/App.o
 .debug_macro   0x00012600       0x6a ./source/App.o
 .debug_macro   0x0001266a       0x1c ./source/App.o
 .debug_macro   0x00012686       0x52 ./source/App.o
 .debug_macro   0x000126d8       0x40 ./source/App.o
 .debug_macro   0x00012718       0x10 ./source/App.o
 .debug_macro   0x00012728       0x40 ./source/App.o
 .debug_macro   0x00012768       0xd7 ./source/App.o
 .debug_macro   0x0001283f       0x1c ./source/App.o
 .debug_macro   0x0001285b       0x3d ./source/App.o
 .debug_macro   0x00012898       0x16 ./source/App.o
 .debug_macro   0x000128ae      0x16f ./source/App.o
 .debug_macro   0x00012a1d       0x82 ./source/App.o
 .debug_macro   0x00012a9f       0x9c ./SDK/startup/hardware.o
 .debug_macro   0x00012b3b       0x9c ./SDK/startup/main.o
 .debug_macro   0x00012bd7       0x11 ./SDK/startup/semihost_hardfault.o
 .debug_macro   0x00012be8       0x29 ./SDK/startup/startup_mk64f12.o
 .debug_macro   0x00012c11       0x80 ./SDK/CMSIS/system_MK64F12.o

.debug_line     0x00000000     0x1e69
 .debug_line    0x00000000      0x23f ./source/timer/SysTick.o
 .debug_line    0x0000023f      0x47f ./source/timer/timer.o
 .debug_line    0x000006be      0x43d ./source/drivers/src/encoder.o
 .debug_line    0x00000afb      0x1ff ./source/MCAL/gpio.o
 .debug_line    0x00000cfa      0x52e ./source/App.o
 .debug_line    0x00001228      0x1d4 ./SDK/startup/hardware.o
 .debug_line    0x000013fc      0x175 ./SDK/startup/main.o
 .debug_line    0x00001571       0x59 ./SDK/startup/semihost_hardfault.o
 .debug_line    0x000015ca      0x6d8 ./SDK/startup/startup_mk64f12.o
 .debug_line    0x00001ca2      0x1c7 ./SDK/CMSIS/system_MK64F12.o

.debug_str      0x00000000    0x7d0e0
 .debug_str     0x00000000    0x77a42 ./source/timer/SysTick.o
                              0x77c87 (size before relaxing)
 .debug_str     0x00077a42     0x32b9 ./source/timer/timer.o
                              0x7a960 (size before relaxing)
 .debug_str     0x0007acfb      0x105 ./source/drivers/src/encoder.o
                               0x711f (size before relaxing)
 .debug_str     0x0007ae00      0x1b3 ./source/MCAL/gpio.o
                              0x77261 (size before relaxing)
 .debug_str     0x0007afb3     0x16d8 ./source/App.o
                               0x840c (size before relaxing)
 .debug_str     0x0007c68b      0x178 ./SDK/startup/hardware.o
                              0x7720b (size before relaxing)
 .debug_str     0x0007c803       0x1b ./SDK/startup/main.o
                              0x76fdf (size before relaxing)
 .debug_str     0x0007c81e       0x36 ./SDK/startup/semihost_hardfault.o
                               0x2d45 (size before relaxing)
 .debug_str     0x0007c854      0x82a ./SDK/startup/startup_mk64f12.o
                               0x35b3 (size before relaxing)
 .debug_str     0x0007d07e       0x62 ./SDK/CMSIS/system_MK64F12.o
                              0x7711a (size before relaxing)

.comment        0x00000000       0x7e
 .comment       0x00000000       0x7e ./source/timer/SysTick.o
                                 0x7f (size before relaxing)
 .comment       0x0000007e       0x7f ./source/timer/timer.o
 .comment       0x0000007e       0x7f ./source/drivers/src/encoder.o
 .comment       0x0000007e       0x7f ./source/MCAL/gpio.o
 .comment       0x0000007e       0x7f ./source/App.o
 .comment       0x0000007e       0x7f ./SDK/startup/hardware.o
 .comment       0x0000007e       0x7f ./SDK/startup/main.o
 .comment       0x0000007e       0x7f ./SDK/startup/semihost_hardfault.o
 .comment       0x0000007e       0x7f ./SDK/startup/startup_mk64f12.o
 .comment       0x0000007e       0x7f ./SDK/CMSIS/system_MK64F12.o
 .comment       0x0000007e       0x7f c:/nxp/mcuxpressoide_10.2.0_759/ide/tools/bin/../lib/gcc/arm-none-eabi/7.2.1/../../../../arm-none-eabi/lib/thumb/v7e-m/fpv4-sp/hard\libcr_c.a(alloc.o)
 .comment       0x0000007e       0x7f c:/nxp/mcuxpressoide_10.2.0_759/ide/tools/bin/../lib/gcc/arm-none-eabi/7.2.1/../../../../arm-none-eabi/lib/thumb/v7e-m/fpv4-sp/hard\libcr_c.a(fpprintf.o)
 .comment       0x0000007e       0x7f c:/nxp/mcuxpressoide_10.2.0_759/ide/tools/bin/../lib/gcc/arm-none-eabi/7.2.1/../../../../arm-none-eabi/lib/thumb/v7e-m/fpv4-sp/hard\libcr_c.a(printf.o)
 .comment       0x0000007e       0x7f c:/nxp/mcuxpressoide_10.2.0_759/ide/tools/bin/../lib/gcc/arm-none-eabi/7.2.1/../../../../arm-none-eabi/lib/thumb/v7e-m/fpv4-sp/hard\libcr_c.a(strlen.o)
 .comment       0x0000007e       0x7f c:/nxp/mcuxpressoide_10.2.0_759/ide/tools/bin/../lib/gcc/arm-none-eabi/7.2.1/../../../../arm-none-eabi/lib/thumb/v7e-m/fpv4-sp/hard\libcr_c.a(memset.o)
 .comment       0x0000007e       0x7f c:/nxp/mcuxpressoide_10.2.0_759/ide/tools/bin/../lib/gcc/arm-none-eabi/7.2.1/../../../../arm-none-eabi/lib/thumb/v7e-m/fpv4-sp/hard\libcr_c.a(__init_alloc.o)
 .comment       0x0000007e       0x7f c:/nxp/mcuxpressoide_10.2.0_759/ide/tools/bin/../lib/gcc/arm-none-eabi/7.2.1/../../../../arm-none-eabi/lib/thumb/v7e-m/fpv4-sp/hard\libcr_c.a(_cr_sbrk.o)
 .comment       0x0000007e       0x7f c:/nxp/mcuxpressoide_10.2.0_759/ide/tools/bin/../lib/gcc/arm-none-eabi/7.2.1/../../../../arm-none-eabi/lib/thumb/v7e-m/fpv4-sp/hard\libcr_c.a(_deferredlazyseek.o)
 .comment       0x0000007e       0x7f c:/nxp/mcuxpressoide_10.2.0_759/ide/tools/bin/../lib/gcc/arm-none-eabi/7.2.1/../../../../arm-none-eabi/lib/thumb/v7e-m/fpv4-sp/hard\libcr_c.a(_fflush.o)
 .comment       0x0000007e       0x7f c:/nxp/mcuxpressoide_10.2.0_759/ide/tools/bin/../lib/gcc/arm-none-eabi/7.2.1/../../../../arm-none-eabi/lib/thumb/v7e-m/fpv4-sp/hard\libcr_c.a(_frexpl.o)
 .comment       0x0000007e       0x7f c:/nxp/mcuxpressoide_10.2.0_759/ide/tools/bin/../lib/gcc/arm-none-eabi/7.2.1/../../../../arm-none-eabi/lib/thumb/v7e-m/fpv4-sp/hard\libcr_c.a(_ldexpl.o)
 .comment       0x0000007e       0x7f c:/nxp/mcuxpressoide_10.2.0_759/ide/tools/bin/../lib/gcc/arm-none-eabi/7.2.1/../../../../arm-none-eabi/lib/thumb/v7e-m/fpv4-sp/hard\libcr_c.a(_writebuf.o)
 .comment       0x0000007e       0x7f c:/nxp/mcuxpressoide_10.2.0_759/ide/tools/bin/../lib/gcc/arm-none-eabi/7.2.1/../../../../arm-none-eabi/lib/thumb/v7e-m/fpv4-sp/hard\libcr_c.a(errno.o)
 .comment       0x0000007e       0x7f c:/nxp/mcuxpressoide_10.2.0_759/ide/tools/bin/../lib/gcc/arm-none-eabi/7.2.1/../../../../arm-none-eabi/lib/thumb/v7e-m/fpv4-sp/hard\libcr_c.a(fseek.o)
 .comment       0x0000007e       0x7f c:/nxp/mcuxpressoide_10.2.0_759/ide/tools/bin/../lib/gcc/arm-none-eabi/7.2.1/../../../../arm-none-eabi/lib/thumb/v7e-m/fpv4-sp/hard\libcr_c.a(ftell.o)
 .comment       0x0000007e       0x7f c:/nxp/mcuxpressoide_10.2.0_759/ide/tools/bin/../lib/gcc/arm-none-eabi/7.2.1/../../../../arm-none-eabi/lib/thumb/v7e-m/fpv4-sp/hard\libcr_c.a(_cr_check_heap.o)
 .comment       0x0000007e       0x7f c:/nxp/mcuxpressoide_10.2.0_759/ide/tools/bin/../lib/gcc/arm-none-eabi/7.2.1/../../../../arm-none-eabi/lib/thumb/v7e-m/fpv4-sp/hard\libcr_c.a(_hugeval.o)
 .comment       0x0000007e       0x7f c:/nxp/mcuxpressoide_10.2.0_759/ide/tools/bin/../lib/gcc/arm-none-eabi/7.2.1/thumb/v7e-m/fpv4-sp/hard\libcr_eabihelpers.a(double.o)
 .comment       0x0000007e       0x7f c:/nxp/mcuxpressoide_10.2.0_759/ide/tools/bin/../lib/gcc/arm-none-eabi/7.2.1/../../../../arm-none-eabi/lib/thumb/v7e-m/fpv4-sp/hard\libcr_semihost_nf.a(__ciob.o)

.ARM.attributes
                0x00000000       0x37
 .ARM.attributes
                0x00000000       0x39 ./source/timer/SysTick.o
 .ARM.attributes
                0x00000039       0x39 ./source/timer/timer.o
 .ARM.attributes
                0x00000072       0x39 ./source/drivers/src/encoder.o
 .ARM.attributes
                0x000000ab       0x39 ./source/MCAL/gpio.o
 .ARM.attributes
                0x000000e4       0x39 ./source/App.o
 .ARM.attributes
                0x0000011d       0x39 ./SDK/startup/hardware.o
 .ARM.attributes
                0x00000156       0x39 ./SDK/startup/main.o
 .ARM.attributes
                0x0000018f       0x39 ./SDK/startup/semihost_hardfault.o
 .ARM.attributes
                0x000001c8       0x39 ./SDK/startup/startup_mk64f12.o
 .ARM.attributes
                0x00000201       0x39 ./SDK/CMSIS/system_MK64F12.o
 .ARM.attributes
                0x0000023a       0x39 c:/nxp/mcuxpressoide_10.2.0_759/ide/tools/bin/../lib/gcc/arm-none-eabi/7.2.1/../../../../arm-none-eabi/lib/thumb/v7e-m/fpv4-sp/hard\libcr_c.a(alloc.o)
 .ARM.attributes
                0x00000273       0x39 c:/nxp/mcuxpressoide_10.2.0_759/ide/tools/bin/../lib/gcc/arm-none-eabi/7.2.1/../../../../arm-none-eabi/lib/thumb/v7e-m/fpv4-sp/hard\libcr_c.a(fpprintf.o)
 .ARM.attributes
                0x000002ac       0x39 c:/nxp/mcuxpressoide_10.2.0_759/ide/tools/bin/../lib/gcc/arm-none-eabi/7.2.1/../../../../arm-none-eabi/lib/thumb/v7e-m/fpv4-sp/hard\libcr_c.a(printf.o)
 .ARM.attributes
                0x000002e5       0x39 c:/nxp/mcuxpressoide_10.2.0_759/ide/tools/bin/../lib/gcc/arm-none-eabi/7.2.1/../../../../arm-none-eabi/lib/thumb/v7e-m/fpv4-sp/hard\libcr_c.a(strlen.o)
 .ARM.attributes
                0x0000031e       0x39 c:/nxp/mcuxpressoide_10.2.0_759/ide/tools/bin/../lib/gcc/arm-none-eabi/7.2.1/../../../../arm-none-eabi/lib/thumb/v7e-m/fpv4-sp/hard\libcr_c.a(memset.o)
 .ARM.attributes
                0x00000357       0x39 c:/nxp/mcuxpressoide_10.2.0_759/ide/tools/bin/../lib/gcc/arm-none-eabi/7.2.1/../../../../arm-none-eabi/lib/thumb/v7e-m/fpv4-sp/hard\libcr_c.a(__init_alloc.o)
 .ARM.attributes
                0x00000390       0x39 c:/nxp/mcuxpressoide_10.2.0_759/ide/tools/bin/../lib/gcc/arm-none-eabi/7.2.1/../../../../arm-none-eabi/lib/thumb/v7e-m/fpv4-sp/hard\libcr_c.a(_cr_sbrk.o)
 .ARM.attributes
                0x000003c9       0x39 c:/nxp/mcuxpressoide_10.2.0_759/ide/tools/bin/../lib/gcc/arm-none-eabi/7.2.1/../../../../arm-none-eabi/lib/thumb/v7e-m/fpv4-sp/hard\libcr_c.a(_deferredlazyseek.o)
 .ARM.attributes
                0x00000402       0x39 c:/nxp/mcuxpressoide_10.2.0_759/ide/tools/bin/../lib/gcc/arm-none-eabi/7.2.1/../../../../arm-none-eabi/lib/thumb/v7e-m/fpv4-sp/hard\libcr_c.a(_fflush.o)
 .ARM.attributes
                0x0000043b       0x39 c:/nxp/mcuxpressoide_10.2.0_759/ide/tools/bin/../lib/gcc/arm-none-eabi/7.2.1/../../../../arm-none-eabi/lib/thumb/v7e-m/fpv4-sp/hard\libcr_c.a(_frexpl.o)
 .ARM.attributes
                0x00000474       0x39 c:/nxp/mcuxpressoide_10.2.0_759/ide/tools/bin/../lib/gcc/arm-none-eabi/7.2.1/../../../../arm-none-eabi/lib/thumb/v7e-m/fpv4-sp/hard\libcr_c.a(_ldexpl.o)
 .ARM.attributes
                0x000004ad       0x39 c:/nxp/mcuxpressoide_10.2.0_759/ide/tools/bin/../lib/gcc/arm-none-eabi/7.2.1/../../../../arm-none-eabi/lib/thumb/v7e-m/fpv4-sp/hard\libcr_c.a(_writebuf.o)
 .ARM.attributes
                0x000004e6       0x39 c:/nxp/mcuxpressoide_10.2.0_759/ide/tools/bin/../lib/gcc/arm-none-eabi/7.2.1/../../../../arm-none-eabi/lib/thumb/v7e-m/fpv4-sp/hard\libcr_c.a(errno.o)
 .ARM.attributes
                0x0000051f       0x39 c:/nxp/mcuxpressoide_10.2.0_759/ide/tools/bin/../lib/gcc/arm-none-eabi/7.2.1/../../../../arm-none-eabi/lib/thumb/v7e-m/fpv4-sp/hard\libcr_c.a(fseek.o)
 .ARM.attributes
                0x00000558       0x39 c:/nxp/mcuxpressoide_10.2.0_759/ide/tools/bin/../lib/gcc/arm-none-eabi/7.2.1/../../../../arm-none-eabi/lib/thumb/v7e-m/fpv4-sp/hard\libcr_c.a(ftell.o)
 .ARM.attributes
                0x00000591       0x39 c:/nxp/mcuxpressoide_10.2.0_759/ide/tools/bin/../lib/gcc/arm-none-eabi/7.2.1/../../../../arm-none-eabi/lib/thumb/v7e-m/fpv4-sp/hard\libcr_c.a(_cr_check_heap.o)
 .ARM.attributes
                0x000005ca       0x39 c:/nxp/mcuxpressoide_10.2.0_759/ide/tools/bin/../lib/gcc/arm-none-eabi/7.2.1/../../../../arm-none-eabi/lib/thumb/v7e-m/fpv4-sp/hard\libcr_c.a(_hugeval.o)
 .ARM.attributes
                0x00000603       0x39 c:/nxp/mcuxpressoide_10.2.0_759/ide/tools/bin/../lib/gcc/arm-none-eabi/7.2.1/thumb/v7e-m/fpv4-sp/hard\libcr_eabihelpers.a(double.o)
 .ARM.attributes
                0x0000063c       0x25 c:/nxp/mcuxpressoide_10.2.0_759/ide/tools/bin/../lib/gcc/arm-none-eabi/7.2.1/thumb/v7e-m/fpv4-sp/hard\libcr_eabihelpers.a(memcpy.o)
 .ARM.attributes
                0x00000661       0x39 c:/nxp/mcuxpressoide_10.2.0_759/ide/tools/bin/../lib/gcc/arm-none-eabi/7.2.1/../../../../arm-none-eabi/lib/thumb/v7e-m/fpv4-sp/hard\libcr_semihost_nf.a(__ciob.o)
 .ARM.attributes
                0x0000069a       0x25 c:/nxp/mcuxpressoide_10.2.0_759/ide/tools/bin/../lib/gcc/arm-none-eabi/7.2.1/../../../../arm-none-eabi/lib/thumb/v7e-m/fpv4-sp/hard\libcr_semihost_nf.a(__sys_appexit.o)
 .ARM.attributes
                0x000006bf       0x25 c:/nxp/mcuxpressoide_10.2.0_759/ide/tools/bin/../lib/gcc/arm-none-eabi/7.2.1/../../../../arm-none-eabi/lib/thumb/v7e-m/fpv4-sp/hard\libcr_semihost_nf.a(__sys_flen.o)
 .ARM.attributes
                0x000006e4       0x25 c:/nxp/mcuxpressoide_10.2.0_759/ide/tools/bin/../lib/gcc/arm-none-eabi/7.2.1/../../../../arm-none-eabi/lib/thumb/v7e-m/fpv4-sp/hard\libcr_semihost_nf.a(__sys_istty.o)
 .ARM.attributes
                0x00000709       0x25 c:/nxp/mcuxpressoide_10.2.0_759/ide/tools/bin/../lib/gcc/arm-none-eabi/7.2.1/../../../../arm-none-eabi/lib/thumb/v7e-m/fpv4-sp/hard\libcr_semihost_nf.a(__sys_seek.o)
 .ARM.attributes
                0x0000072e       0x25 c:/nxp/mcuxpressoide_10.2.0_759/ide/tools/bin/../lib/gcc/arm-none-eabi/7.2.1/../../../../arm-none-eabi/lib/thumb/v7e-m/fpv4-sp/hard\libcr_semihost_nf.a(__sys_write.o)

.debug_frame    0x00000000      0xf88
 .debug_frame   0x00000000       0x88 ./source/timer/SysTick.o
 .debug_frame   0x00000088      0x184 ./source/timer/timer.o
 .debug_frame   0x0000020c       0xcc ./source/drivers/src/encoder.o
 .debug_frame   0x000002d8       0xd8 ./source/MCAL/gpio.o
 .debug_frame   0x000003b0      0x1a4 ./source/App.o
 .debug_frame   0x00000554       0x70 ./SDK/startup/hardware.o
 .debug_frame   0x000005c4       0x2c ./SDK/startup/main.o
 .debug_frame   0x000005f0       0x20 ./SDK/startup/semihost_hardfault.o
 .debug_frame   0x00000610      0x904 ./SDK/startup/startup_mk64f12.o
 .debug_frame   0x00000f14       0x74 ./SDK/CMSIS/system_MK64F12.o
