Archive member included to satisfy reference by file (symbol)

f:/mcuxpressoide_10.2.0_759/ide/tools/bin/../lib/gcc/arm-none-eabi/7.2.1/../../../../arm-none-eabi/lib/thumb/v7e-m/fpv4-sp/hard\libcr_c.a(alloc.o)
                              ./source/App.o (malloc)
f:/mcuxpressoide_10.2.0_759/ide/tools/bin/../lib/gcc/arm-none-eabi/7.2.1/../../../../arm-none-eabi/lib/thumb/v7e-m/fpv4-sp/hard\libcr_c.a(fpprintf.o)
                              ./source/App.o (printf)
f:/mcuxpressoide_10.2.0_759/ide/tools/bin/../lib/gcc/arm-none-eabi/7.2.1/../../../../arm-none-eabi/lib/thumb/v7e-m/fpv4-sp/hard\libcr_c.a(printf.o)
                              f:/mcuxpressoide_10.2.0_759/ide/tools/bin/../lib/gcc/arm-none-eabi/7.2.1/../../../../arm-none-eabi/lib/thumb/v7e-m/fpv4-sp/hard\libcr_c.a(fpprintf.o) (__vfprintf)
f:/mcuxpressoide_10.2.0_759/ide/tools/bin/../lib/gcc/arm-none-eabi/7.2.1/../../../../arm-none-eabi/lib/thumb/v7e-m/fpv4-sp/hard\libcr_c.a(strlen.o)
                              f:/mcuxpressoide_10.2.0_759/ide/tools/bin/../lib/gcc/arm-none-eabi/7.2.1/../../../../arm-none-eabi/lib/thumb/v7e-m/fpv4-sp/hard\libcr_c.a(printf.o) (strlen)
f:/mcuxpressoide_10.2.0_759/ide/tools/bin/../lib/gcc/arm-none-eabi/7.2.1/../../../../arm-none-eabi/lib/thumb/v7e-m/fpv4-sp/hard\libcr_c.a(memcpy.o)
                              f:/mcuxpressoide_10.2.0_759/ide/tools/bin/../lib/gcc/arm-none-eabi/7.2.1/../../../../arm-none-eabi/lib/thumb/v7e-m/fpv4-sp/hard\libcr_c.a(alloc.o) (memcpy)
f:/mcuxpressoide_10.2.0_759/ide/tools/bin/../lib/gcc/arm-none-eabi/7.2.1/../../../../arm-none-eabi/lib/thumb/v7e-m/fpv4-sp/hard\libcr_c.a(memset.o)
                              f:/mcuxpressoide_10.2.0_759/ide/tools/bin/../lib/gcc/arm-none-eabi/7.2.1/../../../../arm-none-eabi/lib/thumb/v7e-m/fpv4-sp/hard\libcr_c.a(alloc.o) (memset)
f:/mcuxpressoide_10.2.0_759/ide/tools/bin/../lib/gcc/arm-none-eabi/7.2.1/../../../../arm-none-eabi/lib/thumb/v7e-m/fpv4-sp/hard\libcr_c.a(__init_alloc.o)
                              f:/mcuxpressoide_10.2.0_759/ide/tools/bin/../lib/gcc/arm-none-eabi/7.2.1/../../../../arm-none-eabi/lib/thumb/v7e-m/fpv4-sp/hard\libcr_c.a(alloc.o) (__heaps)
f:/mcuxpressoide_10.2.0_759/ide/tools/bin/../lib/gcc/arm-none-eabi/7.2.1/../../../../arm-none-eabi/lib/thumb/v7e-m/fpv4-sp/hard\libcr_c.a(_cr_sbrk.o)
                              f:/mcuxpressoide_10.2.0_759/ide/tools/bin/../lib/gcc/arm-none-eabi/7.2.1/../../../../arm-none-eabi/lib/thumb/v7e-m/fpv4-sp/hard\libcr_c.a(alloc.o) (_sbrk)
f:/mcuxpressoide_10.2.0_759/ide/tools/bin/../lib/gcc/arm-none-eabi/7.2.1/../../../../arm-none-eabi/lib/thumb/v7e-m/fpv4-sp/hard\libcr_c.a(_deferredlazyseek.o)
                              f:/mcuxpressoide_10.2.0_759/ide/tools/bin/../lib/gcc/arm-none-eabi/7.2.1/../../../../arm-none-eabi/lib/thumb/v7e-m/fpv4-sp/hard\libcr_c.a(fpprintf.o) (__flsbuf)
f:/mcuxpressoide_10.2.0_759/ide/tools/bin/../lib/gcc/arm-none-eabi/7.2.1/../../../../arm-none-eabi/lib/thumb/v7e-m/fpv4-sp/hard\libcr_c.a(_fflush.o)
                              f:/mcuxpressoide_10.2.0_759/ide/tools/bin/../lib/gcc/arm-none-eabi/7.2.1/../../../../arm-none-eabi/lib/thumb/v7e-m/fpv4-sp/hard\libcr_c.a(_deferredlazyseek.o) (_fflush)
f:/mcuxpressoide_10.2.0_759/ide/tools/bin/../lib/gcc/arm-none-eabi/7.2.1/../../../../arm-none-eabi/lib/thumb/v7e-m/fpv4-sp/hard\libcr_c.a(_frexpl.o)
                              f:/mcuxpressoide_10.2.0_759/ide/tools/bin/../lib/gcc/arm-none-eabi/7.2.1/../../../../arm-none-eabi/lib/thumb/v7e-m/fpv4-sp/hard\libcr_c.a(fpprintf.o) (_frexpl)
f:/mcuxpressoide_10.2.0_759/ide/tools/bin/../lib/gcc/arm-none-eabi/7.2.1/../../../../arm-none-eabi/lib/thumb/v7e-m/fpv4-sp/hard\libcr_c.a(_ldexpl.o)
                              f:/mcuxpressoide_10.2.0_759/ide/tools/bin/../lib/gcc/arm-none-eabi/7.2.1/../../../../arm-none-eabi/lib/thumb/v7e-m/fpv4-sp/hard\libcr_c.a(fpprintf.o) (_ldexpl)
f:/mcuxpressoide_10.2.0_759/ide/tools/bin/../lib/gcc/arm-none-eabi/7.2.1/../../../../arm-none-eabi/lib/thumb/v7e-m/fpv4-sp/hard\libcr_c.a(_writebuf.o)
                              f:/mcuxpressoide_10.2.0_759/ide/tools/bin/../lib/gcc/arm-none-eabi/7.2.1/../../../../arm-none-eabi/lib/thumb/v7e-m/fpv4-sp/hard\libcr_c.a(_deferredlazyseek.o) (_Cwritebuf)
f:/mcuxpressoide_10.2.0_759/ide/tools/bin/../lib/gcc/arm-none-eabi/7.2.1/../../../../arm-none-eabi/lib/thumb/v7e-m/fpv4-sp/hard\libcr_c.a(errno.o)
                              f:/mcuxpressoide_10.2.0_759/ide/tools/bin/../lib/gcc/arm-none-eabi/7.2.1/../../../../arm-none-eabi/lib/thumb/v7e-m/fpv4-sp/hard\libcr_c.a(_cr_sbrk.o) (errno)
f:/mcuxpressoide_10.2.0_759/ide/tools/bin/../lib/gcc/arm-none-eabi/7.2.1/../../../../arm-none-eabi/lib/thumb/v7e-m/fpv4-sp/hard\libcr_c.a(fseek.o)
                              f:/mcuxpressoide_10.2.0_759/ide/tools/bin/../lib/gcc/arm-none-eabi/7.2.1/../../../../arm-none-eabi/lib/thumb/v7e-m/fpv4-sp/hard\libcr_c.a(_deferredlazyseek.o) (fseek)
[...]
Memory Configuration

Name             Origin             Length             Attributes
PROGRAM_FLASH    0x00000000         0x00100000         xr
SRAM_UPPER       0x20000000         0x00030000         xrw
SRAM_LOWER       0x1fff0000         0x00010000         xrw
FLEX_RAM         0x14000000         0x00001000         xrw
*default*        0x00000000         0xffffffff

Linker script and memory map

LOAD ./source/timer/SysTick.o
LOAD ./source/timer/timer.o
LOAD ./source/drivers/src/display.o
LOAD ./source/drivers/src/encoder.o
LOAD ./source/drivers/src/leds.o
LOAD ./source/drivers/src/magDriver.o
LOAD ./source/MCAL/gpio.o
LOAD ./source/App.o
LOAD ./SDK/startup/hardware.o
LOAD ./SDK/startup/main.o
LOAD ./SDK/startup/semihost_hardfault.o
LOAD ./SDK/startup/startup_mk64f12.o
LOAD ./SDK/CMSIS/system_MK64F12.o
START GROUP
LOAD f:/mcuxpressoide_10.2.0_759/ide/tools/bin/../lib/gcc/arm-none-eabi/7.2.1/../../../../arm-none-eabi/lib/thumb/v7e-m/fpv4-sp/hard\libcr_semihost_nf.a
LOAD f:/mcuxpressoide_10.2.0_759/ide/tools/bin/../lib/gcc/arm-none-eabi/7.2.1/../../../../arm-none-eabi/lib/thumb/v7e-m/fpv4-sp/hard\libcr_c.a
LOAD f:/mcuxpressoide_10.2.0_759/ide/tools/bin/../lib/gcc/arm-none-eabi/7.2.1/thumb/v7e-m/fpv4-sp/hard\libcr_eabihelpers.a
END GROUP
                0x00000000                __base_PROGRAM_FLASH = 0x0
                0x00000000                __base_Flash = 0x0
                0x00100000                __top_PROGRAM_FLASH = 0x100000
                0x00100000                __top_Flash = 0x100000
                0x20000000                __base_SRAM_UPPER = 0x20000000
                0x20000000                __base_RAM = 0x20000000
                0x20030000                __top_SRAM_UPPER = 0x20030000
                0x20030000                __top_RAM = 0x20030000
                0x1fff0000                __base_SRAM_LOWER = 0x1fff0000
                0x1fff0000                __base_RAM2 = 0x1fff0000
                0x20000000                __top_SRAM_LOWER = 0x20000000
                0x20000000                __top_RAM2 = 0x20000000
                0x14000000                __base_FLEX_RAM = 0x14000000
                0x14000000                __base_RAM3 = 0x14000000
                0x14001000                __top_FLEX_RAM = 0x14001000
                0x14001000                __top_RAM3 = 0x14001000

.text           0x00000000     0x4f08
 FILL mask 0xff
                0x00000000                __vectors_start__ = ABSOLUTE (.)
 *(SORT_BY_ALIGNMENT(.isr_vector))
 .isr_vector    0x00000000      0x198 ./SDK/startup/startup_mk64f12.o
                0x00000000                g_pfnVectors
                0x00000000                __Vectors
                0x00000198                . = ALIGN (0x4)
                0x00000198                __section_table_start = .
                0x00000198                __data_section_table = .
                0x00000198        0x4 LONG 0x4f08 LOADADDR (.data)
                0x0000019c        0x4 LONG 0x20000000 ADDR (.data)
                0x000001a0        0x4 LONG 0x48 SIZEOF (.data)
                0x000001a4        0x4 LONG 0x4f08 LOADADDR (.data_RAM2)
                0x000001a8        0x4 LONG 0x1fff0000 ADDR (.data_RAM2)
                0x000001ac        0x4 LONG 0x0 SIZEOF (.data_RAM2)
                0x000001b0        0x4 LONG 0x4f08 LOADADDR (.data_RAM3)
                0x000001b4        0x4 LONG 0x14000000 ADDR (.data_RAM3)
                0x000001b8        0x4 LONG 0x0 SIZEOF (.data_RAM3)
                0x000001bc                __data_section_table_end = .
                0x000001bc                __bss_section_table = .
                0x000001bc        0x4 LONG 0x20000048 ADDR (.bss)
                0x000001c0        0x4 LONG 0x450 SIZEOF (.bss)
                0x000001c4        0x4 LONG 0x1fff0000 ADDR (.bss_RAM2)
                0x000001c8        0x4 LONG 0x0 SIZEOF (.bss_RAM2)
                0x000001cc        0x4 LONG 0x14000000 ADDR (.bss_RAM3)
                0x000001d0        0x4 LONG 0x0 SIZEOF (.bss_RAM3)
                0x000001d4                __bss_section_table_end = .
                0x000001d4                __section_table_end = .
 *(SORT_BY_ALIGNMENT(.after_vectors*))
 .after_vectors.reset
                0x000001d4       0x4c ./SDK/startup/startup_mk64f12.o
                0x000001d4                ResetISR
 .after_vectors.init_data
                0x00000220       0x1e ./SDK/startup/startup_mk64f12.o
                0x00000220                data_init
 .after_vectors.init_bss
                0x0000023e       0x12 ./SDK/startup/startup_mk64f12.o
                0x0000023e                bss_init
 .after_vectors
                0x00000250       0x14 ./SDK/startup/startup_mk64f12.o
                0x00000250                NMI_Handler
                0x00000254                MemManage_Handler
                0x00000256                BusFault_Handler
                0x00000258                UsageFault_Handler
                0x0000025a                SVC_Handler
                0x0000025c                DebugMon_Handler
                0x0000025e                PendSV_Handler
                0x00000262                DMA_Error_DriverIRQHandler
                0x00000262                LPTMR0_DriverIRQHandler
                0x00000262                FTM1_DriverIRQHandler
                0x00000262                FTM2_DriverIRQHandler
                0x00000262                PIT2_DriverIRQHandler
                0x00000262                SDHC_DriverIRQHandler
                0x00000262                I2S0_Tx_DriverIRQHandler
                0x00000262                RTC_Seconds_DriverIRQHandler
                0x00000262                DMA6_DriverIRQHandler
                0x00000262                LLWU_DriverIRQHandler
                0x00000262                MCM_DriverIRQHandler
                0x00000262                MCG_DriverIRQHandler
                0x00000262                ENET_1588_Timer_DriverIRQHandler
                0x00000262                I2C2_DriverIRQHandler
                0x00000262                DAC1_DriverIRQHandler
                0x00000262                SPI1_DriverIRQHandler
                0x00000262                CMP1_DriverIRQHandler
                0x00000262                UART5_RX_TX_DriverIRQHandler
                0x00000262                FTM0_DriverIRQHandler
                0x00000262                IntDefaultHandler
                0x00000262                USB0_DriverIRQHandler
                0x00000262                UART5_ERR_DriverIRQHandler
                0x00000262                PORTC_DriverIRQHandler
                0x00000262                DMA11_DriverIRQHandler
                0x00000262                DAC0_DriverIRQHandler
                0x00000262                DMA10_DriverIRQHandler
                0x00000262                CMP2_DriverIRQHandler
                0x00000262                UART2_ERR_DriverIRQHandler
                0x00000262                SPI2_DriverIRQHandler
                0x00000262                LVD_LVW_DriverIRQHandler
                0x00000262                PIT0_DriverIRQHandler
                0x00000262                RNG_DriverIRQHandler
                0x00000262                DMA5_DriverIRQHandler
                0x00000262                DMA12_DriverIRQHandler
                0x00000262                UART2_RX_TX_DriverIRQHandler
                0x00000262                USBDCD_DriverIRQHandler
                0x00000262                UART3_ERR_DriverIRQHandler
                0x00000262                DMA3_DriverIRQHandler
                0x00000262                DMA8_DriverIRQHandler
                0x00000262                DMA9_DriverIRQHandler
                0x00000262                UART0_ERR_DriverIRQHandler
                0x00000262                CMT_DriverIRQHandler
                0x00000262                Reserved71_DriverIRQHandler
                0x00000262                ADC1_DriverIRQHandler
                0x00000262                PORTA_DriverIRQHandler
                0x00000262                DMA14_DriverIRQHandler
                0x00000262                PIT3_DriverIRQHandler
                0x00000262                PIT1_DriverIRQHandler
                0x00000262                WDOG_EWM_DriverIRQHandler
                0x00000262                PDB0_DriverIRQHandler
                0x00000262                RTC_DriverIRQHandler
                0x00000262                I2S0_Rx_DriverIRQHandler
                0x00000262                Read_Collision_DriverIRQHandler
                0x00000262                SWI_DriverIRQHandler
                0x00000262                UART4_RX_TX_DriverIRQHandler
                0x00000262                UART4_ERR_DriverIRQHandler
                0x00000262                PORTB_DriverIRQHandler
                0x00000262                UART0_LON_DriverIRQHandler
                0x00000262                DMA0_DriverIRQHandler
                0x00000262                DMA1_DriverIRQHandler
                0x00000262                I2C1_DriverIRQHandler
                0x00000262                UART3_RX_TX_DriverIRQHandler
                0x00000262                ENET_Receive_DriverIRQHandler
                0x00000262                DMA13_DriverIRQHandler
                0x00000262                ENET_Error_DriverIRQHandler
                0x00000262                DMA15_DriverIRQHandler
                0x00000262                UART0_RX_TX_DriverIRQHandler
                0x00000262                SPI0_DriverIRQHandler
                0x00000262                ADC0_DriverIRQHandler
                0x00000262                CMP0_DriverIRQHandler
                0x00000262                CAN0_DriverIRQHandler
                0x00000262                FTM3_DriverIRQHandler
                0x00000262                DMA4_DriverIRQHandler
                0x00000262                UART1_ERR_DriverIRQHandler
                0x00000262                DMA2_DriverIRQHandler
                0x00000262                ENET_Transmit_DriverIRQHandler
                0x00000262                PORTD_DriverIRQHandler
                0x00000262                PORTE_DriverIRQHandler
                0x00000262                FTFE_DriverIRQHandler
                0x00000262                I2C0_DriverIRQHandler
                0x00000262                DMA7_DriverIRQHandler
                0x00000262                UART1_RX_TX_DriverIRQHandler
                0x00000400                . = 0x400
 *fill*         0x00000264      0x19c ff
                0x00000400                PROVIDE (__FLASH_CONFIG_START__, .)
 *(SORT_BY_ALIGNMENT(.FlashConfig))
 .FlashConfig   0x00000400       0x10 ./SDK/startup/startup_mk64f12.o
                0x00000400                Flash_Config
                0x00000410                PROVIDE (__FLASH_CONFIG_END__, .)
                0x00000001                ASSERT (! ((__FLASH_CONFIG_START__ == __FLASH_CONFIG_END__)), Linker Flash Config Support Enabled, but no .FlashConfig section provided within application)
 *(SORT_BY_ALIGNMENT(.text*))
 .text.fp_display
                0x00000410      0x974 f:/mcuxpressoide_10.2.0_759/ide/tools/bin/../lib/gcc/arm-none-eabi/7.2.1/../../../../arm-none-eabi/lib/thumb/v7e-m/fpv4-sp/hard\libcr_c.a(fpprintf.o)
 *fill*         0x00000d84        0x4 ff
 .text._frexpl  0x00000d88       0x68 f:/mcuxpressoide_10.2.0_759/ide/tools/bin/../lib/gcc/arm-none-eabi/7.2.1/../../../../arm-none-eabi/lib/thumb/v7e-m/fpv4-sp/hard\libcr_c.a(_frexpl.o)
                0x00000d88                _frexpl
 .text._ldexpl  0x00000df0       0x58 f:/mcuxpressoide_10.2.0_759/ide/tools/bin/../lib/gcc/arm-none-eabi/7.2.1/../../../../arm-none-eabi/lib/thumb/v7e-m/fpv4-sp/hard\libcr_c.a(_ldexpl.o)
                0x00000df0                _ldexpl
 .text.__NVIC_EnableIRQ
                0x00000e48       0x3c ./source/timer/SysTick.o
 .text.SysTick_Init
                0x00000e84       0x44 ./source/timer/SysTick.o
                0x00000e84                SysTick_Init
 .text.SysTick_Handler
                0x00000ec8       0x34 ./source/timer/SysTick.o
                0x00000ec8                SysTick_Handler
 .text.timerInit
                0x00000efc       0x24 ./source/timer/timer.o
                0x00000efc                timerInit
 .text.timerGetId
                0x00000f20       0x2c ./source/timer/timer.o
                0x00000f20                timerGetId
 .text.timerStart
                0x00000f4c       0xa4 ./source/timer/timer.o
                0x00000f4c                timerStart
 .text.timerStop
                0x00000ff0       0x44 ./source/timer/timer.o
                0x00000ff0                timerStop
 .text.timerExpired
                0x00001034       0x38 ./source/timer/timer.o
                0x00001034                timerExpired
 .text.timer_isr
                0x0000106c       0xd4 ./source/timer/timer.o
 .text.dispInit
                0x00001140       0xa0 ./source/drivers/src/display.o
                0x00001140                dispInit
 .text.dispSendChar
                0x000011e0       0x3c ./source/drivers/src/display.o
                0x000011e0                dispSendChar
 .text.SetdispBrightness
                0x0000121c       0x70 ./source/drivers/src/display.o
                0x0000121c                SetdispBrightness
 .text.SetdispDP
                0x0000128c       0x18 ./source/drivers/src/display.o
                0x0000128c                SetdispDP
 .text.CleardispDP
                0x000012a4       0x18 ./source/drivers/src/display.o
                0x000012a4                CleardispDP
 .text.displayCallback
                0x000012bc      0x15c ./source/drivers/src/display.o
 .text.OFFseven_segment
                0x00001418       0x34 ./source/drivers/src/display.o
 .text.dispSelect
                0x0000144c       0x9c ./source/drivers/src/display.o
                0x0000144c                dispSelect
 .text.encInit  0x000014e8       0x58 ./source/drivers/src/encoder.o
                0x000014e8                encInit
 .text.encGetStatus
                0x00001540       0x28 ./source/drivers/src/encoder.o
                0x00001540                encGetStatus
 .text.encGetEvent
                0x00001568       0x18 ./source/drivers/src/encoder.o
                0x00001568                encGetEvent
 .text.encoCallback
                0x00001580       0x38 ./source/drivers/src/encoder.o
 .text.readPins
                0x000015b8       0x40 ./source/drivers/src/encoder.o
 .text.encStatus
                0x000015f8      0x240 ./source/drivers/src/encoder.o
 .text.ledsInit
                0x00001838       0x60 ./source/drivers/src/leds.o
                0x00001838                ledsInit
 .text.ledClear
                0x00001898       0x24 ./source/drivers/src/leds.o
                0x00001898                ledClear
 .text.ledSet   0x000018bc       0x24 ./source/drivers/src/leds.o
                0x000018bc                ledSet
 .text.ledsCallback
                0x000018e0       0x48 ./source/drivers/src/leds.o
 .text.ledSelect
                0x00001928       0x9c ./source/drivers/src/leds.o
                0x00001928                ledSelect
 .text.__NVIC_EnableIRQ
                0x000019c4       0x3c ./source/drivers/src/magDriver.o
 .text.__NVIC_DisableIRQ
                0x00001a00       0x44 ./source/drivers/src/magDriver.o
 .text.mag_drv_INIT
                0x00001a44       0x54 ./source/drivers/src/magDriver.o
                0x00001a44                mag_drv_INIT
 .text.mag_drv_LIVE
                0x00001a98       0x80 ./source/drivers/src/magDriver.o
                0x00001a98                mag_drv_LIVE
 .text.PORTB_IRQHandler
                0x00001b18       0xfc ./source/drivers/src/magDriver.o
                0x00001b18                PORTB_IRQHandler
 .text.mag_get_data_ready
                0x00001c14       0x18 ./source/drivers/src/magDriver.o
                0x00001c14                mag_get_data_ready
 .text.mag_drv_read
                0x00001c2c       0x38 ./source/drivers/src/magDriver.o
                0x00001c2c                mag_drv_read
 .text.mag_data2bits
                0x00001c64      0x1d4 ./source/drivers/src/magDriver.o
                0x00001c64                mag_data2bits
 .text.mag_bitstochar
                0x00001e38       0x8c ./source/drivers/src/magDriver.o
                0x00001e38                mag_bitstochar
 .text.mag_read_end
                0x00001ec4       0x30 ./source/drivers/src/magDriver.o
                0x00001ec4                mag_read_end
 .text.gpioMode
                0x00001ef4      0x1ac ./source/MCAL/gpio.o
                0x00001ef4                gpioMode
 .text.gpioWrite
                0x000020a0       0x68 ./source/MCAL/gpio.o
                0x000020a0                gpioWrite
 .text.gpioRead
                0x00002108       0x50 ./source/MCAL/gpio.o
                0x00002108                gpioRead
 .text.App_Run  0x00002158      0x614 ./source/App.o
                0x00002158                App_Run
 .text.user_init
                0x0000276c       0x5c ./source/App.o
 .text.user_add
                0x000027c8       0x8c ./source/App.o
 .text.admin_init
                0x00002854       0x50 ./source/App.o
 .text.ADMIN_scroll
                0x000028a4       0x9c ./source/App.o
 .text.PW_scroll
                0x00002940       0xbc ./source/App.o
 .text.hw_Init  0x000029fc      0x10c ./SDK/startup/hardware.o
                0x000029fc                hw_Init
 .text.hw_EnableInterrupts
                0x00002b08       0x30 ./SDK/startup/hardware.o
                0x00002b08                hw_EnableInterrupts
 .text.hw_DisableInterrupts
                0x00002b38       0x20 ./SDK/startup/hardware.o
                0x00002b38                hw_DisableInterrupts
 .text.SystemInit
                0x00002b58       0x3c ./SDK/CMSIS/system_MK64F12.o
                0x00002b58                SystemInit
 .text.malloc   0x00002b94       0xc8 f:/mcuxpressoide_10.2.0_759/ide/tools/bin/../lib/gcc/arm-none-eabi/7.2.1/../../../../arm-none-eabi/lib/thumb/v7e-m/fpv4-sp/hard\libcr_c.a(alloc.o)
                0x00002b94                malloc
 .text._Csys_alloc
                0x00002c5c       0x20 f:/mcuxpressoide_10.2.0_759/ide/tools/bin/../lib/gcc/arm-none-eabi/7.2.1/../../../../arm-none-eabi/lib/thumb/v7e-m/fpv4-sp/hard\libcr_c.a(alloc.o)
                0x00002c5c                _Csys_alloc
 .text.sprintf  0x00002c7c       0x6c f:/mcuxpressoide_10.2.0_759/ide/tools/bin/../lib/gcc/arm-none-eabi/7.2.1/../../../../arm-none-eabi/lib/thumb/v7e-m/fpv4-sp/hard\libcr_c.a(fpprintf.o)
                0x00002c7c                sprintf
 .text.vsnprintf
                0x00002ce8       0x5c f:/mcuxpressoide_10.2.0_759/ide/tools/bin/../lib/gcc/arm-none-eabi/7.2.1/../../../../arm-none-eabi/lib/thumb/v7e-m/fpv4-sp/hard\libcr_c.a(fpprintf.o)
                0x00002ce8                vsnprintf
 .text.printf   0x00002d44       0x54 f:/mcuxpressoide_10.2.0_759/ide/tools/bin/../lib/gcc/arm-none-eabi/7.2.1/../../../../arm-none-eabi/lib/thumb/v7e-m/fpv4-sp/hard\libcr_c.a(fpprintf.o)
                0x00002d44                printf
 .text.__vfprintf
                0x00002d98      0xb98 f:/mcuxpressoide_10.2.0_759/ide/tools/bin/../lib/gcc/arm-none-eabi/7.2.1/../../../../arm-none-eabi/lib/thumb/v7e-m/fpv4-sp/hard\libcr_c.a(printf.o)
                0x00002d98                __vfprintf
 .text._sbrk    0x00003930       0x3c f:/mcuxpressoide_10.2.0_759/ide/tools/bin/../lib/gcc/arm-none-eabi/7.2.1/../../../../arm-none-eabi/lib/thumb/v7e-m/fpv4-sp/hard\libcr_c.a(_cr_sbrk.o)
                0x00003930                _sbrk
 .text._Cwritebuf
                0x0000396c       0x6c f:/mcuxpressoide_10.2.0_759/ide/tools/bin/../lib/gcc/arm-none-eabi/7.2.1/../../../../arm-none-eabi/lib/thumb/v7e-m/fpv4-sp/hard\libcr_c.a(_writebuf.o)
                0x0000396c                _Cwritebuf
 .text.fseek    0x000039d8      0x100 f:/mcuxpressoide_10.2.0_759/ide/tools/bin/../lib/gcc/arm-none-eabi/7.2.1/../../../../arm-none-eabi/lib/thumb/v7e-m/fpv4-sp/hard\libcr_c.a(fseek.o)
                0x000039d8                fseek
 .text.ftell    0x00003ad8       0x44 f:/mcuxpressoide_10.2.0_759/ide/tools/bin/../lib/gcc/arm-none-eabi/7.2.1/../../../../arm-none-eabi/lib/thumb/v7e-m/fpv4-sp/hard\libcr_c.a(ftell.o)
                0x00003ad8                ftell
 .text.__check_heap_overflow
                0x00003b1c       0x18 f:/mcuxpressoide_10.2.0_759/ide/tools/bin/../lib/gcc/arm-none-eabi/7.2.1/../../../../arm-none-eabi/lib/thumb/v7e-m/fpv4-sp/hard\libcr_c.a(_cr_check_heap.o)
                0x00003b1c                __check_heap_overflow
 .text.__aeabi_dmul
                0x00003b34      0x11c f:/mcuxpressoide_10.2.0_759/ide/tools/bin/../lib/gcc/arm-none-eabi/7.2.1/thumb/v7e-m/fpv4-sp/hard\libcr_eabihelpers.a(double.o)
                0x00003b34                __aeabi_dmul
 .text.__aeabi_ddiv
                0x00003c50      0x138 f:/mcuxpressoide_10.2.0_759/ide/tools/bin/../lib/gcc/arm-none-eabi/7.2.1/thumb/v7e-m/fpv4-sp/hard\libcr_eabihelpers.a(double.o)
                0x00003c50                __aeabi_ddiv
 .text.__aeabi_dsub
                0x00003d88      0x1b4 f:/mcuxpressoide_10.2.0_759/ide/tools/bin/../lib/gcc/arm-none-eabi/7.2.1/thumb/v7e-m/fpv4-sp/hard\libcr_eabihelpers.a(double.o)
                0x00003d88                __aeabi_dsub
 .text.__aeabi_dadd
                0x00003f3c      0x10c f:/mcuxpressoide_10.2.0_759/ide/tools/bin/../lib/gcc/arm-none-eabi/7.2.1/thumb/v7e-m/fpv4-sp/hard\libcr_eabihelpers.a(double.o)
                0x00003f3c                __aeabi_dadd
 .text.__sys_appexit
                0x00004048        0xc f:/mcuxpressoide_10.2.0_759/ide/tools/bin/../lib/gcc/arm-none-eabi/7.2.1/../../../../arm-none-eabi/lib/thumb/v7e-m/fpv4-sp/hard\libcr_semihost_nf.a(__sys_appexit.o)
                0x00004048                __sys_appexit
                0x00004048                __exit
 .text.App_Init
                0x00004054       0x1c ./source/App.o
                0x00004054                App_Init
 .text.print_display
                0x00004070       0x4e ./source/App.o
 .text.encoder_control
                0x000040be       0x94 ./source/App.o
 .text.admin_verify
                0x00004152       0x64 ./source/App.o
 .text.user_verify
                0x000041b6       0xa4 ./source/App.o
 .text.compare_array
                0x0000425a       0x46 ./source/App.o
 .text.write_array
                0x000042a0       0x3c ./source/App.o
 .text.ID_scroll
                0x000042dc       0xd6 ./source/App.o
 .text.main     0x000043b2       0x1a ./SDK/startup/main.o
                0x000043b2                main
 .text.HardFault_Handler
                0x000043cc       0x2c ./SDK/startup/semihost_hardfault.o
                0x000043cc                HardFault_Handler
 .text.DMA0_IRQHandler
                0x000043f8        0x8 ./SDK/startup/startup_mk64f12.o
                0x000043f8                DMA0_IRQHandler
 .text.DMA1_IRQHandler
                0x00004400        0x8 ./SDK/startup/startup_mk64f12.o
                0x00004400                DMA1_IRQHandler
 .text.DMA2_IRQHandler
                0x00004408        0x8 ./SDK/startup/startup_mk64f12.o
                0x00004408                DMA2_IRQHandler
 .text.DMA3_IRQHandler
                0x00004410        0x8 ./SDK/startup/startup_mk64f12.o
                0x00004410                DMA3_IRQHandler
 .text.DMA4_IRQHandler
                0x00004418        0x8 ./SDK/startup/startup_mk64f12.o
                0x00004418                DMA4_IRQHandler
 .text.DMA5_IRQHandler
                0x00004420        0x8 ./SDK/startup/startup_mk64f12.o
                0x00004420                DMA5_IRQHandler
 .text.DMA6_IRQHandler
                0x00004428        0x8 ./SDK/startup/startup_mk64f12.o
                0x00004428                DMA6_IRQHandler
 .text.DMA7_IRQHandler
                0x00004430        0x8 ./SDK/startup/startup_mk64f12.o
                0x00004430                DMA7_IRQHandler
 .text.DMA8_IRQHandler
                0x00004438        0x8 ./SDK/startup/startup_mk64f12.o
                0x00004438                DMA8_IRQHandler
 .text.DMA9_IRQHandler
                0x00004440        0x8 ./SDK/startup/startup_mk64f12.o
                0x00004440                DMA9_IRQHandler
 .text.DMA10_IRQHandler
                0x00004448        0x8 ./SDK/startup/startup_mk64f12.o
                0x00004448                DMA10_IRQHandler
 .text.DMA11_IRQHandler
                0x00004450        0x8 ./SDK/startup/startup_mk64f12.o
                0x00004450                DMA11_IRQHandler
 .text.DMA12_IRQHandler
                0x00004458        0x8 ./SDK/startup/startup_mk64f12.o
                0x00004458                DMA12_IRQHandler
 .text.DMA13_IRQHandler
                0x00004460        0x8 ./SDK/startup/startup_mk64f12.o
                0x00004460                DMA13_IRQHandler
 .text.DMA14_IRQHandler
                0x00004468        0x8 ./SDK/startup/startup_mk64f12.o
                0x00004468                DMA14_IRQHandler
 .text.DMA15_IRQHandler
                0x00004470        0x8 ./SDK/startup/startup_mk64f12.o
                0x00004470                DMA15_IRQHandler
 .text.DMA_Error_IRQHandler
                0x00004478        0x8 ./SDK/startup/startup_mk64f12.o
                0x00004478                DMA_Error_IRQHandler
 .text.MCM_IRQHandler
                0x00004480        0x8 ./SDK/startup/startup_mk64f12.o
                0x00004480                MCM_IRQHandler
 .text.FTFE_IRQHandler
                0x00004488        0x8 ./SDK/startup/startup_mk64f12.o
                0x00004488                FTFE_IRQHandler
 .text.Read_Collision_IRQHandler
                0x00004490        0x8 ./SDK/startup/startup_mk64f12.o
                0x00004490                Read_Collision_IRQHandler
 .text.LVD_LVW_IRQHandler
                0x00004498        0x8 ./SDK/startup/startup_mk64f12.o
                0x00004498                LVD_LVW_IRQHandler
 .text.LLWU_IRQHandler
                0x000044a0        0x8 ./SDK/startup/startup_mk64f12.o
                0x000044a0                LLWU_IRQHandler
 .text.WDOG_EWM_IRQHandler
                0x000044a8        0x8 ./SDK/startup/startup_mk64f12.o
                0x000044a8                WDOG_EWM_IRQHandler
 .text.RNG_IRQHandler
                0x000044b0        0x8 ./SDK/startup/startup_mk64f12.o
                0x000044b0                RNG_IRQHandler
 .text.I2C0_IRQHandler
                0x000044b8        0x8 ./SDK/startup/startup_mk64f12.o
                0x000044b8                I2C0_IRQHandler
 .text.I2C1_IRQHandler
                0x000044c0        0x8 ./SDK/startup/startup_mk64f12.o
                0x000044c0                I2C1_IRQHandler
 .text.SPI0_IRQHandler
                0x000044c8        0x8 ./SDK/startup/startup_mk64f12.o
                0x000044c8                SPI0_IRQHandler
 .text.SPI1_IRQHandler
                0x000044d0        0x8 ./SDK/startup/startup_mk64f12.o
                0x000044d0                SPI1_IRQHandler
 .text.I2S0_Tx_IRQHandler
                0x000044d8        0x8 ./SDK/startup/startup_mk64f12.o
                0x000044d8                I2S0_Tx_IRQHandler
 .text.I2S0_Rx_IRQHandler
                0x000044e0        0x8 ./SDK/startup/startup_mk64f12.o
                0x000044e0                I2S0_Rx_IRQHandler
 .text.UART0_LON_IRQHandler
                0x000044e8        0x8 ./SDK/startup/startup_mk64f12.o
                0x000044e8                UART0_LON_IRQHandler
 .text.UART0_RX_TX_IRQHandler
                0x000044f0        0x8 ./SDK/startup/startup_mk64f12.o
                0x000044f0                UART0_RX_TX_IRQHandler
 .text.UART0_ERR_IRQHandler
                0x000044f8        0x8 ./SDK/startup/startup_mk64f12.o
                0x000044f8                UART0_ERR_IRQHandler
 .text.UART1_RX_TX_IRQHandler
                0x00004500        0x8 ./SDK/startup/startup_mk64f12.o
                0x00004500                UART1_RX_TX_IRQHandler
 .text.UART1_ERR_IRQHandler
                0x00004508        0x8 ./SDK/startup/startup_mk64f12.o
                0x00004508                UART1_ERR_IRQHandler
 .text.UART2_RX_TX_IRQHandler
                0x00004510        0x8 ./SDK/startup/startup_mk64f12.o
                0x00004510                UART2_RX_TX_IRQHandler
 .text.UART2_ERR_IRQHandler
                0x00004518        0x8 ./SDK/startup/startup_mk64f12.o
                0x00004518                UART2_ERR_IRQHandler
 .text.UART3_RX_TX_IRQHandler
                0x00004520        0x8 ./SDK/startup/startup_mk64f12.o
                0x00004520                UART3_RX_TX_IRQHandler
 .text.UART3_ERR_IRQHandler
                0x00004528        0x8 ./SDK/startup/startup_mk64f12.o
                0x00004528                UART3_ERR_IRQHandler
 .text.ADC0_IRQHandler
                0x00004530        0x8 ./SDK/startup/startup_mk64f12.o
                0x00004530                ADC0_IRQHandler
 .text.CMP0_IRQHandler
                0x00004538        0x8 ./SDK/startup/startup_mk64f12.o
                0x00004538                CMP0_IRQHandler
 .text.CMP1_IRQHandler
                0x00004540        0x8 ./SDK/startup/startup_mk64f12.o
                0x00004540                CMP1_IRQHandler
 .text.FTM0_IRQHandler
                0x00004548        0x8 ./SDK/startup/startup_mk64f12.o
                0x00004548                FTM0_IRQHandler
 .text.FTM1_IRQHandler
                0x00004550        0x8 ./SDK/startup/startup_mk64f12.o
                0x00004550                FTM1_IRQHandler
 .text.FTM2_IRQHandler
                0x00004558        0x8 ./SDK/startup/startup_mk64f12.o
                0x00004558                FTM2_IRQHandler
 .text.CMT_IRQHandler
                0x00004560        0x8 ./SDK/startup/startup_mk64f12.o
                0x00004560                CMT_IRQHandler
 .text.RTC_IRQHandler
                0x00004568        0x8 ./SDK/startup/startup_mk64f12.o
                0x00004568                RTC_IRQHandler
 .text.RTC_Seconds_IRQHandler
                0x00004570        0x8 ./SDK/startup/startup_mk64f12.o
                0x00004570                RTC_Seconds_IRQHandler
 .text.PIT0_IRQHandler
                0x00004578        0x8 ./SDK/startup/startup_mk64f12.o
                0x00004578                PIT0_IRQHandler
 .text.PIT1_IRQHandler
                0x00004580        0x8 ./SDK/startup/startup_mk64f12.o
                0x00004580                PIT1_IRQHandler
 .text.PIT2_IRQHandler
                0x00004588        0x8 ./SDK/startup/startup_mk64f12.o
                0x00004588                PIT2_IRQHandler
 .text.PIT3_IRQHandler
                0x00004590        0x8 ./SDK/startup/startup_mk64f12.o
                0x00004590                PIT3_IRQHandler
 .text.PDB0_IRQHandler
                0x00004598        0x8 ./SDK/startup/startup_mk64f12.o
                0x00004598                PDB0_IRQHandler
 .text.USB0_IRQHandler
                0x000045a0        0x8 ./SDK/startup/startup_mk64f12.o
                0x000045a0                USB0_IRQHandler
 .text.USBDCD_IRQHandler
                0x000045a8        0x8 ./SDK/startup/startup_mk64f12.o
                0x000045a8                USBDCD_IRQHandler
 .text.Reserved71_IRQHandler
                0x000045b0        0x8 ./SDK/startup/startup_mk64f12.o
                0x000045b0                Reserved71_IRQHandler
 .text.DAC0_IRQHandler
                0x000045b8        0x8 ./SDK/startup/startup_mk64f12.o
                0x000045b8                DAC0_IRQHandler
 .text.MCG_IRQHandler
                0x000045c0        0x8 ./SDK/startup/startup_mk64f12.o
                0x000045c0                MCG_IRQHandler
 .text.LPTMR0_IRQHandler
                0x000045c8        0x8 ./SDK/startup/startup_mk64f12.o
                0x000045c8                LPTMR0_IRQHandler
 .text.PORTA_IRQHandler
                0x000045d0        0x8 ./SDK/startup/startup_mk64f12.o
                0x000045d0                PORTA_IRQHandler
 .text.PORTC_IRQHandler
                0x000045d8        0x8 ./SDK/startup/startup_mk64f12.o
                0x000045d8                PORTC_IRQHandler
 .text.PORTD_IRQHandler
                0x000045e0        0x8 ./SDK/startup/startup_mk64f12.o
                0x000045e0                PORTD_IRQHandler
 .text.PORTE_IRQHandler
                0x000045e8        0x8 ./SDK/startup/startup_mk64f12.o
                0x000045e8                PORTE_IRQHandler
 .text.SWI_IRQHandler
                0x000045f0        0x8 ./SDK/startup/startup_mk64f12.o
                0x000045f0                SWI_IRQHandler
 .text.SPI2_IRQHandler
                0x000045f8        0x8 ./SDK/startup/startup_mk64f12.o
                0x000045f8                SPI2_IRQHandler
 .text.UART4_RX_TX_IRQHandler
                0x00004600        0x8 ./SDK/startup/startup_mk64f12.o
                0x00004600                UART4_RX_TX_IRQHandler
 .text.UART4_ERR_IRQHandler
                0x00004608        0x8 ./SDK/startup/startup_mk64f12.o
                0x00004608                UART4_ERR_IRQHandler
 .text.UART5_RX_TX_IRQHandler
                0x00004610        0x8 ./SDK/startup/startup_mk64f12.o
                0x00004610                UART5_RX_TX_IRQHandler
 .text.UART5_ERR_IRQHandler
                0x00004618        0x8 ./SDK/startup/startup_mk64f12.o
                0x00004618                UART5_ERR_IRQHandler
 .text.CMP2_IRQHandler
                0x00004620        0x8 ./SDK/startup/startup_mk64f12.o
                0x00004620                CMP2_IRQHandler
 .text.FTM3_IRQHandler
                0x00004628        0x8 ./SDK/startup/startup_mk64f12.o
                0x00004628                FTM3_IRQHandler
 .text.DAC1_IRQHandler
                0x00004630        0x8 ./SDK/startup/startup_mk64f12.o
                0x00004630                DAC1_IRQHandler
 .text.ADC1_IRQHandler
                0x00004638        0x8 ./SDK/startup/startup_mk64f12.o
                0x00004638                ADC1_IRQHandler
 .text.I2C2_IRQHandler
                0x00004640        0x8 ./SDK/startup/startup_mk64f12.o
                0x00004640                I2C2_IRQHandler
 .text.CAN0_ORed_Message_buffer_IRQHandler
                0x00004648        0x8 ./SDK/startup/startup_mk64f12.o
                0x00004648                CAN0_ORed_Message_buffer_IRQHandler
 .text.CAN0_Bus_Off_IRQHandler
                0x00004650        0x8 ./SDK/startup/startup_mk64f12.o
                0x00004650                CAN0_Bus_Off_IRQHandler
 .text.CAN0_Error_IRQHandler
                0x00004658        0x8 ./SDK/startup/startup_mk64f12.o
                0x00004658                CAN0_Error_IRQHandler
 .text.CAN0_Tx_Warning_IRQHandler
                0x00004660        0x8 ./SDK/startup/startup_mk64f12.o
                0x00004660                CAN0_Tx_Warning_IRQHandler
 .text.CAN0_Rx_Warning_IRQHandler
                0x00004668        0x8 ./SDK/startup/startup_mk64f12.o
                0x00004668                CAN0_Rx_Warning_IRQHandler
 .text.CAN0_Wake_Up_IRQHandler
                0x00004670        0x8 ./SDK/startup/startup_mk64f12.o
                0x00004670                CAN0_Wake_Up_IRQHandler
 .text.SDHC_IRQHandler
                0x00004678        0x8 ./SDK/startup/startup_mk64f12.o
                0x00004678                SDHC_IRQHandler
 .text.ENET_1588_Timer_IRQHandler
                0x00004680        0x8 ./SDK/startup/startup_mk64f12.o
                0x00004680                ENET_1588_Timer_IRQHandler
 .text.ENET_Transmit_IRQHandler
                0x00004688        0x8 ./SDK/startup/startup_mk64f12.o
                0x00004688                ENET_Transmit_IRQHandler
 .text.ENET_Receive_IRQHandler
                0x00004690        0x8 ./SDK/startup/startup_mk64f12.o
                0x00004690                ENET_Receive_IRQHandler
 .text.ENET_Error_IRQHandler
                0x00004698        0x8 ./SDK/startup/startup_mk64f12.o
                0x00004698                ENET_Error_IRQHandler
 .text.SystemInitHook
                0x000046a0        0xe ./SDK/CMSIS/system_MK64F12.o
                0x000046a0                SystemInitHook
 .text.free     0x000046ae       0x30 f:/mcuxpressoide_10.2.0_759/ide/tools/bin/../lib/gcc/arm-none-eabi/7.2.1/../../../../arm-none-eabi/lib/thumb/v7e-m/fpv4-sp/hard\libcr_c.a(alloc.o)
                0x000046ae                free
 .text.realloc  0x000046de       0x24 f:/mcuxpressoide_10.2.0_759/ide/tools/bin/../lib/gcc/arm-none-eabi/7.2.1/../../../../arm-none-eabi/lib/thumb/v7e-m/fpv4-sp/hard\libcr_c.a(alloc.o)
                0x000046de                realloc
 .text.fp_round
                0x00004702       0x4e f:/mcuxpressoide_10.2.0_759/ide/tools/bin/../lib/gcc/arm-none-eabi/7.2.1/../../../../arm-none-eabi/lib/thumb/v7e-m/fpv4-sp/hard\libcr_c.a(fpprintf.o)
 .text.pr_dec.constprop.1
                0x00004750       0x26 f:/mcuxpressoide_10.2.0_759/ide/tools/bin/../lib/gcc/arm-none-eabi/7.2.1/../../../../arm-none-eabi/lib/thumb/v7e-m/fpv4-sp/hard\libcr_c.a(fpprintf.o)
 .text.strlen   0x00004776       0x4a f:/mcuxpressoide_10.2.0_759/ide/tools/bin/../lib/gcc/arm-none-eabi/7.2.1/../../../../arm-none-eabi/lib/thumb/v7e-m/fpv4-sp/hard\libcr_c.a(strlen.o)
                0x00004776                strlen
 .text.memcpy   0x000047c0        0x4 f:/mcuxpressoide_10.2.0_759/ide/tools/bin/../lib/gcc/arm-none-eabi/7.2.1/../../../../arm-none-eabi/lib/thumb/v7e-m/fpv4-sp/hard\libcr_c.a(memcpy.o)
                0x000047c0                memcpy
 .text.memset   0x000047c4        0x4 f:/mcuxpressoide_10.2.0_759/ide/tools/bin/../lib/gcc/arm-none-eabi/7.2.1/../../../../arm-none-eabi/lib/thumb/v7e-m/fpv4-sp/hard\libcr_c.a(memset.o)
                0x000047c4                memset
 .text._deferredlazyseek
                0x000047c8       0x40 f:/mcuxpressoide_10.2.0_759/ide/tools/bin/../lib/gcc/arm-none-eabi/7.2.1/../../../../arm-none-eabi/lib/thumb/v7e-m/fpv4-sp/hard\libcr_c.a(_deferredlazyseek.o)
                0x000047c8                _deferredlazyseek
 .text.__flsbuf
                0x00004808      0x140 f:/mcuxpressoide_10.2.0_759/ide/tools/bin/../lib/gcc/arm-none-eabi/7.2.1/../../../../arm-none-eabi/lib/thumb/v7e-m/fpv4-sp/hard\libcr_c.a(_deferredlazyseek.o)
                0x00004808                __flsbuf
 .text._fflush  0x00004948       0x52 f:/mcuxpressoide_10.2.0_759/ide/tools/bin/../lib/gcc/arm-none-eabi/7.2.1/../../../../arm-none-eabi/lib/thumb/v7e-m/fpv4-sp/hard\libcr_c.a(_fflush.o)
                0x00004948                _fflush
 .text.__aeabi_d2iz
                0x0000499a       0x40 f:/mcuxpressoide_10.2.0_759/ide/tools/bin/../lib/gcc/arm-none-eabi/7.2.1/thumb/v7e-m/fpv4-sp/hard\libcr_eabihelpers.a(double.o)
                0x0000499a                __aeabi_d2iz
 .text.__bhs_ui2d
                0x000049da       0x46 f:/mcuxpressoide_10.2.0_759/ide/tools/bin/../lib/gcc/arm-none-eabi/7.2.1/thumb/v7e-m/fpv4-sp/hard\libcr_eabihelpers.a(double.o)
                0x000049da                __bhs_ui2d
 .text.__aeabi_i2d
                0x00004a20       0x12 f:/mcuxpressoide_10.2.0_759/ide/tools/bin/../lib/gcc/arm-none-eabi/7.2.1/thumb/v7e-m/fpv4-sp/hard\libcr_eabihelpers.a(double.o)
                0x00004a20                __aeabi_i2d
 .text.__aeabi_dcmpeq
                0x00004a32       0x30 f:/mcuxpressoide_10.2.0_759/ide/tools/bin/../lib/gcc/arm-none-eabi/7.2.1/thumb/v7e-m/fpv4-sp/hard\libcr_eabihelpers.a(double.o)
                0x00004a32                __aeabi_dcmpeq
 .text.__aeabi_dcmplt
                0x00004a62       0x58 f:/mcuxpressoide_10.2.0_759/ide/tools/bin/../lib/gcc/arm-none-eabi/7.2.1/thumb/v7e-m/fpv4-sp/hard\libcr_eabihelpers.a(double.o)
                0x00004a62                __aeabi_dcmplt
 .text.__aeabi_dcmple
                0x00004aba       0x5a f:/mcuxpressoide_10.2.0_759/ide/tools/bin/../lib/gcc/arm-none-eabi/7.2.1/thumb/v7e-m/fpv4-sp/hard\libcr_eabihelpers.a(double.o)
                0x00004aba                __aeabi_dcmple
 .text.__aeabi_dcmpge
                0x00004b14       0x58 f:/mcuxpressoide_10.2.0_759/ide/tools/bin/../lib/gcc/arm-none-eabi/7.2.1/thumb/v7e-m/fpv4-sp/hard\libcr_eabihelpers.a(double.o)
                0x00004b14                __aeabi_dcmpge
 .text.__aeabi_memcpy
                0x00004b6c       0x34 f:/mcuxpressoide_10.2.0_759/ide/tools/bin/../lib/gcc/arm-none-eabi/7.2.1/thumb/v7e-m/fpv4-sp/hard\libcr_eabihelpers.a(memcpy.o)
                0x00004b6c                __aeabi_memcpy
                0x00004b76                __aeabi_memcpy8
                0x00004b76                __aeabi_memcpy4
 .text.__aeabi_memset_lowlevel
                0x00004ba0       0x32 f:/mcuxpressoide_10.2.0_759/ide/tools/bin/../lib/gcc/arm-none-eabi/7.2.1/thumb/v7e-m/fpv4-sp/hard\libcr_eabihelpers.a(memcpy.o)
                0x00004ba0                __aeabi_lowlevel_memset
 .text.__sys_flen
                0x00004bd2        0xc f:/mcuxpressoide_10.2.0_759/ide/tools/bin/../lib/gcc/arm-none-eabi/7.2.1/../../../../arm-none-eabi/lib/thumb/v7e-m/fpv4-sp/hard\libcr_semihost_nf.a(__sys_flen.o)
                0x00004bd2                __sys_flen
 .text.__sys_istty
                0x00004bde        0xc f:/mcuxpressoide_10.2.0_759/ide/tools/bin/../lib/gcc/arm-none-eabi/7.2.1/../../../../arm-none-eabi/lib/thumb/v7e-m/fpv4-sp/hard\libcr_semihost_nf.a(__sys_istty.o)
                0x00004bde                __sys_istty
 .text.__sys_seek
                0x00004bea        0xc f:/mcuxpressoide_10.2.0_759/ide/tools/bin/../lib/gcc/arm-none-eabi/7.2.1/../../../../arm-none-eabi/lib/thumb/v7e-m/fpv4-sp/hard\libcr_semihost_nf.a(__sys_seek.o)
                0x00004bea                __sys_seek
 .text.__sys_write
                0x00004bf6        0xc f:/mcuxpressoide_10.2.0_759/ide/tools/bin/../lib/gcc/arm-none-eabi/7.2.1/../../../../arm-none-eabi/lib/thumb/v7e-m/fpv4-sp/hard\libcr_semihost_nf.a(__sys_write.o)
                0x00004bf6                __sys_write
 *(SORT_BY_ALIGNMENT(.rodata) SORT_BY_ALIGNMENT(.rodata.*) SORT_BY_ALIGNMENT(.constdata) SORT_BY_ALIGNMENT(.constdata.*))
 *fill*         0x00004c02        0x6 ff
 .rodata.__huge_vall
                0x00004c08        0x8 f:/mcuxpressoide_10.2.0_759/ide/tools/bin/../lib/gcc/arm-none-eabi/7.2.1/../../../../arm-none-eabi/lib/thumb/v7e-m/fpv4-sp/hard\libcr_c.a(_hugeval.o)
                0x00004c08                __huge_vall
 .rodata.characters
                0x00004c10      0x1d4 ./source/drivers/src/display.o
                0x00004c10                characters
 .rodata.SEGMENTS
                0x00004de4        0x8 ./source/drivers/src/display.o
 .rodata        0x00004dec       0x9c ./source/App.o
 .rodata._Csys_alloc.str1.1
                0x00004e88       0x18 f:/mcuxpressoide_10.2.0_759/ide/tools/bin/../lib/gcc/arm-none-eabi/7.2.1/../../../../arm-none-eabi/lib/thumb/v7e-m/fpv4-sp/hard\libcr_c.a(alloc.o)
 .rodata.fp_display.str1.1
                0x00004ea0       0x34 f:/mcuxpressoide_10.2.0_759/ide/tools/bin/../lib/gcc/arm-none-eabi/7.2.1/../../../../arm-none-eabi/lib/thumb/v7e-m/fpv4-sp/hard\libcr_c.a(fpprintf.o)
                                 0x35 (size before relaxing)
 .rodata.__vfprintf.str1.1
                0x00004ed4       0x31 f:/mcuxpressoide_10.2.0_759/ide/tools/bin/../lib/gcc/arm-none-eabi/7.2.1/../../../../arm-none-eabi/lib/thumb/v7e-m/fpv4-sp/hard\libcr_c.a(printf.o)
                                 0x38 (size before relaxing)
                0x00004f08                . = ALIGN (0x8)
 *fill*         0x00004f05        0x3 ff

.glue_7         0x00004f08        0x0
 .glue_7        0x00004f08        0x0 linker stubs

.glue_7t        0x00004f08        0x0
 .glue_7t       0x00004f08        0x0 linker stubs

.vfp11_veneer   0x00004f08        0x0
 .vfp11_veneer  0x00004f08        0x0 linker stubs

.v4_bx          0x00004f08        0x0
 .v4_bx         0x00004f08        0x0 linker stubs

.iplt           0x00004f08        0x0
 .iplt          0x00004f08        0x0 ./source/timer/SysTick.o

.rel.dyn        0x00004f08        0x0
 .rel.iplt      0x00004f08        0x0 ./source/timer/SysTick.o

.ARM.extab
 *(SORT_BY_ALIGNMENT(.ARM.extab*) SORT_BY_ALIGNMENT(.gnu.linkonce.armextab.*))
                0x00004f08                __exidx_start = .

.ARM.exidx
 *(SORT_BY_ALIGNMENT(.ARM.exidx*) SORT_BY_ALIGNMENT(.gnu.linkonce.armexidx.*))
                0x00004f08                __exidx_end = .
                0x00004f08                _etext = .

.m_usb_data
 *(SORT_BY_ALIGNMENT(m_usb_bdt))

.data_RAM2      0x1fff0000        0x0 load address 0x00004f08
 FILL mask 0xff
                [!provide]                PROVIDE (__start_data_RAM2, .)
 *(SORT_BY_ALIGNMENT(.ramfunc.$RAM2))
 *(SORT_BY_ALIGNMENT(.ramfunc.$SRAM_LOWER))
 *(SORT_BY_ALIGNMENT(.data.$RAM2*))
 *(SORT_BY_ALIGNMENT(.data.$SRAM_LOWER*))
                0x1fff0000                . = ALIGN (0x8)
                [!provide]                PROVIDE (__end_data_RAM2, .)

.data_RAM3      0x14000000        0x0 load address 0x00004f08
 FILL mask 0xff
                [!provide]                PROVIDE (__start_data_RAM3, .)
 *(SORT_BY_ALIGNMENT(.ramfunc.$RAM3))
 *(SORT_BY_ALIGNMENT(.ramfunc.$FLEX_RAM))
 *(SORT_BY_ALIGNMENT(.data.$RAM3*))
 *(SORT_BY_ALIGNMENT(.data.$FLEX_RAM*))
                0x14000000                . = ALIGN (0x8)
                [!provide]                PROVIDE (__end_data_RAM3, .)

.uninit_RESERVED
                0x20000000        0x0
 *(SORT_BY_ALIGNMENT(.bss.$RESERVED*))
                0x20000000                . = ALIGN (0x4)
                0x20000000                _end_uninit_RESERVED = .

.data           0x20000000       0x48 load address 0x00004f08
 FILL mask 0xff
                0x20000000                _data = .
 *(SORT_BY_ALIGNMENT(vtable))
 *(SORT_BY_ALIGNMENT(.ramfunc*))
 *(SORT_BY_ALIGNMENT(.data*))
 .data.fps      0x20000000        0x4 ./source/drivers/src/display.o
 .data.brightness
                0x20000004        0x4 ./source/drivers/src/display.o
 .data.displays
                0x20000008        0x8 ./source/drivers/src/display.o
 .data.half_bit.8340
                0x20000010        0x4 ./source/drivers/src/magDriver.o
 .data.mask.8347
                0x20000014        0x1 ./source/drivers/src/magDriver.o
 *fill*         0x20000015        0x3 ff
 .data.port_base_pointer
                0x20000018       0x14 ./source/MCAL/gpio.o
 .data.gpio_base_pointer
                0x2000002c       0x14 ./source/MCAL/gpio.o
 .data.status.6545
                0x20000040        0x4 ./source/App.o
 .data.timers_cant
                0x20000044        0x1 ./source/timer/timer.o
 .data.active_flag
                0x20000045        0x1 ./source/drivers/src/magDriver.o
 .data.prev_char.8349
                0x20000046        0x1 ./source/drivers/src/magDriver.o
                0x20000048                . = ALIGN (0x8)
 *fill*         0x20000047        0x1 ff
                0x20000048                _edata = .

.igot.plt       0x20000048        0x0 load address 0x00004f50
 .igot.plt      0x20000048        0x0 ./source/timer/SysTick.o

.bss_RAM2       0x1fff0000        0x0
                [!provide]                PROVIDE (__start_bss_RAM2, .)
 *(SORT_BY_ALIGNMENT(.bss.$RAM2*))
 *(SORT_BY_ALIGNMENT(.bss.$SRAM_LOWER*))
                0x1fff0000                . = ALIGN ((. != 0x0)?0x8:0x1)
                [!provide]                PROVIDE (__end_bss_RAM2, .)

.bss_RAM3       0x14000000        0x0
                [!provide]                PROVIDE (__start_bss_RAM3, .)
 *(SORT_BY_ALIGNMENT(.bss.$RAM3*))
 *(SORT_BY_ALIGNMENT(.bss.$FLEX_RAM*))
                0x14000000                . = ALIGN ((. != 0x0)?0x8:0x1)
                [!provide]                PROVIDE (__end_bss_RAM3, .)

.bss            0x20000048      0x450
                0x20000048                _bss = .
 *(SORT_BY_ALIGNMENT(.bss*))
 .bss.st_callback
                0x20000048        0x4 ./source/timer/SysTick.o
 .bss.timers    0x2000004c      0x230 ./source/timer/timer.o
 .bss.segmentCnt
                0x2000027c        0x4 ./source/drivers/src/display.o
 .bss.i.5687    0x20000280        0x4 ./source/drivers/src/display.o
 .bss.leds      0x20000284        0x3 ./source/drivers/src/leds.o
 *fill*         0x20000287        0x1 
 .bss.ledCnt    0x20000288        0x4 ./source/drivers/src/leds.o
 .bss.final_word
                0x2000028c       0x28 ./source/drivers/src/magDriver.o
 .bss.mag_word  0x200002b4       0x28 ./source/drivers/src/magDriver.o
 .bss.data      0x200002dc       0xc8 ./source/drivers/src/magDriver.o
                0x200002dc                data
 .bss.i.8339    0x200003a4        0x4 ./source/drivers/src/magDriver.o
 .bss.index.8348
                0x200003a8        0x4 ./source/drivers/src/magDriver.o
 .bss.index.8377
                0x200003ac        0x4 ./source/drivers/src/magDriver.o
 .bss.mask.8376
                0x200003b0        0x1 ./source/drivers/src/magDriver.o
 *fill*         0x200003b1        0x3 
 .bss.temp.8375
                0x200003b4        0x1 ./source/drivers/src/magDriver.o
 *fill*         0x200003b5        0x3 
 .bss.flag_add  0x200003b8        0x4 ./source/App.o
 .bss.__LDM_interruptDisableCount
                0x200003bc        0x4 ./SDK/startup/hardware.o
 .bss.__end_of_heap
                0x200003c0        0x4 f:/mcuxpressoide_10.2.0_759/ide/tools/bin/../lib/gcc/arm-none-eabi/7.2.1/../../../../arm-none-eabi/lib/thumb/v7e-m/fpv4-sp/hard\libcr_c.a(__init_alloc.o)
                0x200003c0                __end_of_heap
 .bss.__heaps   0x200003c4        0x4 f:/mcuxpressoide_10.2.0_759/ide/tools/bin/../lib/gcc/arm-none-eabi/7.2.1/../../../../arm-none-eabi/lib/thumb/v7e-m/fpv4-sp/hard\libcr_c.a(__init_alloc.o)
                0x200003c4                __heaps
 .bss.errno     0x200003c8        0x4 f:/mcuxpressoide_10.2.0_759/ide/tools/bin/../lib/gcc/arm-none-eabi/7.2.1/../../../../arm-none-eabi/lib/thumb/v7e-m/fpv4-sp/hard\libcr_c.a(errno.o)
                0x200003c8                errno
 .bss.__Ciob    0x200003cc       0xb4 f:/mcuxpressoide_10.2.0_759/ide/tools/bin/../lib/gcc/arm-none-eabi/7.2.1/../../../../arm-none-eabi/lib/thumb/v7e-m/fpv4-sp/hard\libcr_semihost_nf.a(__ciob.o)
                0x200003cc                __Ciob
 .bss.DPstate   0x20000480        0x1 ./source/drivers/src/display.o
 .bss.display_id
                0x20000481        0x1 ./source/drivers/src/display.o
 .bss.bright_id
                0x20000482        0x1 ./source/drivers/src/display.o
 .bss.PINA      0x20000483        0x1 ./source/drivers/src/encoder.o
 .bss.PINB      0x20000484        0x1 ./source/drivers/src/encoder.o
 .bss.PINSW     0x20000485        0x1 ./source/drivers/src/encoder.o
 .bss.status    0x20000486        0x1 ./source/drivers/src/encoder.o
 .bss.encEvent  0x20000487        0x1 ./source/drivers/src/encoder.o
 .bss.encTimer  0x20000488        0x1 ./source/drivers/src/encoder.o
 .bss.lastSW.5664
                0x20000489        0x1 ./source/drivers/src/encoder.o
 .bss.encFSM.5663
                0x2000048a        0x1 ./source/drivers/src/encoder.o
 .bss.leds_id   0x2000048b        0x1 ./source/drivers/src/leds.o
 .bss.word_ready
                0x2000048c        0x1 ./source/drivers/src/magDriver.o
 .bss.data_ready
                0x2000048d        0x1 ./source/drivers/src/magDriver.o
 .bss.ID_MAG_DRV_LIVE
                0x2000048e        0x1 ./source/drivers/src/magDriver.o
 .bss.ID_MAG_DRV_KILL
                0x2000048f        0x1 ./source/drivers/src/magDriver.o
 .bss.encoderState
                0x20000490        0x1 ./source/App.o
 *(SORT_BY_ALIGNMENT(COMMON))
                0x20000498                . = ALIGN (0x8)
 *fill*         0x20000491        0x7 
                0x20000498                _ebss = .
                [!provide]                PROVIDE (end, .)

.noinit_RAM2    0x1fff0000        0x0
 *(SORT_BY_ALIGNMENT(.noinit.$RAM2*))
 *(SORT_BY_ALIGNMENT(.noinit.$SRAM_LOWER*))
                0x1fff0000                . = ALIGN (0x8)

.noinit_RAM3    0x14000000        0x0
 *(SORT_BY_ALIGNMENT(.noinit.$RAM3*))
 *(SORT_BY_ALIGNMENT(.noinit.$FLEX_RAM*))
                0x14000000                . = ALIGN (0x8)

.noinit         0x20000498        0x0
                0x20000498                _noinit = .
 *(SORT_BY_ALIGNMENT(.noinit*))
                0x20000498                . = ALIGN (0x8)
                0x20000498                _end_noinit = .
                0x00001000                _HeapSize = 0x1000

.heap           0x20000498     0x1000
                0x20000498                _pvHeapStart = .
                0x20001498                . = (. + _HeapSize)
 *fill*         0x20000498     0x1000 
                0x20001498                . = ALIGN (0x8)
                0x20001498                _pvHeapLimit = .
                0x00001000                _StackSize = 0x1000

.heap2stackfill
                0x20001498     0x1000
                0x20002498                . = (. + _StackSize)
 *fill*         0x20001498     0x1000 

.stack          0x2002f000        0x0
                0x2002f000                _vStackBase = .
                0x2002f000                . = ALIGN (0x8)
                0x20030000                _vStackTop = (. + _StackSize)
                0x00000000                _image_start = LOADADDR (.text)
                0x00004f50                _image_end = (LOADADDR (.data) + SIZEOF (.data))
                0x00004f50                _image_size = (_image_end - _image_start)
OUTPUT(TP1_G4.axf elf32-littlearm)

.debug_info     0x00000000     0x6dd6
 .debug_info    0x00000000      0x53b ./source/timer/SysTick.o
 .debug_info    0x0000053b      0xb71 ./source/timer/timer.o
 .debug_info    0x000010ac      0xc37 ./source/drivers/src/display.o
 .debug_info    0x00001ce3      0xab4 ./source/drivers/src/encoder.o
 .debug_info    0x00002797      0xa7d ./source/drivers/src/leds.o
 .debug_info    0x00003214     0x1188 ./source/drivers/src/magDriver.o
 .debug_info    0x0000439c      0x542 ./source/MCAL/gpio.o
 .debug_info    0x000048de      0xee5 ./source/App.o
 .debug_info    0x000057c3      0x675 ./SDK/startup/hardware.o
 .debug_info    0x00005e38       0xb7 ./SDK/startup/main.o
 .debug_info    0x00005eef       0x3b ./SDK/startup/semihost_hardfault.o
 .debug_info    0x00005f2a      0x8b0 ./SDK/startup/startup_mk64f12.o
 .debug_info    0x000067da      0x5fc ./SDK/CMSIS/system_MK64F12.o

.debug_abbrev   0x00000000     0x17fd
 .debug_abbrev  0x00000000      0x1ae ./source/timer/SysTick.o
 .debug_abbrev  0x000001ae      0x2b0 ./source/timer/timer.o
 .debug_abbrev  0x0000045e      0x2da ./source/drivers/src/display.o
 .debug_abbrev  0x00000738      0x244 ./source/drivers/src/encoder.o
 .debug_abbrev  0x0000097c      0x27e ./source/drivers/src/leds.o
 .debug_abbrev  0x00000bfa      0x377 ./source/drivers/src/magDriver.o
 .debug_abbrev  0x00000f71      0x164 ./source/MCAL/gpio.o
 .debug_abbrev  0x000010d5      0x2a9 ./source/App.o
 .debug_abbrev  0x0000137e      0x138 ./SDK/startup/hardware.o
 .debug_abbrev  0x000014b6       0x7d ./SDK/startup/main.o
 .debug_abbrev  0x00001533       0x2f ./SDK/startup/semihost_hardfault.o
 .debug_abbrev  0x00001562      0x15c ./SDK/startup/startup_mk64f12.o
 .debug_abbrev  0x000016be      0x13f ./SDK/CMSIS/system_MK64F12.o

.debug_aranges  0x00000000      0x6b0
 .debug_aranges
                0x00000000       0x30 ./source/timer/SysTick.o
 .debug_aranges
                0x00000030       0x68 ./source/timer/timer.o
 .debug_aranges
                0x00000098       0x70 ./source/drivers/src/display.o
 .debug_aranges
                0x00000108       0x48 ./source/drivers/src/encoder.o
 .debug_aranges
                0x00000150       0x48 ./source/drivers/src/leds.o
 .debug_aranges
                0x00000198       0x80 ./source/drivers/src/magDriver.o
 .debug_aranges
                0x00000218       0x40 ./source/MCAL/gpio.o
 .debug_aranges
                0x00000258       0x88 ./source/App.o
 .debug_aranges
                0x000002e0       0x30 ./SDK/startup/hardware.o
 .debug_aranges
                0x00000310       0x20 ./SDK/startup/main.o
 .debug_aranges
                0x00000330       0x20 ./SDK/startup/semihost_hardfault.o
 .debug_aranges
                0x00000350      0x330 ./SDK/startup/startup_mk64f12.o
 .debug_aranges
                0x00000680       0x30 ./SDK/CMSIS/system_MK64F12.o

.debug_ranges   0x00000000      0x5e0
 .debug_ranges  0x00000000       0x20 ./source/timer/SysTick.o
 .debug_ranges  0x00000020       0x58 ./source/timer/timer.o
 .debug_ranges  0x00000078       0x60 ./source/drivers/src/display.o
 .debug_ranges  0x000000d8       0x38 ./source/drivers/src/encoder.o
 .debug_ranges  0x00000110       0x38 ./source/drivers/src/leds.o
 .debug_ranges  0x00000148       0x70 ./source/drivers/src/magDriver.o
 .debug_ranges  0x000001b8       0x30 ./source/MCAL/gpio.o
 .debug_ranges  0x000001e8       0x78 ./source/App.o
 .debug_ranges  0x00000260       0x20 ./SDK/startup/hardware.o
 .debug_ranges  0x00000280       0x10 ./SDK/startup/main.o
 .debug_ranges  0x00000290       0x10 ./SDK/startup/semihost_hardfault.o
 .debug_ranges  0x000002a0      0x320 ./SDK/startup/startup_mk64f12.o
 .debug_ranges  0x000005c0       0x20 ./SDK/CMSIS/system_MK64F12.o

.debug_macro    0x00000000    0x13441
 .debug_macro   0x00000000       0xe1 ./source/timer/SysTick.o
 .debug_macro   0x000000e1      0xa60 ./source/timer/SysTick.o
 .debug_macro   0x00000b41      0x174 ./source/timer/SysTick.o
 .debug_macro   0x00000cb5      0x34e ./source/timer/SysTick.o
 .debug_macro   0x00001003       0x22 ./source/timer/SysTick.o
 .debug_macro   0x00001025       0x10 ./source/timer/SysTick.o
 .debug_macro   0x00001035       0x5c ./source/timer/SysTick.o
 .debug_macro   0x00001091       0x1c ./source/timer/SysTick.o
 .debug_macro   0x000010ad       0x22 ./source/timer/SysTick.o
 .debug_macro   0x000010cf       0xdf ./source/timer/SysTick.o
 .debug_macro   0x000011ae      0xecf ./source/timer/SysTick.o
 .debug_macro   0x0000207d       0x48 ./source/timer/SysTick.o
 .debug_macro   0x000020c5     0xe07b ./source/timer/SysTick.o
 .debug_macro   0x00010140     0x122b ./source/timer/SysTick.o
 .debug_macro   0x0001136b       0x16 ./source/timer/SysTick.o
 .debug_macro   0x00011381       0x52 ./source/timer/SysTick.o
 .debug_macro   0x000113d3       0x82 ./source/timer/SysTick.o
 .debug_macro   0x00011455      0x1f2 ./source/timer/timer.o
 .debug_macro   0x00011647       0x4c ./source/timer/timer.o
 .debug_macro   0x00011693       0x17 ./source/timer/timer.o
 .debug_macro   0x000116aa       0x22 ./source/timer/timer.o
 .debug_macro   0x000116cc       0x52 ./source/timer/timer.o
 .debug_macro   0x0001171e       0x8d ./source/timer/timer.o
 .debug_macro   0x000117ab       0x35 ./source/timer/timer.o
 .debug_macro   0x000117e0       0x9c ./source/timer/timer.o
 .debug_macro   0x0001187c       0x16 ./source/timer/timer.o
 .debug_macro   0x00011892      0x10e ./source/timer/timer.o
 .debug_macro   0x000119a0       0x8d ./source/timer/timer.o
 .debug_macro   0x00011a2d       0x57 ./source/timer/timer.o
 .debug_macro   0x00011a84       0x58 ./source/timer/timer.o
 .debug_macro   0x00011adc       0x1f ./source/timer/timer.o
 .debug_macro   0x00011afb       0x43 ./source/timer/timer.o
 .debug_macro   0x00011b3e       0x20 ./source/timer/timer.o
 .debug_macro   0x00011b5e      0x18e ./source/timer/timer.o
 .debug_macro   0x00011cec      0x330 ./source/timer/timer.o
 .debug_macro   0x0001201c       0x16 ./source/timer/timer.o
 .debug_macro   0x00012032       0x29 ./source/timer/timer.o
 .debug_macro   0x0001205b       0x1c ./source/timer/timer.o
 .debug_macro   0x00012077       0xd9 ./source/timer/timer.o
 .debug_macro   0x00012150      0x160 ./source/drivers/src/display.o
 .debug_macro   0x000122b0       0x1c ./source/drivers/src/display.o
 .debug_macro   0x000122cc      0x14d ./source/drivers/src/encoder.o
 .debug_macro   0x00012419      0x14f ./source/drivers/src/leds.o
 .debug_macro   0x00012568      0x2ee ./source/drivers/src/magDriver.o
 .debug_macro   0x00012856       0x16 ./source/drivers/src/magDriver.o
 .debug_macro   0x0001286c       0x97 ./source/drivers/src/magDriver.o
 .debug_macro   0x00012903       0xfd ./source/drivers/src/magDriver.o
 .debug_macro   0x00012a00       0x10 ./source/drivers/src/magDriver.o
 .debug_macro   0x00012a10       0x10 ./source/drivers/src/magDriver.o
 .debug_macro   0x00012a20       0x6a ./source/drivers/src/magDriver.o
 .debug_macro   0x00012a8a       0x1c ./source/drivers/src/magDriver.o
 .debug_macro   0x00012aa6       0x52 ./source/drivers/src/magDriver.o
 .debug_macro   0x00012af8       0x40 ./source/drivers/src/magDriver.o
 .debug_macro   0x00012b38       0x10 ./source/drivers/src/magDriver.o
 .debug_macro   0x00012b48       0x40 ./source/drivers/src/magDriver.o
 .debug_macro   0x00012b88       0xd7 ./source/drivers/src/magDriver.o
 .debug_macro   0x00012c5f       0x1c ./source/drivers/src/magDriver.o
 .debug_macro   0x00012c7b       0x3d ./source/drivers/src/magDriver.o
 .debug_macro   0x00012cb8       0x16 ./source/drivers/src/magDriver.o
 .debug_macro   0x00012cce      0x16f ./source/drivers/src/magDriver.o
 .debug_macro   0x00012e3d       0x35 ./source/drivers/src/magDriver.o
 .debug_macro   0x00012e72       0xaf ./source/MCAL/gpio.o
 .debug_macro   0x00012f21      0x234 ./source/App.o
 .debug_macro   0x00013155       0x22 ./source/App.o
 .debug_macro   0x00013177       0x10 ./source/App.o
 .debug_macro   0x00013187       0x1c ./source/App.o
 .debug_macro   0x000131a3       0xac ./source/App.o
 .debug_macro   0x0001324f       0x9c ./SDK/startup/hardware.o
 .debug_macro   0x000132eb       0x9c ./SDK/startup/main.o
 .debug_macro   0x00013387       0x11 ./SDK/startup/semihost_hardfault.o
 .debug_macro   0x00013398       0x29 ./SDK/startup/startup_mk64f12.o
 .debug_macro   0x000133c1       0x80 ./SDK/CMSIS/system_MK64F12.o

.debug_line     0x00000000     0x2d29
 .debug_line    0x00000000      0x23b ./source/timer/SysTick.o
 .debug_line    0x0000023b      0x46f ./source/timer/timer.o
 .debug_line    0x000006aa      0x4ab ./source/drivers/src/display.o
 .debug_line    0x00000b55      0x42d ./source/drivers/src/encoder.o
 .debug_line    0x00000f82      0x37d ./source/drivers/src/leds.o
 .debug_line    0x000012ff      0x636 ./source/drivers/src/magDriver.o
 .debug_line    0x00001935      0x1fc ./source/MCAL/gpio.o
 .debug_line    0x00001b31      0x5c3 ./source/App.o
 .debug_line    0x000020f4      0x1d0 ./SDK/startup/hardware.o
 .debug_line    0x000022c4      0x171 ./SDK/startup/main.o
 .debug_line    0x00002435       0x59 ./SDK/startup/semihost_hardfault.o
 .debug_line    0x0000248e      0x6d8 ./SDK/startup/startup_mk64f12.o
 .debug_line    0x00002b66      0x1c3 ./SDK/CMSIS/system_MK64F12.o

.debug_str      0x00000000    0x7d721
 .debug_str     0x00000000    0x77a44 ./source/timer/SysTick.o
                              0x77c9a (size before relaxing)
 .debug_str     0x00077a44     0x32a9 ./source/timer/timer.o
                              0x7a973 (size before relaxing)
 .debug_str     0x0007aced      0x1d4 ./source/drivers/src/display.o
                               0x7206 (size before relaxing)
 .debug_str     0x0007aec1      0x105 ./source/drivers/src/encoder.o
                               0x7132 (size before relaxing)
 .debug_str     0x0007afc6       0x9a ./source/drivers/src/leds.o
                               0x70cc (size before relaxing)
 .debug_str     0x0007b060     0x16f4 ./source/drivers/src/magDriver.o
                              0x7c455 (size before relaxing)
 .debug_str     0x0007c754      0x173 ./source/MCAL/gpio.o
                              0x77274 (size before relaxing)
 .debug_str     0x0007c8c7      0x416 ./source/App.o
                               0x853d (size before relaxing)
 .debug_str     0x0007ccdd      0x178 ./SDK/startup/hardware.o
                              0x7721e (size before relaxing)
 .debug_str     0x0007ce55       0x1b ./SDK/startup/main.o
                              0x76ff2 (size before relaxing)
 .debug_str     0x0007ce70       0x36 ./SDK/startup/semihost_hardfault.o
                               0x2d58 (size before relaxing)
 .debug_str     0x0007cea6      0x819 ./SDK/startup/startup_mk64f12.o
                               0x35c6 (size before relaxing)
 .debug_str     0x0007d6bf       0x62 ./SDK/CMSIS/system_MK64F12.o
                              0x7712d (size before relaxing)

.comment        0x00000000       0x7e
 .comment       0x00000000       0x7e ./source/timer/SysTick.o
                                 0x7f (size before relaxing)
 .comment       0x0000007e       0x7f ./source/timer/timer.o
 .comment       0x0000007e       0x7f ./source/drivers/src/display.o
 .comment       0x0000007e       0x7f ./source/drivers/src/encoder.o
 .comment       0x0000007e       0x7f ./source/drivers/src/leds.o
 .comment       0x0000007e       0x7f ./source/drivers/src/magDriver.o
 .comment       0x0000007e       0x7f ./source/MCAL/gpio.o
 .comment       0x0000007e       0x7f ./source/App.o
 .comment       0x0000007e       0x7f ./SDK/startup/hardware.o
 .comment       0x0000007e       0x7f ./SDK/startup/main.o
 .comment       0x0000007e       0x7f ./SDK/startup/semihost_hardfault.o
 .comment       0x0000007e       0x7f ./SDK/startup/startup_mk64f12.o
 .comment       0x0000007e       0x7f ./SDK/CMSIS/system_MK64F12.o
 .comment       0x0000007e       0x7f f:/mcuxpressoide_10.2.0_759/ide/tools/bin/../lib/gcc/arm-none-eabi/7.2.1/../../../../arm-none-eabi/lib/thumb/v7e-m/fpv4-sp/hard\libcr_c.a(alloc.o)
 .comment       0x0000007e       0x7f f:/mcuxpressoide_10.2.0_759/ide/tools/bin/../lib/gcc/arm-none-eabi/7.2.1/../../../../arm-none-eabi/lib/thumb/v7e-m/fpv4-sp/hard\libcr_c.a(fpprintf.o)
 .comment       0x0000007e       0x7f f:/mcuxpressoide_10.2.0_759/ide/tools/bin/../lib/gcc/arm-none-eabi/7.2.1/../../../../arm-none-eabi/lib/thumb/v7e-m/fpv4-sp/hard\libcr_c.a(printf.o)
 .comment       0x0000007e       0x7f f:/mcuxpressoide_10.2.0_759/ide/tools/bin/../lib/gcc/arm-none-eabi/7.2.1/../../../../arm-none-eabi/lib/thumb/v7e-m/fpv4-sp/hard\libcr_c.a(strlen.o)
 .comment       0x0000007e       0x7f f:/mcuxpressoide_10.2.0_759/ide/tools/bin/../lib/gcc/arm-none-eabi/7.2.1/../../../../arm-none-eabi/lib/thumb/v7e-m/fpv4-sp/hard\libcr_c.a(memcpy.o)
 .comment       0x0000007e       0x7f f:/mcuxpressoide_10.2.0_759/ide/tools/bin/../lib/gcc/arm-none-eabi/7.2.1/../../../../arm-none-eabi/lib/thumb/v7e-m/fpv4-sp/hard\libcr_c.a(memset.o)
 .comment       0x0000007e       0x7f f:/mcuxpressoide_10.2.0_759/ide/tools/bin/../lib/gcc/arm-none-eabi/7.2.1/../../../../arm-none-eabi/lib/thumb/v7e-m/fpv4-sp/hard\libcr_c.a(__init_alloc.o)
 .comment       0x0000007e       0x7f f:/mcuxpressoide_10.2.0_759/ide/tools/bin/../lib/gcc/arm-none-eabi/7.2.1/../../../../arm-none-eabi/lib/thumb/v7e-m/fpv4-sp/hard\libcr_c.a(_cr_sbrk.o)
 .comment       0x0000007e       0x7f f:/mcuxpressoide_10.2.0_759/ide/tools/bin/../lib/gcc/arm-none-eabi/7.2.1/../../../../arm-none-eabi/lib/thumb/v7e-m/fpv4-sp/hard\libcr_c.a(_deferredlazyseek.o)
 .comment       0x0000007e       0x7f f:/mcuxpressoide_10.2.0_759/ide/tools/bin/../lib/gcc/arm-none-eabi/7.2.1/../../../../arm-none-eabi/lib/thumb/v7e-m/fpv4-sp/hard\libcr_c.a(_fflush.o)
 .comment       0x0000007e       0x7f f:/mcuxpressoide_10.2.0_759/ide/tools/bin/../lib/gcc/arm-none-eabi/7.2.1/../../../../arm-none-eabi/lib/thumb/v7e-m/fpv4-sp/hard\libcr_c.a(_frexpl.o)
 .comment       0x0000007e       0x7f f:/mcuxpressoide_10.2.0_759/ide/tools/bin/../lib/gcc/arm-none-eabi/7.2.1/../../../../arm-none-eabi/lib/thumb/v7e-m/fpv4-sp/hard\libcr_c.a(_ldexpl.o)
 .comment       0x0000007e       0x7f f:/mcuxpressoide_10.2.0_759/ide/tools/bin/../lib/gcc/arm-none-eabi/7.2.1/../../../../arm-none-eabi/lib/thumb/v7e-m/fpv4-sp/hard\libcr_c.a(_writebuf.o)
 .comment       0x0000007e       0x7f f:/mcuxpressoide_10.2.0_759/ide/tools/bin/../lib/gcc/arm-none-eabi/7.2.1/../../../../arm-none-eabi/lib/thumb/v7e-m/fpv4-sp/hard\libcr_c.a(errno.o)
 .comment       0x0000007e       0x7f f:/mcuxpressoide_10.2.0_759/ide/tools/bin/../lib/gcc/arm-none-eabi/7.2.1/../../../../arm-none-eabi/lib/thumb/v7e-m/fpv4-sp/hard\libcr_c.a(fseek.o)
 .comment       0x0000007e       0x7f f:/mcuxpressoide_10.2.0_759/ide/tools/bin/../lib/gcc/arm-none-eabi/7.2.1/../../../../arm-none-eabi/lib/thumb/v7e-m/fpv4-sp/hard\libcr_c.a(ftell.o)
 .comment       0x0000007e       0x7f f:/mcuxpressoide_10.2.0_759/ide/tools/bin/../lib/gcc/arm-none-eabi/7.2.1/../../../../arm-none-eabi/lib/thumb/v7e-m/fpv4-sp/hard\libcr_c.a(_cr_check_heap.o)
 .comment       0x0000007e       0x7f f:/mcuxpressoide_10.2.0_759/ide/tools/bin/../lib/gcc/arm-none-eabi/7.2.1/../../../../arm-none-eabi/lib/thumb/v7e-m/fpv4-sp/hard\libcr_c.a(_hugeval.o)
 .comment       0x0000007e       0x7f f:/mcuxpressoide_10.2.0_759/ide/tools/bin/../lib/gcc/arm-none-eabi/7.2.1/thumb/v7e-m/fpv4-sp/hard\libcr_eabihelpers.a(double.o)
 .comment       0x0000007e       0x7f f:/mcuxpressoide_10.2.0_759/ide/tools/bin/../lib/gcc/arm-none-eabi/7.2.1/../../../../arm-none-eabi/lib/thumb/v7e-m/fpv4-sp/hard\libcr_semihost_nf.a(__ciob.o)

.ARM.attributes
                0x00000000       0x37
 .ARM.attributes
                0x00000000       0x39 ./source/timer/SysTick.o
 .ARM.attributes
                0x00000039       0x39 ./source/timer/timer.o
 .ARM.attributes
                0x00000072       0x39 ./source/drivers/src/display.o
 .ARM.attributes
                0x000000ab       0x39 ./source/drivers/src/encoder.o
 .ARM.attributes
                0x000000e4       0x39 ./source/drivers/src/leds.o
 .ARM.attributes
                0x0000011d       0x39 ./source/drivers/src/magDriver.o
 .ARM.attributes
                0x00000156       0x39 ./source/MCAL/gpio.o
 .ARM.attributes
                0x0000018f       0x39 ./source/App.o
 .ARM.attributes
                0x000001c8       0x39 ./SDK/startup/hardware.o
 .ARM.attributes
                0x00000201       0x39 ./SDK/startup/main.o
 .ARM.attributes
                0x0000023a       0x39 ./SDK/startup/semihost_hardfault.o
 .ARM.attributes
                0x00000273       0x39 ./SDK/startup/startup_mk64f12.o
 .ARM.attributes
                0x000002ac       0x39 ./SDK/CMSIS/system_MK64F12.o
 .ARM.attributes
                0x000002e5       0x39 f:/mcuxpressoide_10.2.0_759/ide/tools/bin/../lib/gcc/arm-none-eabi/7.2.1/../../../../arm-none-eabi/lib/thumb/v7e-m/fpv4-sp/hard\libcr_c.a(alloc.o)
 .ARM.attributes
                0x0000031e       0x39 f:/mcuxpressoide_10.2.0_759/ide/tools/bin/../lib/gcc/arm-none-eabi/7.2.1/../../../../arm-none-eabi/lib/thumb/v7e-m/fpv4-sp/hard\libcr_c.a(fpprintf.o)
 .ARM.attributes
                0x00000357       0x39 f:/mcuxpressoide_10.2.0_759/ide/tools/bin/../lib/gcc/arm-none-eabi/7.2.1/../../../../arm-none-eabi/lib/thumb/v7e-m/fpv4-sp/hard\libcr_c.a(printf.o)
 .ARM.attributes
                0x00000390       0x39 f:/mcuxpressoide_10.2.0_759/ide/tools/bin/../lib/gcc/arm-none-eabi/7.2.1/../../../../arm-none-eabi/lib/thumb/v7e-m/fpv4-sp/hard\libcr_c.a(strlen.o)
 .ARM.attributes
                0x000003c9       0x39 f:/mcuxpressoide_10.2.0_759/ide/tools/bin/../lib/gcc/arm-none-eabi/7.2.1/../../../../arm-none-eabi/lib/thumb/v7e-m/fpv4-sp/hard\libcr_c.a(memcpy.o)
 .ARM.attributes
                0x00000402       0x39 f:/mcuxpressoide_10.2.0_759/ide/tools/bin/../lib/gcc/arm-none-eabi/7.2.1/../../../../arm-none-eabi/lib/thumb/v7e-m/fpv4-sp/hard\libcr_c.a(memset.o)
 .ARM.attributes
                0x0000043b       0x39 f:/mcuxpressoide_10.2.0_759/ide/tools/bin/../lib/gcc/arm-none-eabi/7.2.1/../../../../arm-none-eabi/lib/thumb/v7e-m/fpv4-sp/hard\libcr_c.a(__init_alloc.o)
 .ARM.attributes
                0x00000474       0x39 f:/mcuxpressoide_10.2.0_759/ide/tools/bin/../lib/gcc/arm-none-eabi/7.2.1/../../../../arm-none-eabi/lib/thumb/v7e-m/fpv4-sp/hard\libcr_c.a(_cr_sbrk.o)
 .ARM.attributes
                0x000004ad       0x39 f:/mcuxpressoide_10.2.0_759/ide/tools/bin/../lib/gcc/arm-none-eabi/7.2.1/../../../../arm-none-eabi/lib/thumb/v7e-m/fpv4-sp/hard\libcr_c.a(_deferredlazyseek.o)
 .ARM.attributes
                0x000004e6       0x39 f:/mcuxpressoide_10.2.0_759/ide/tools/bin/../lib/gcc/arm-none-eabi/7.2.1/../../../../arm-none-eabi/lib/thumb/v7e-m/fpv4-sp/hard\libcr_c.a(_fflush.o)
 .ARM.attributes
                0x0000051f       0x39 f:/mcuxpressoide_10.2.0_759/ide/tools/bin/../lib/gcc/arm-none-eabi/7.2.1/../../../../arm-none-eabi/lib/thumb/v7e-m/fpv4-sp/hard\libcr_c.a(_frexpl.o)
 .ARM.attributes
                0x00000558       0x39 f:/mcuxpressoide_10.2.0_759/ide/tools/bin/../lib/gcc/arm-none-eabi/7.2.1/../../../../arm-none-eabi/lib/thumb/v7e-m/fpv4-sp/hard\libcr_c.a(_ldexpl.o)
 .ARM.attributes
                0x00000591       0x39 f:/mcuxpressoide_10.2.0_759/ide/tools/bin/../lib/gcc/arm-none-eabi/7.2.1/../../../../arm-none-eabi/lib/thumb/v7e-m/fpv4-sp/hard\libcr_c.a(_writebuf.o)
 .ARM.attributes
                0x000005ca       0x39 f:/mcuxpressoide_10.2.0_759/ide/tools/bin/../lib/gcc/arm-none-eabi/7.2.1/../../../../arm-none-eabi/lib/thumb/v7e-m/fpv4-sp/hard\libcr_c.a(errno.o)
 .ARM.attributes
                0x00000603       0x39 f:/mcuxpressoide_10.2.0_759/ide/tools/bin/../lib/gcc/arm-none-eabi/7.2.1/../../../../arm-none-eabi/lib/thumb/v7e-m/fpv4-sp/hard\libcr_c.a(fseek.o)
 .ARM.attributes
                0x0000063c       0x39 f:/mcuxpressoide_10.2.0_759/ide/tools/bin/../lib/gcc/arm-none-eabi/7.2.1/../../../../arm-none-eabi/lib/thumb/v7e-m/fpv4-sp/hard\libcr_c.a(ftell.o)
 .ARM.attributes
                0x00000675       0x39 f:/mcuxpressoide_10.2.0_759/ide/tools/bin/../lib/gcc/arm-none-eabi/7.2.1/../../../../arm-none-eabi/lib/thumb/v7e-m/fpv4-sp/hard\libcr_c.a(_cr_check_heap.o)
 .ARM.attributes
                0x000006ae       0x39 f:/mcuxpressoide_10.2.0_759/ide/tools/bin/../lib/gcc/arm-none-eabi/7.2.1/../../../../arm-none-eabi/lib/thumb/v7e-m/fpv4-sp/hard\libcr_c.a(_hugeval.o)
 .ARM.attributes
                0x000006e7       0x39 f:/mcuxpressoide_10.2.0_759/ide/tools/bin/../lib/gcc/arm-none-eabi/7.2.1/thumb/v7e-m/fpv4-sp/hard\libcr_eabihelpers.a(double.o)
 .ARM.attributes
                0x00000720       0x25 f:/mcuxpressoide_10.2.0_759/ide/tools/bin/../lib/gcc/arm-none-eabi/7.2.1/thumb/v7e-m/fpv4-sp/hard\libcr_eabihelpers.a(memcpy.o)
 .ARM.attributes
                0x00000745       0x39 f:/mcuxpressoide_10.2.0_759/ide/tools/bin/../lib/gcc/arm-none-eabi/7.2.1/../../../../arm-none-eabi/lib/thumb/v7e-m/fpv4-sp/hard\libcr_semihost_nf.a(__ciob.o)
 .ARM.attributes
                0x0000077e       0x25 f:/mcuxpressoide_10.2.0_759/ide/tools/bin/../lib/gcc/arm-none-eabi/7.2.1/../../../../arm-none-eabi/lib/thumb/v7e-m/fpv4-sp/hard\libcr_semihost_nf.a(__sys_appexit.o)
 .ARM.attributes
                0x000007a3       0x25 f:/mcuxpressoide_10.2.0_759/ide/tools/bin/../lib/gcc/arm-none-eabi/7.2.1/../../../../arm-none-eabi/lib/thumb/v7e-m/fpv4-sp/hard\libcr_semihost_nf.a(__sys_flen.o)
 .ARM.attributes
                0x000007c8       0x25 f:/mcuxpressoide_10.2.0_759/ide/tools/bin/../lib/gcc/arm-none-eabi/7.2.1/../../../../arm-none-eabi/lib/thumb/v7e-m/fpv4-sp/hard\libcr_semihost_nf.a(__sys_istty.o)
 .ARM.attributes
                0x000007ed       0x25 f:/mcuxpressoide_10.2.0_759/ide/tools/bin/../lib/gcc/arm-none-eabi/7.2.1/../../../../arm-none-eabi/lib/thumb/v7e-m/fpv4-sp/hard\libcr_semihost_nf.a(__sys_seek.o)
 .ARM.attributes
                0x00000812       0x25 f:/mcuxpressoide_10.2.0_759/ide/tools/bin/../lib/gcc/arm-none-eabi/7.2.1/../../../../arm-none-eabi/lib/thumb/v7e-m/fpv4-sp/hard\libcr_semihost_nf.a(__sys_write.o)

.debug_frame    0x00000000     0x1444
 .debug_frame   0x00000000       0x88 ./source/timer/SysTick.o
 .debug_frame   0x00000088      0x184 ./source/timer/timer.o
 .debug_frame   0x0000020c      0x19c ./source/drivers/src/display.o
 .debug_frame   0x000003a8       0xcc ./source/drivers/src/encoder.o
 .debug_frame   0x00000474       0xec ./source/drivers/src/leds.o
 .debug_frame   0x00000560      0x1c4 ./source/drivers/src/magDriver.o
 .debug_frame   0x00000724       0xd8 ./source/MCAL/gpio.o
 .debug_frame   0x000007fc      0x214 ./source/App.o
 .debug_frame   0x00000a10       0x70 ./SDK/startup/hardware.o
 .debug_frame   0x00000a80       0x2c ./SDK/startup/main.o
 .debug_frame   0x00000aac       0x20 ./SDK/startup/semihost_hardfault.o
 .debug_frame   0x00000acc      0x904 ./SDK/startup/startup_mk64f12.o
 .debug_frame   0x000013d0       0x74 ./SDK/CMSIS/system_MK64F12.o
